 SysStatus

 Timestamp is 5d1223a2 (Tue Jun 25 10:37:38 2019)

 Preferred load address is 00400000

 Start         Length     Name                   Class
 0001:00000000 00000040H .text$di                CODE
 0001:00000040 0002fbf0H .text$mn                CODE
 0001:0002fc30 000018f0H .text$x                 CODE
 0001:00031520 00000076H .text$yd                CODE
 0002:00000000 00000304H .idata$5                DATA
 0002:00000304 00000004H .00cfg                  DATA
 0002:00000308 00000004H .CRT$XCA                DATA
 0002:0000030c 00000004H .CRT$XCAA               DATA
 0002:00000310 00000004H .CRT$XCL                DATA
 0002:00000314 00000008H .CRT$XCU                DATA
 0002:0000031c 00000004H .CRT$XCZ                DATA
 0002:00000320 00000004H .CRT$XIA                DATA
 0002:00000324 00000004H .CRT$XIAA               DATA
 0002:00000328 00000004H .CRT$XIAC               DATA
 0002:0000032c 00000010H .CRT$XIC                DATA
 0002:0000033c 00000004H .CRT$XIZ                DATA
 0002:00000340 00000004H .CRT$XPA                DATA
 0002:00000344 00000008H .CRT$XPX                DATA
 0002:0000034c 00000004H .CRT$XPXA               DATA
 0002:00000350 00000004H .CRT$XPZ                DATA
 0002:00000354 00000004H .CRT$XTA                DATA
 0002:00000358 00000008H .CRT$XTZ                DATA
 0002:0000035c 00000000H .gfids$y                DATA
 0002:00000360 00013bf0H .rdata                  DATA
 0002:00013f50 000002b0H .rdata$r                DATA
 0002:00014200 00000134H .rdata$sxdata           DATA
 0002:00014334 0000035cH .rdata$zzzdbg           DATA
 0002:00014690 00000004H .rtc$IAA                DATA
 0002:00014694 00000004H .rtc$IZZ                DATA
 0002:00014698 00000004H .rtc$TAA                DATA
 0002:0001469c 00000004H .rtc$TZZ                DATA
 0002:000146a0 00001f2cH .xdata$x                DATA
 0002:000165cc 00000000H ATL$__a                 DATA
 0002:000165cc 00000000H ATL$__z                 DATA
 0002:000165cc 00000000H .edata                  DATA
 0002:000165cc 000000dcH .idata$2                DATA
 0002:000166a8 00000014H .idata$3                DATA
 0002:000166bc 00000304H .idata$4                DATA
 0002:000169c0 00000d82H .idata$6                DATA
 0003:00000000 00006330H .data                   DATA
 0003:00006330 00000160H .data$r                 DATA
 0003:00006490 00000f4cH .bss                    DATA

  Address         Publics by Value              Rva+Base       Lib:Object

 0000:00000000       ___guard_longjmp_table     00000000     <absolute>
 0000:00000000       ___hybrid_code_map_count   00000000     <absolute>
 0000:00000000       ___guard_fids_table        00000000     <absolute>
 0000:00000000       ___volatile_metadata       00000000     <absolute>
 0000:00000000       ___hybrid_auxiliary_iat    00000000     <absolute>
 0000:00000000       ___guard_iat_table         00000000     <absolute>
 0000:00000000       ___guard_fids_count        00000000     <absolute>
 0000:00000000       ___guard_iat_count         00000000     <absolute>
 0000:00000000       ___dynamic_value_reloc_table 00000000     <absolute>
 0000:00000000       ___guard_longjmp_count     00000000     <absolute>
 0000:00000000       ___enclave_config          00000000     <absolute>
 0000:00000000       __except_list              00000000     <absolute>
 0000:00000000       ___hybrid_code_map         00000000     <absolute>
 0000:0000004d       ___safe_se_handler_count   0000004d     <absolute>
 0000:00000100       ___guard_flags             00000100     <absolute>
 0000:00000000       ___ImageBase               00400000     <linker-defined>
 0001:00000040       ___local_stdio_printf_options 00401040 f i MonitorIPs.obj
 0001:00000050       __vsnprintf_l              00401050 f i MonitorIPs.obj
 0001:00000090       __snprintf                 00401090 f i MonitorIPs.obj
 0001:000000b0       ?s_OnChange@MonitorIPs@@KGXPAXE@Z 004010b0 f i MonitorIPs.obj
 0001:00000100       ?assign@?$basic_string@DU?$char_traits@D@std@@V?$allocator@D@2@@std@@QAEAAV12@QBD@Z 00401100 f i MonitorIPs.obj
 0001:00000130       ?append@?$basic_string@DU?$char_traits@D@std@@V?$allocator@D@2@@std@@QAEAAV12@QBD@Z 00401130 f i MonitorIPs.obj
 0001:000001a0       ??1?$basic_string@DU?$char_traits@D@std@@V?$allocator@D@2@@std@@QAE@XZ 004011a0 f i MonitorIPs.obj
 0001:00000220       ??0?$basic_string@DU?$char_traits@D@std@@V?$allocator@D@2@@std@@QAE@ABV01@@Z 00401220 f i MonitorIPs.obj
 0001:000002e0       ?_Destroy@?$vector@V?$basic_string@DU?$char_traits@D@std@@V?$allocator@D@2@@std@@V?$allocator@V?$basic_string@DU?$char_traits@D@std@@V?$allocator@D@2@@std@@@2@@std@@AAEXPAV?$basic_string@DU?$char_traits@D@std@@V?$allocator@D@2@@2@0@Z 004012e0 f i MonitorIPs.obj
 0001:00000300       ?_Tidy_deallocate@?$basic_string@DU?$char_traits@D@std@@V?$allocator@D@2@@std@@QAEXXZ 00401300 f i MonitorIPs.obj
 0001:00000350       ?assign@?$basic_string@DU?$char_traits@D@std@@V?$allocator@D@2@@std@@QAEAAV12@QBDI@Z 00401350 f i MonitorIPs.obj
 0001:00000480       ?deallocate@?$allocator@V?$basic_string@DU?$char_traits@D@std@@V?$allocator@D@2@@std@@@std@@QAEXQAV?$basic_string@DU?$char_traits@D@std@@V?$allocator@D@2@@2@I@Z 00401480 f i MonitorIPs.obj
 0001:000004c0       ??$_Emplace_reallocate@ABV?$basic_string@DU?$char_traits@D@std@@V?$allocator@D@2@@std@@@?$vector@V?$basic_string@DU?$char_traits@D@std@@V?$allocator@D@2@@std@@V?$allocator@V?$basic_string@DU?$char_traits@D@std@@V?$allocator@D@2@@std@@@2@@std@@QAEPAV?$basic_string@DU?$char_traits@D@std@@V?$allocator@D@2@@1@QAV21@ABV21@@Z 004014c0 f i MonitorIPs.obj
 0001:00000680       ??$_Destroy_range@V?$allocator@V?$basic_string@DU?$char_traits@D@std@@V?$allocator@D@2@@std@@@std@@@std@@YAXPAV?$basic_string@DU?$char_traits@D@std@@V?$allocator@D@2@@0@0AAV?$allocator@V?$basic_string@DU?$char_traits@D@std@@V?$allocator@D@2@@std@@@0@@Z 00401680 f i MonitorIPs.obj
 0001:000006e0       ??$_Reallocate_grow_by@V<lambda_ab246b20b9526e2ef7792587e4298a77>@@PBDI@?$basic_string@DU?$char_traits@D@std@@V?$allocator@D@2@@std@@QAEAAV01@IV<lambda_ab246b20b9526e2ef7792587e4298a77>@@PBDI@Z 004016e0 f i MonitorIPs.obj
 0001:00000830       ?_Xlength@?$vector@GV?$allocator@G@std@@@std@@CAXXZ 00401830 f i WMI.obj
 0001:00000830       ?_Xlength@?$vector@V?$basic_string@DU?$char_traits@D@std@@V?$allocator@D@2@@std@@V?$allocator@V?$basic_string@DU?$char_traits@D@std@@V?$allocator@D@2@@std@@@2@@std@@CAXXZ 00401830 f i MonitorIPs.obj
 0001:00000830       ?_Xlength@?$vector@MV?$allocator@M@std@@@std@@CAXXZ 00401830 f i WMI.obj
 0001:00000830       ?_Xlength@?$vector@EV?$allocator@E@std@@@std@@CAXXZ 00401830 f i SysStatus.obj
 0001:00000830       ?_Xlength@?$vector@KV?$allocator@K@std@@@std@@CAXXZ 00401830 f i WMI.obj
 0001:00000830       ?_Xlength@?$vector@PA_WV?$allocator@PA_W@std@@@std@@CAXXZ 00401830 f i WMI.obj
 0001:00000830       ?_Xlength@?$vector@PAXV?$allocator@PAX@std@@@std@@CAXXZ 00401830 f i SysStatus.obj
 0001:00000830       ?_Xlength@?$vector@NV?$allocator@N@std@@@std@@CAXXZ 00401830 f i WMI.obj
 0001:00000830       ?_Xlength@?$vector@_KV?$allocator@_K@std@@@std@@CAXXZ 00401830 f i WMI.obj
 0001:00000840       ?_Change_array@?$vector@V?$basic_string@DU?$char_traits@D@std@@V?$allocator@D@2@@std@@V?$allocator@V?$basic_string@DU?$char_traits@D@std@@V?$allocator@D@2@@std@@@2@@std@@AAEXQAV?$basic_string@DU?$char_traits@D@std@@V?$allocator@D@2@@2@II@Z 00401840 f i MonitorIPs.obj
 0001:000008d0       ?_Xlen@?$basic_string@DU?$char_traits@D@std@@V?$allocator@D@2@@std@@SAXXZ 004018d0 f i MonitorIPs.obj
 0001:000008e0       ??$_Uninitialized_move@PAV?$basic_string@DU?$char_traits@D@std@@V?$allocator@D@2@@std@@PAV12@V?$allocator@V?$basic_string@DU?$char_traits@D@std@@V?$allocator@D@2@@std@@@2@@std@@YAPAV?$basic_string@DU?$char_traits@D@std@@V?$allocator@D@2@@0@QAV10@0PAV10@AAV?$allocator@V?$basic_string@DU?$char_traits@D@std@@V?$allocator@D@2@@std@@@0@@Z 004018e0 f i MonitorIPs.obj
 0001:00000990       ??1?$_Uninitialized_backout_al@PAV?$basic_string@DU?$char_traits@D@std@@V?$allocator@D@2@@std@@V?$allocator@V?$basic_string@DU?$char_traits@D@std@@V?$allocator@D@2@@std@@@2@@std@@QAE@XZ 00401990 f i MonitorIPs.obj
 0001:000009a0       ??0exception@std@@QAE@QBD@Z 004019a0 f i SysStatus.obj
 0001:00000a10       ??0exception@std@@QAE@ABV01@@Z 00401a10 f i SysStatus.obj
 0001:00000a70       ??1exception@std@@UAE@XZ   00401a70 f i SysStatus.obj
 0001:00000ac0       ?what@exception@std@@UBEPBDXZ 00401ac0 f i SysStatus.obj
 0001:00000ad0       ??_Eexception@std@@UAEPAXI@Z 00401ad0 f i * CIL library *:* CIL module *
 0001:00000ad0       ??_Gexception@std@@UAEPAXI@Z 00401ad0 f i SysStatus.obj
 0001:00000b30       _sprintf                   00401b30 f i SysStatus.obj
 0001:00000b50       ??0runtime_error@std@@QAE@ABV?$basic_string@DU?$char_traits@D@std@@V?$allocator@D@2@@1@@Z 00401b50 f i SysStatus.obj
 0001:00000be0       ??_Eruntime_error@std@@UAEPAXI@Z 00401be0 f i * CIL library *:* CIL module *
 0001:00000be0       ??_Gruntime_error@std@@UAEPAXI@Z 00401be0 f i SysStatus.obj
 0001:00000c50       ??1runtime_error@std@@UAE@XZ 00401c50 f i SysStatus.obj
 0001:00000ca0       ??0runtime_error@std@@QAE@ABV01@@Z 00401ca0 f i SysStatus.obj
 0001:00000d20       ??1PBuffer@@QAE@XZ         00401d20 f i SysStatus.obj
 0001:00000d50       ?GetVendorString@USB@@SAPADG@Z 00401d50 f i SysStatus.obj
 0001:00000d90       ??1MonitorIPs@@QAE@XZ      00401d90 f i SysStatus.obj
 0001:00000e20       ??1?$vector@EV?$allocator@E@std@@@std@@QAE@XZ 00401e20 f i SysStatus.obj
 0001:00000ea0       ??0?$vector@EV?$allocator@E@std@@@std@@QAE@IABV?$allocator@E@1@@Z 00401ea0 f i SysStatus.obj
 0001:00000f90       ??1?$vector@MV?$allocator@M@std@@@std@@QAE@XZ 00401f90 f i WMI.obj
 0001:00000f90       ??1?$vector@PAXV?$allocator@PAX@std@@@std@@QAE@XZ 00401f90 f i SysStatus.obj
 0001:00000f90       ??1?$vector@KV?$allocator@K@std@@@std@@QAE@XZ 00401f90 f i WMI.obj
 0001:00000f90       ??1?$vector@PA_WV?$allocator@PA_W@std@@@std@@QAE@XZ 00401f90 f i WMI.obj
 0001:00001020       ??0?$vector@PAXV?$allocator@PAX@std@@@std@@QAE@IABV?$allocator@PAX@1@@Z 00402020 f i SysStatus.obj
 0001:000010f0       ??1?$vector@V?$basic_string@DU?$char_traits@D@std@@V?$allocator@D@2@@std@@V?$allocator@V?$basic_string@DU?$char_traits@D@std@@V?$allocator@D@2@@std@@@2@@std@@QAE@XZ 004020f0 f i SysStatus.obj
 0001:00001130       ?append@?$basic_string@DU?$char_traits@D@std@@V?$allocator@D@2@@std@@QAEAAV12@ABV12@@Z 00402130 f i SysStatus.obj
 0001:000011b0       ??0?$basic_string@DU?$char_traits@D@std@@V?$allocator@D@2@@std@@QAE@QBD@Z 004021b0 f i SysStatus.obj
 0001:000011f0       ?_Tidy@?$vector@EV?$allocator@E@std@@@std@@AAEXXZ 004021f0 f i SysStatus.obj
 0001:00001240       ?_Xrange@?$vector@PAXV?$allocator@PAX@std@@@std@@CAXXZ 00402240 f i SysStatus.obj
 0001:00001240       ?_Xrange@?$vector@V?$basic_string@DU?$char_traits@D@std@@V?$allocator@D@2@@std@@V?$allocator@V?$basic_string@DU?$char_traits@D@std@@V?$allocator@D@2@@std@@@2@@std@@CAXXZ 00402240 f i SysStatus.obj
 0001:00001250       ?_Tidy@?$vector@PAXV?$allocator@PAX@std@@@std@@AAEXXZ 00402250 f i SysStatus.obj
 0001:000012b0       ?_Tidy@?$vector@V?$basic_string@DU?$char_traits@D@std@@V?$allocator@D@2@@std@@V?$allocator@V?$basic_string@DU?$char_traits@D@std@@V?$allocator@D@2@@std@@@2@@std@@AAEXXZ 004022b0 f i SysStatus.obj
 0001:00001330       ?deallocate@?$allocator@E@std@@QAEXQAEI@Z 00402330 f i SysStatus.obj
 0001:00001370       ?deallocate@?$allocator@PAX@std@@QAEXQAPAXI@Z 00402370 f i SysStatus.obj
 0001:00001370       ?deallocate@?$allocator@M@std@@QAEXQAMI@Z 00402370 f i WMI.obj
 0001:00001370       ?deallocate@?$allocator@K@std@@QAEXQAKI@Z 00402370 f i WMI.obj
 0001:00001370       ?deallocate@?$allocator@PA_W@std@@QAEXQAPA_WI@Z 00402370 f i WMI.obj
 0001:000013b0       ??$_Emplace_reallocate@ABQAX@?$vector@PAXV?$allocator@PAX@std@@@std@@QAEPAPAXQAPAXABQAX@Z 004023b0 f i SysStatus.obj
 0001:00001580       ?_Umove@?$vector@PAXV?$allocator@PAX@std@@@std@@AAEPAPAXPAPAX00@Z 00402580 f i SysStatus.obj
 0001:000015b0       ??$_Assign_range@PAV?$basic_string@DU?$char_traits@D@std@@V?$allocator@D@2@@std@@@?$vector@V?$basic_string@DU?$char_traits@D@std@@V?$allocator@D@2@@std@@V?$allocator@V?$basic_string@DU?$char_traits@D@std@@V?$allocator@D@2@@std@@@2@@std@@AAEXPAV?$basic_string@DU?$char_traits@D@std@@V?$allocator@D@2@@1@0Uforward_iterator_tag@1@@Z 004025b0 f i SysStatus.obj
 0001:00001710       ?_Buy@?$vector@V?$basic_string@DU?$char_traits@D@std@@V?$allocator@D@2@@std@@V?$allocator@V?$basic_string@DU?$char_traits@D@std@@V?$allocator@D@2@@std@@@2@@std@@AAE_NI@Z 00402710 f i SysStatus.obj
 0001:000017d0       ??$_Ucopy@PBV?$basic_string@DU?$char_traits@D@std@@V?$allocator@D@2@@std@@@?$vector@V?$basic_string@DU?$char_traits@D@std@@V?$allocator@D@2@@std@@V?$allocator@V?$basic_string@DU?$char_traits@D@std@@V?$allocator@D@2@@std@@@2@@std@@AAEPAV?$basic_string@DU?$char_traits@D@std@@V?$allocator@D@2@@1@PBV21@0PAV21@@Z 004027d0 f i WMI.obj
 0001:000017d0       ??$_Ucopy@PAV?$basic_string@DU?$char_traits@D@std@@V?$allocator@D@2@@std@@@?$vector@V?$basic_string@DU?$char_traits@D@std@@V?$allocator@D@2@@std@@V?$allocator@V?$basic_string@DU?$char_traits@D@std@@V?$allocator@D@2@@std@@@2@@std@@AAEPAV?$basic_string@DU?$char_traits@D@std@@V?$allocator@D@2@@1@PAV21@00@Z 004027d0 f i SysStatus.obj
 0001:00001860       ??$_Copy_unchecked@PAV?$basic_string@DU?$char_traits@D@std@@V?$allocator@D@2@@std@@PAV12@@std@@YAPAV?$basic_string@DU?$char_traits@D@std@@V?$allocator@D@2@@0@PAV10@00@Z 00402860 f i SysStatus.obj
 0001:000018a0       ??$_Ptr_move_cat@KK@std@@YA?AU_Really_trivial_ptr_iterator_tag@0@ABQAK0@Z 004028a0 f i WMI.obj
 0001:000018a0       ??$_Ptr_move_cat@_K_K@std@@YA?AU_Really_trivial_ptr_iterator_tag@0@ABQA_K0@Z 004028a0 f i WMI.obj
 0001:000018a0       ??$_Ptr_copy_cat@PAV?$basic_string@DU?$char_traits@D@std@@V?$allocator@D@2@@std@@PAV12@@std@@YA?AU_Really_trivial_ptr_iterator_tag@0@ABQAPAV?$basic_string@DU?$char_traits@D@std@@V?$allocator@D@2@@0@0@Z 004028a0 f i xmlwriter.obj
 0001:000018a0       ??$_Ptr_move_cat@MM@std@@YA?AU_Really_trivial_ptr_iterator_tag@0@ABQAM0@Z 004028a0 f i WMI.obj
 0001:000018a0       ??$_Ptr_move_cat@NN@std@@YA?AU_Really_trivial_ptr_iterator_tag@0@ABQAN0@Z 004028a0 f i WMI.obj
 0001:000018a0       ??$_Ptr_move_cat@GG@std@@YA?AU_Really_trivial_ptr_iterator_tag@0@ABQAG0@Z 004028a0 f i WMI.obj
 0001:000018a0       ??$_Ptr_move_cat@PAXPAX@std@@YA?AU_Really_trivial_ptr_iterator_tag@0@ABQAPAX0@Z 004028a0 f i SysStatus.obj
 0001:000018a0       ??$_Ptr_move_cat@PA_WPA_W@std@@YA?AU_Really_trivial_ptr_iterator_tag@0@ABQAPA_W0@Z 004028a0 f i WMI.obj
 0001:000018a0       ??$_Ptr_move_cat@EE@std@@YA?AU_Really_trivial_ptr_iterator_tag@0@ABQAE0@Z 004028a0 f i WMI.obj
 0001:000018b0       ?PushBackDetails@USB@@IAEXABV?$basic_string@DU?$char_traits@D@std@@V?$allocator@D@2@@std@@@Z 004028b0 f i USB.obj
 0001:00001910       ??0_bstr_t@@QAE@PBD@Z      00402910 f i WMI.obj
 0001:000019a0       ??1_bstr_t@@QAE@XZ         004029a0 f i WMI.obj
 0001:00001a30       ??0CAtlException@ATL@@QAE@J@Z 00402a30 f i WMI.obj
 0001:00001a40       ?AtlThrowImpl@ATL@@YGXJ@Z  00402a40 f i WMI.obj
 0001:00001a60       ?Init@CComCriticalSection@ATL@@QAEJXZ 00402a60 f i WMI.obj
 0001:00001ad0       ??1?$vector@_KV?$allocator@_K@std@@@std@@QAE@XZ 00402ad0 f i WMI.obj
 0001:00001ad0       ??1?$vector@NV?$allocator@N@std@@@std@@QAE@XZ 00402ad0 f i WMI.obj
 0001:00001b60       ??1?$vector@GV?$allocator@G@std@@@std@@QAE@XZ 00402b60 f i WMI.obj
 0001:00001bf0       ?deallocate@?$allocator@N@std@@QAEXQANI@Z 00402bf0 f i WMI.obj
 0001:00001bf0       ?deallocate@?$allocator@_K@std@@QAEXQA_KI@Z 00402bf0 f i WMI.obj
 0001:00001c30       ?deallocate@?$allocator@G@std@@QAEXQAGI@Z 00402c30 f i WMI.obj
 0001:00001c70       ??$FromVariant@E@@YAXUtagVARIANT@@AAV?$vector@EV?$allocator@E@std@@@std@@@Z 00402c70 f i WMI.obj
 0001:00001e10       ??$FromVariant@G@@YAXUtagVARIANT@@AAV?$vector@GV?$allocator@G@std@@@std@@@Z 00402e10 f i WMI.obj
 0001:00001fb0       ??$FromVariant@K@@YAXUtagVARIANT@@AAV?$vector@KV?$allocator@K@std@@@std@@@Z 00402fb0 f i WMI.obj
 0001:00002150       ??$FromVariant@_K@@YAXUtagVARIANT@@AAV?$vector@_KV?$allocator@_K@std@@@std@@@Z 00403150 f i WMI.obj
 0001:000022f0       ??$FromVariant@M@@YAXUtagVARIANT@@AAV?$vector@MV?$allocator@M@std@@@std@@@Z 004032f0 f i WMI.obj
 0001:00002490       ??$FromVariant@N@@YAXUtagVARIANT@@AAV?$vector@NV?$allocator@N@std@@@std@@@Z 00403490 f i WMI.obj
 0001:00002630       ??$FromVariant@PA_W@@YAXUtagVARIANT@@AAV?$vector@PA_WV?$allocator@PA_W@std@@@std@@@Z 00403630 f i WMI.obj
 0001:000027d0       ??$_Range_construct_or_tidy@PBV?$basic_string@DU?$char_traits@D@std@@V?$allocator@D@2@@std@@@?$vector@V?$basic_string@DU?$char_traits@D@std@@V?$allocator@D@2@@std@@V?$allocator@V?$basic_string@DU?$char_traits@D@std@@V?$allocator@D@2@@std@@@2@@std@@AAEXPBV?$basic_string@DU?$char_traits@D@std@@V?$allocator@D@2@@1@0Uforward_iterator_tag@1@@Z 004037d0 f i WMI.obj
 0001:00002870       ??1?$CComSafeArray@K$0BD@@ATL@@QAE@XZ 00403870 f i WMI.obj
 0001:00002870       ??1?$CComSafeArray@G$0BC@@ATL@@QAE@XZ 00403870 f i WMI.obj
 0001:00002870       ??1?$CComSafeArray@N$04@ATL@@QAE@XZ 00403870 f i WMI.obj
 0001:00002870       ??1?$CComSafeArray@M$03@ATL@@QAE@XZ 00403870 f i WMI.obj
 0001:00002870       ??1?$CComSafeArray@E$0BB@@ATL@@QAE@XZ 00403870 f i WMI.obj
 0001:00002870       ??1?$CComSafeArray@PA_W$07@ATL@@QAE@XZ 00403870 f i WMI.obj
 0001:00002870       ??1?$CComSafeArray@_K$0BF@@ATL@@QAE@XZ 00403870 f i WMI.obj
 0001:000028d0       ??$_Resize@V<lambda_41cf2654fb7f54282f884164b4804166>@@@?$vector@KV?$allocator@K@std@@@std@@AAEXIV<lambda_41cf2654fb7f54282f884164b4804166>@@@Z 004038d0 f i WMI.obj
 0001:000028d0       ??$_Resize@V<lambda_d7a4910ec896527b17c46ceb55731b6b>@@@?$vector@MV?$allocator@M@std@@@std@@AAEXIV<lambda_d7a4910ec896527b17c46ceb55731b6b>@@@Z 004038d0 f i WMI.obj
 0001:000028d0       ??$_Resize@V<lambda_9015b627a392ed02a76b60582322ef4a>@@@?$vector@PA_WV?$allocator@PA_W@std@@@std@@AAEXIV<lambda_9015b627a392ed02a76b60582322ef4a>@@@Z 004038d0 f i WMI.obj
 0001:00002aa0       ??$_Resize@V<lambda_37d2edcfa81498688f5009d219c6f7fd>@@@?$vector@_KV?$allocator@_K@std@@@std@@AAEXIV<lambda_37d2edcfa81498688f5009d219c6f7fd>@@@Z 00403aa0 f i WMI.obj
 0001:00002aa0       ??$_Resize@V<lambda_72b2ca492da4f1408aac84fdabcda767>@@@?$vector@NV?$allocator@N@std@@@std@@AAEXIV<lambda_72b2ca492da4f1408aac84fdabcda767>@@@Z 00403aa0 f i WMI.obj
 0001:00002c70       ??$_Resize@V<lambda_2b6654e67a91186cf2b3ea8c5d1f7ef3>@@@?$vector@GV?$allocator@G@std@@@std@@AAEXIV<lambda_2b6654e67a91186cf2b3ea8c5d1f7ef3>@@@Z 00403c70 f i WMI.obj
 0001:00002e40       ??$_Resize@V<lambda_1c24340e0c23a1361b49dbc3231bff51>@@@?$vector@EV?$allocator@E@std@@@std@@AAEXIV<lambda_1c24340e0c23a1361b49dbc3231bff51>@@@Z 00403e40 f i WMI.obj
 0001:00003010       __vfprintf_l               00404010 f i xmlwriter.obj
 0001:00003040       ??1?$stack@V?$basic_string@DU?$char_traits@D@std@@V?$allocator@D@2@@std@@V?$deque@V?$basic_string@DU?$char_traits@D@std@@V?$allocator@D@2@@std@@V?$allocator@V?$basic_string@DU?$char_traits@D@std@@V?$allocator@D@2@@std@@@2@@2@@std@@QAE@XZ 00404040 f i xmlwriter.obj
 0001:00003180       ??1?$deque@V?$basic_string@DU?$char_traits@D@std@@V?$allocator@D@2@@std@@V?$allocator@V?$basic_string@DU?$char_traits@D@std@@V?$allocator@D@2@@std@@@2@@std@@QAE@XZ 00404180 f i xmlwriter.obj
 0001:000032c0       ??1?$_Deque_alloc@U?$_Deque_base_types@V?$basic_string@DU?$char_traits@D@std@@V?$allocator@D@2@@std@@V?$allocator@V?$basic_string@DU?$char_traits@D@std@@V?$allocator@D@2@@std@@@2@@std@@@std@@QAE@XZ 004042c0 f i xmlwriter.obj
 0001:00003310       ?pop_back@?$deque@V?$basic_string@DU?$char_traits@D@std@@V?$allocator@D@2@@std@@V?$allocator@V?$basic_string@DU?$char_traits@D@std@@V?$allocator@D@2@@std@@@2@@std@@QAEXXZ 00404310 f i xmlwriter.obj
 0001:00003380       ?_Growmap@?$deque@V?$basic_string@DU?$char_traits@D@std@@V?$allocator@D@2@@std@@V?$allocator@V?$basic_string@DU?$char_traits@D@std@@V?$allocator@D@2@@std@@@2@@std@@IAEXI@Z 00404380 f i xmlwriter.obj
 0001:00003550       ?_Xlen@?$deque@V?$basic_string@DU?$char_traits@D@std@@V?$allocator@D@2@@std@@V?$allocator@V?$basic_string@DU?$char_traits@D@std@@V?$allocator@D@2@@std@@@2@@std@@IBEXXZ 00404550 f i xmlwriter.obj
 0001:0000355b       ??0bad_alloc@std@@QAE@ABV01@@Z 0040455b f i libcpmt:xthrow.obj
 0001:00003576       ??0bad_alloc@std@@QAE@XZ   00404576 f i libcpmt:xthrow.obj
 0001:0000358e       ??0length_error@std@@QAE@ABV01@@Z 0040458e f i libcpmt:xthrow.obj
 0001:000035a9       ??0length_error@std@@QAE@PBD@Z 004045a9 f i libcpmt:xthrow.obj
 0001:000035c8       ??0logic_error@std@@QAE@ABV01@@Z 004045c8 f i libcpmt:xthrow.obj
 0001:000035e3       ??0out_of_range@std@@QAE@ABV01@@Z 004045e3 f i libcpmt:xthrow.obj
 0001:000035fe       ??0out_of_range@std@@QAE@PBD@Z 004045fe f i libcpmt:xthrow.obj
 0001:0000361d       ??1out_of_range@std@@UAE@XZ 0040461d f i libcpmt:xthrow.obj
 0001:0000361d       ??1bad_alloc@std@@UAE@XZ   0040461d f i libcpmt:xthrow.obj
 0001:0000361d       ??1bad_array_new_length@std@@UAE@XZ 0040461d f i LIBCMT:throw_bad_alloc.obj
 0001:0000361d       ??1length_error@std@@UAE@XZ 0040461d f i libcpmt:xthrow.obj
 0001:0000361d       ??1bad_exception@std@@UAE@XZ 0040461d f i libvcruntime:frame.obj
 0001:0000362e       ??_Eout_of_range@std@@UAEPAXI@Z 0040462e f i libcpmt:xthrow.obj
 0001:0000362e       ??_Elogic_error@std@@UAEPAXI@Z 0040462e f i libcpmt:xthrow.obj
 0001:0000362e       ??_Elength_error@std@@UAEPAXI@Z 0040462e f i libcpmt:xthrow.obj
 0001:0000362e       ??_Gbad_array_new_length@std@@UAEPAXI@Z 0040462e f i LIBCMT:throw_bad_alloc.obj
 0001:0000362e       ??_Gbad_exception@std@@UAEPAXI@Z 0040462e f i libvcruntime:frame.obj
 0001:0000362e       ??_Gbad_alloc@std@@UAEPAXI@Z 0040462e f i libcpmt:xthrow.obj
 0001:0000362e       ??_Ebad_alloc@std@@UAEPAXI@Z 0040462e f i libcpmt:xthrow.obj
 0001:0000362e       ??_Gout_of_range@std@@UAEPAXI@Z 0040462e f i libcpmt:xthrow.obj
 0001:0000362e       ??_Ebad_array_new_length@std@@UAEPAXI@Z 0040462e f i LIBCMT:throw_bad_alloc.obj
 0001:0000362e       ??_Glength_error@std@@UAEPAXI@Z 0040462e f i libcpmt:xthrow.obj
 0001:0000362e       ??_Glogic_error@std@@UAEPAXI@Z 0040462e f i libcpmt:xthrow.obj
 0001:0000362e       ??_Ebad_exception@std@@UAEPAXI@Z 0040462e f i libvcruntime:frame.obj
 0001:0000365b       ?_Xlength_error@std@@YAXPBD@Z 0040465b f   libcpmt:xthrow.obj
 0001:0000367b       ?_Xout_of_range@std@@YAXPBD@Z 0040467b f   libcpmt:xthrow.obj
 0001:0000369b       __Query_perf_counter       0040469b f   libcpmt:xtime.obj
 0001:000036b2       __Query_perf_frequency     004046b2 f   libcpmt:xtime.obj
 0001:00003a80       ?_com_issue_error@@YGXJ@Z  00404a80 f   comsuppw:comsupp.obj
 0001:00003aa0       ?ConvertStringToBSTR@_com_util@@YGPA_WPBD@Z 00404aa0 f   comsuppw:comutil.obj
 0001:00003c40       ??0_com_error@@QAE@ABV0@@Z 00404c40 f i comsuppw:comraise.obj
 0001:00003c80       ??0_com_error@@QAE@JPAUIErrorInfo@@_N@Z 00404c80 f i comsuppw:comraise.obj
 0001:00003cd0       ??1_com_error@@UAE@XZ      00404cd0 f i comsuppw:comraise.obj
 0001:00003d10       ??_G_com_error@@UAEPAXI@Z  00404d10 f i comsuppw:comraise.obj
 0001:00003d10       ??_E_com_error@@UAEPAXI@Z  00404d10 f i comsuppw:comraise.obj
 0001:00003d60       ?_com_raise_error@@YGXJPAUIErrorInfo@@@Z 00404d60 f   comsuppw:comraise.obj
 0001:00003d85       @__security_check_cookie@4 00404d85 f   LIBCMT:secchk.obj
 0001:00003d96       ??2@YAPAXI@Z               00404d96 f   LIBCMT:new_scalar.obj
 0001:00003dc6       ??3@YAXPAXI@Z              00404dc6 f   LIBCMT:delete_scalar_size.obj
 0001:00003dd4       ??_V@YAXPAX@Z              00404dd4 f   LIBCMT:delete_array.obj
 0001:00003dd9       ___raise_securityfailure   00404dd9 f   LIBCMT:gs_report.obj
 0001:00003e01       ___report_gsfailure        00404e01 f   LIBCMT:gs_report.obj
 0001:00003efa       ___report_rangecheckfailure 00404efa f   LIBCMT:gs_report.obj
 0001:00003f06       ___report_securityfailure  00404f06 f   LIBCMT:gs_report.obj
 0001:00003fd4       ??$__crt_fast_encode_pointer@PAX@@YAPAXQAX@Z 00404fd4 f i libvcruntime:winapi_downlevel.obj
 0001:00003fd4       ??$__crt_fast_encode_pointer@PAP6AXXZ@@YAPAP6AXXZQAP6AXXZ@Z 00404fd4 f i LIBCMT:utility.obj
 0001:00004035       ___scrt_acquire_startup_lock 00405035 f   LIBCMT:utility.obj
 0001:00004067       ___scrt_initialize_crt     00405067 f   LIBCMT:utility.obj
 0001:000040a0       ___scrt_initialize_onexit_tables 004050a0 f   LIBCMT:utility.obj
 0001:00004145       ___scrt_is_nonwritable_in_current_image 00405145 f   LIBCMT:utility.obj
 0001:000041d9       ___scrt_release_startup_lock 004051d9 f   LIBCMT:utility.obj
 0001:000041f6       ___scrt_uninitialize_crt   004051f6 f   LIBCMT:utility.obj
 0001:0000421e       __onexit                   0040521e f   LIBCMT:utility.obj
 0001:00004259       _atexit                    00405259 f   LIBCMT:utility.obj
 0001:0000426e       ??_U@YAPAXI@Z              0040526e f   LIBCMT:new_array.obj
 0001:00004277       ??_Gtype_info@@UAEPAXI@Z   00405277 f i LIBCMT:std_type_info_static.obj
 0001:00004277       ??_Etype_info@@UAEPAXI@Z   00405277 f i LIBCMT:std_type_info_static.obj
 0001:0000429a       ??3@YAXPAX@Z               0040529a f   LIBCMT:delete_scalar.obj
 0001:0000429f       ??_M@YGXPAXIIP6EX0@Z@Z     0040529f f   LIBCMT:ehvecdtr.obj
 0001:00004324       ?__ArrayUnwind@@YGXPAXIIP6EX0@Z@Z 00405324 f   LIBCMT:ehvecdtr.obj
 0001:000045de       _WinMainCRTStartup         004055de f   LIBCMT:exe_winmain.obj
 0001:000045f0       __aulldvrm                 004055f0 f   LIBCMT:ulldvrm.obj
 0001:00004685       @_guard_check_icall_nop@4  00405685 f i LIBCMT:guard_support.obj
 0001:00004685       __initialize_denormal_control 00405685 f i LIBCMT:denormal_control.obj
 0001:00004685       __initialize_invalid_parameter_handler 00405685 f i LIBCMT:invalid_parameter_handler.obj
 0001:00004690       __alloca_probe_16          00405690 f   LIBCMT:alloca16.obj
 0001:000046a6       __alloca_probe_8           004056a6     LIBCMT:alloca16.obj
 0001:000046bc       ??0bad_array_new_length@std@@QAE@ABV01@@Z 004056bc f i LIBCMT:throw_bad_alloc.obj
 0001:000046d7       ??0bad_array_new_length@std@@QAE@XZ 004056d7 f i LIBCMT:throw_bad_alloc.obj
 0001:000046ef       ?__scrt_throw_std_bad_alloc@@YAXXZ 004056ef f   LIBCMT:throw_bad_alloc.obj
 0001:0000470c       ?__scrt_throw_std_bad_array_new_length@@YAXXZ 0040570c f   LIBCMT:throw_bad_alloc.obj
 0001:00004729       ___isa_available_init      00405729 f   LIBCMT:cpu_disp.obj
 0001:000048c0       __get_startup_argv_mode    004058c0 f   LIBCMT:argv_mode.obj
 0001:000048c4       ___scrt_is_ucrt_dll_in_use 004058c4 f   LIBCMT:ucrt_detection.obj
 0001:000048d0       ___scrt_fastfail           004058d0 f   LIBCMT:utility_desktop.obj
 0001:000049ea       ___scrt_get_show_window_mode 004059ea f   LIBCMT:utility_desktop.obj
 0001:00004a1b       ___scrt_initialize_mta     00405a1b f   LIBCMT:utility_desktop.obj
 0001:00004a20       __get_startup_commit_mode  00405a20 f   LIBCMT:commit_mode.obj
 0001:00004a20       ___scrt_initialize_winrt   00405a20 f   LIBCMT:utility_desktop.obj
 0001:00004a20       __get_startup_new_mode     00405a20 f   LIBCMT:new_mode.obj
 0001:00004a20       ___scrt_exe_initialize_mta 00405a20 f   LIBCMT:utility_desktop.obj
 0001:00004a20       __get_startup_thread_locale_mode 00405a20 f   LIBCMT:thread_locale.obj
 0001:00004a20       __matherr                  00405a20 f   LIBCMT:matherr.obj
 0001:00004a20       ___scrt_stub_for_initialize_mta 00405a20 f   LIBCMT:utility_desktop.obj
 0001:00004a23       ___scrt_is_managed_app     00405a23 f   LIBCMT:utility_desktop.obj
 0001:00004a66       ___scrt_set_unhandled_exception_filter 00405a66 f   LIBCMT:utility_desktop.obj
 0001:00004a72       ___scrt_unhandled_exception_filter@4 00405a72 f   LIBCMT:utility_desktop.obj
 0001:00004ab3       __crt_debugger_hook        00405ab3 f   LIBCMT:utility_desktop.obj
 0001:00004ac0       __SEH_prolog4              00405ac0 f   LIBCMT:sehprolg4.obj
 0001:00004b06       __SEH_epilog4              00405b06 f   LIBCMT:sehprolg4.obj
 0001:00004b68       ___security_init_cookie    00405b68 f   LIBCMT:gs_support.obj
 0001:00004bb3       __get_startup_file_mode    00405bb3 f   LIBCMT:file_mode.obj
 0001:00004bb9       ?__scrt_initialize_type_info@@YAXXZ 00405bb9 f   LIBCMT:tncleanup.obj
 0001:00004bc5       ___acrt_uninitialize_command_line 00405bc5 f   libucrt:argv_data.obj
 0001:00004bc5       __should_initialize_environment 00405bc5 f   LIBCMT:env_mode.obj
 0001:00004bc8       __initialize_default_precision 00405bc8 f   LIBCMT:default_precision.obj
 0001:00004be9       ___local_stdio_scanf_options 00405be9 f i LIBCMT:default_local_stdio_options.obj
 0001:00004bef       ___scrt_initialize_default_local_stdio_options 00405bef f   LIBCMT:default_local_stdio_options.obj
 0001:00004c0c       ___scrt_is_user_matherr_present 00405c0c f   LIBCMT:matherr_detection.obj
 0001:00004c18       ___scrt_get_dyn_tls_init_callback 00405c18 f   LIBCMT:dyn_tls_init.obj
 0001:00004c1e       ___scrt_get_dyn_tls_dtor_callback 00405c1e f   LIBCMT:dyn_tls_dtor.obj
 0001:00004c24       __RTC_Initialize           00405c24 f   LIBCMT:initsect.obj
 0001:00004c50       __RTC_Terminate            00405c50 f   LIBCMT:initsect.obj
 0001:00004c80       __alloca_probe             00405c80 f   LIBCMT:chkstk.obj
 0001:00004c80       __chkstk                   00405c80 f   LIBCMT:chkstk.obj
 0001:00004cad       ??0CAtlBaseModule@ATL@@QAE@XZ 00405cad f   atls:atlbase.obj
 0001:00004d00       ??0_ATL_BASE_MODULE70@ATL@@QAE@XZ 00405d00 f i atls:atlbase.obj
 0001:00004d23       ??1CAtlBaseModule@ATL@@QAE@XZ 00405d23 f   atls:atlbase.obj
 0001:00004d39       ?RemoveAll@?$CSimpleArray@PAUHINSTANCE__@@V?$CSimpleArrayEqualHelper@PAUHINSTANCE__@@@ATL@@@ATL@@QAEXXZ 00405d39 f i atls:atlbase.obj
 0001:00004d56       ?GetRangeOfTrysToCheck@__FrameHandler3@@SA?AU?$pair@Viterator@TryBlockMap@__FrameHandler3@@V123@@std@@AAVTryBlockMap@1@HH@Z 00405d56 f   libvcruntime:trnsctrl.obj
 0001:00004dd8       ?_CallCatchBlock2@@YAPAXPAUEHRegistrationNode@@PBU_s_FuncInfo@@PAXHK@Z 00405dd8 f   libvcruntime:trnsctrl.obj
 0001:00004e36       ?_CallSETranslator@@YAHPAUEHExceptionRecord@@PAUEHRegistrationNode@@PAX2PBU_s_FuncInfo@@H1@Z 00405e36 f   libvcruntime:trnsctrl.obj
 0001:00004f11       ?_JumpToContinuation@@YGXPAXPAUEHRegistrationNode@@@Z 00405f11 f   libvcruntime:trnsctrl.obj
 0001:00004f41       ?_UnwindNestedFrames@@YGXPAUEHRegistrationNode@@PAUEHExceptionRecord@@@Z 00405f41 f   libvcruntime:trnsctrl.obj
 0001:00004f94       __CatchGuardHandler        00405f94 f   libvcruntime:trnsctrl.obj
 0001:00004fc5       __CreateFrameInfo          00405fc5 f   libvcruntime:trnsctrl.obj
 0001:00004fe9       __FindAndUnlinkFrame       00405fe9 f   libvcruntime:trnsctrl.obj
 0001:0000502e       __TranslatorGuardHandler   0040602e f   libvcruntime:trnsctrl.obj
 0001:000050cb       ___CxxFrameHandler3        004060cb f   libvcruntime:trnsctrl.obj
 0001:00005150       __except_handler4          00406150 f   libvcruntime:chandler4.obj
 0001:000052a7       ___std_exception_copy      004062a7 f   libvcruntime:std_exception.obj
 0001:0000530a       ___std_exception_destroy   0040630a f   libvcruntime:std_exception.obj
 0001:00005330       _strstr                    00406330 f   libvcruntime:strstr.obj
 0001:000055a0       _strchr                    004065a0 f   libvcruntime:strchr.obj
 0001:0000560e       ___from_strstr_to_strchr   0040660e     libvcruntime:strchr.obj
 0001:000056cb       __CxxThrowException@8      004066cb f   libvcruntime:throw.obj
 0001:00005740       _memset                    00406740 f   libvcruntime:memset.obj
 0001:0000589a       ___vcrt_initialize         0040689a f   libvcruntime:initialization.obj
 0001:000058c3       ___vcrt_uninitialize       004068c3 f   libvcruntime:initialization.obj
 0001:000058e2       ___std_type_info_compare   004068e2 f   libvcruntime:std_type_info.obj
 0001:00005920       _memmove                   00406920 f   libvcruntime:memmove.obj
 0001:00005e94       ___vcrt_freefls@4          00406e94 f   libvcruntime:per_thread_data.obj
 0001:00005eb0       ___vcrt_getptd             00406eb0 f   libvcruntime:per_thread_data.obj
 0001:00005ebe       ___vcrt_getptd_noexit      00406ebe f   libvcruntime:per_thread_data.obj
 0001:00005f50       ___vcrt_initialize_ptd     00406f50 f   libvcruntime:per_thread_data.obj
 0001:00005f83       ___vcrt_uninitialize_ptd   00406f83 f   libvcruntime:per_thread_data.obj
 0001:00006695       ??$TypeMatchHelper@V__FrameHandler3@@@@YAHPBU_s_HandlerType@@PBU_s_CatchableType@@PBU_s_ThrowInfo@@@Z 00407695 f i libvcruntime:frame.obj
 0001:00006723       ??$__InternalCxxFrameHandler@V__FrameHandler3@@@@YA?AW4_EXCEPTION_DISPOSITION@@PAUEHExceptionRecord@@PAUEHRegistrationNode@@PAU_CONTEXT@@PAXPBU_s_FuncInfo@@H1E@Z 00407723 f i libvcruntime:frame.obj
 0001:00006825       ??0bad_exception@std@@QAE@ABV01@@Z 00407825 f i libvcruntime:frame.obj
 0001:00006840       ??0bad_exception@std@@QAE@XZ 00407840 f i libvcruntime:frame.obj
 0001:00006858       ??8type_info@@QBE_NABV0@@Z 00407858 f i libvcruntime:frame.obj
 0001:00006abf       ?FrameUnwindToEmptyState@__FrameHandler3@@SAXPAUEHRegistrationNode@@PAXPBU_s_FuncInfo@@@Z 00407abf f   libvcruntime:frame.obj
 0001:00006ad7       ?FrameUnwindToState@__FrameHandler3@@SAXPAUEHRegistrationNode@@PAXPBU_s_FuncInfo@@H@Z 00407ad7 f   libvcruntime:frame.obj
 0001:00006c59       ?_CallMemberFunction1@@YGXQAX00@Z 00407c59 f i libvcruntime:frame.obj
 0001:00006c69       ?_CallMemberFunction2@@YGXQAX00H@Z 00407c69 f i libvcruntime:frame.obj
 0001:00006c7c       ?getESTypes@__FrameHandler3@@SAPBU_s_ESTypeList@@PBU_s_FuncInfo@@@Z 00407c7c f i libvcruntime:frame.obj
 0001:00006c90       __CallSettingFrame@12      00407c90 f   libvcruntime:lowhelpr.obj
 0001:00006cb7       __NLG_Return               00407cb7     libvcruntime:lowhelpr.obj
 0001:00006cdc       ___except_validate_context_record 00407cdc f   libvcruntime:jbcxrval.obj
 0001:00006d0c       ___except_validate_jump_buffer 00407d0c f   libvcruntime:jbcxrval.obj
 0001:00006d40       __local_unwind4            00407d40 f   libvcruntime:exsup4.obj
 0001:00006e18       __seh_longjmp_unwind4@4    00407e18 f   libvcruntime:exsup4.obj
 0001:00006e40       @_EH4_CallFilterFunc@8     00407e40 f   libvcruntime:exsup4.obj
 0001:00006e58       @_EH4_TransferToHandler@8  00407e58 f   libvcruntime:exsup4.obj
 0001:00006e74       @_EH4_GlobalUnwind2@8      00407e74 f   libvcruntime:exsup4.obj
 0001:00006e90       @_EH4_LocalUnwind@16       00407e90 f   libvcruntime:exsup4.obj
 0001:00006ea7       ___vcrt_initialize_locks   00407ea7 f   libvcruntime:locks.obj
 0001:00006ee3       ___vcrt_uninitialize_locks 00407ee3 f   libvcruntime:locks.obj
 0001:00007045       ___vcrt_FlsAlloc           00408045 f   libvcruntime:winapi_downlevel.obj
 0001:00007080       ___vcrt_FlsFree            00408080 f   libvcruntime:winapi_downlevel.obj
 0001:000070bb       ___vcrt_FlsGetValue        004080bb f   libvcruntime:winapi_downlevel.obj
 0001:000070f6       ___vcrt_FlsSetValue        004080f6 f   libvcruntime:winapi_downlevel.obj
 0001:00007134       ___vcrt_InitializeCriticalSectionEx 00408134 f   libvcruntime:winapi_downlevel.obj
 0001:0000717b       ___vcrt_initialize_winapi_thunks 0040817b f   libvcruntime:winapi_downlevel.obj
 0001:000071a4       ___vcrt_uninitialize_winapi_thunks 004081a4 f   libvcruntime:winapi_downlevel.obj
 0001:000071d6       ___vcrt_initialize_pure_virtual_call_handler 004081d6 f   libvcruntime:purevirt_data.obj
 0001:000071e1       _unexpected                004081e1 f   libvcruntime:unexpected.obj
 0001:000071fe       ?GetCurrentState@__FrameHandler3@@SAHPAUEHRegistrationNode@@PAXPBU_s_FuncInfo@@@Z 004081fe f   libvcruntime:ehstate.obj
 0001:0000721b       ?SetState@__FrameHandler3@@SAXPAUEHRegistrationNode@@PBU_s_FuncInfo@@H@Z 0040821b f   libvcruntime:ehstate.obj
 0001:00007229       ___DestructExceptionObject 00408229 f   libvcruntime:ehhelpers.obj
 0001:000072c9       ?_CallMemberFunction0@@YGXQAX0@Z 004082c9 f i libvcruntime:ehhelpers.obj
 0001:000072d6       __IsExceptionObjectToBeDestroyed 004082d6 f   libvcruntime:ehhelpers.obj
 0001:000072fc       ___AdjustPointer           004082fc f   libvcruntime:ehhelpers.obj
 0001:00007321       ___FrameUnwindFilter       00408321 f   libvcruntime:ehhelpers.obj
 0001:00007370       __global_unwind2           00408370 f   libvcruntime:exsup.obj
 0001:000073d6       __local_unwind2            004083d6 f   libvcruntime:exsup.obj
 0001:0000745a       __abnormal_termination     0040845a f   libvcruntime:exsup.obj
 0001:00007480       __NLG_Notify1              00408480 f   libvcruntime:exsup.obj
 0001:0000748c       __NLG_Notify               0040848c f   libvcruntime:exsup.obj
 0001:000074a3       __NLG_Dispatch2            004084a3     libvcruntime:exsup.obj
 0001:000074a3       __NLG_Dispatch             004084a3     libvcruntime:exsup.obj
 0001:000074ab       __NLG_Call                 004084ab f   libvcruntime:exsup.obj
 0001:000074ad       __NLG_Return2              004084ad     libvcruntime:exsup.obj
 0001:000074b0       _memcpy                    004084b0 f   libvcruntime:memcpy.obj
 0001:00007bf5       ??$count@D@formatting_buffer@__crt_stdio_output@@QBEIXZ 00408bf5 f i libucrt:output.obj
 0001:00007c0d       ??$ensure_buffer_is_big_enough@D@formatting_buffer@__crt_stdio_output@@QAE_NI@Z 00408c0d f i libucrt:output.obj
 0001:00007c8c       ??$is_wide_character_specifier@D@__crt_stdio_output@@YA_N_KDW4length_modifier@0@@Z 00408c8c f i libucrt:output.obj
 0001:00007cbd       ??$scratch_data@D@formatting_buffer@__crt_stdio_output@@QAEPADXZ 00408cbd f i libucrt:output.obj
 0001:00007cdb       ??$type_case_integer_parse_into_buffer@I@?$output_processor@DV?$string_output_adapter@D@__crt_stdio_output@@V?$standard_base@DV?$string_output_adapter@D@__crt_stdio_output@@@2@@__crt_stdio_output@@AAEXII_N@Z 00408cdb f i libucrt:output.obj
 0001:00007cdb       ??$type_case_integer_parse_into_buffer@I@?$output_processor@DV?$stream_output_adapter@D@__crt_stdio_output@@V?$standard_base@DV?$stream_output_adapter@D@__crt_stdio_output@@@2@@__crt_stdio_output@@AAEXII_N@Z 00408cdb f i libucrt:output.obj
 0001:00007d4e       ??$type_case_integer_parse_into_buffer@_K@?$output_processor@DV?$string_output_adapter@D@__crt_stdio_output@@V?$standard_base@DV?$string_output_adapter@D@__crt_stdio_output@@@2@@__crt_stdio_output@@AAEX_KI_N@Z 00408d4e f i libucrt:output.obj
 0001:00007d4e       ??$type_case_integer_parse_into_buffer@_K@?$output_processor@DV?$stream_output_adapter@D@__crt_stdio_output@@V?$standard_base@DV?$stream_output_adapter@D@__crt_stdio_output@@@2@@__crt_stdio_output@@AAEX_KI_N@Z 00408d4e f i libucrt:output.obj
 0001:00007dde       ??$write_multiple_characters@V?$stream_output_adapter@D@__crt_stdio_output@@D@__crt_stdio_output@@YAXABV?$stream_output_adapter@D@0@DHQAH@Z 00408dde f i libucrt:output.obj
 0001:00007e19       ??$write_multiple_characters@V?$string_output_adapter@D@__crt_stdio_output@@D@__crt_stdio_output@@YAXABV?$string_output_adapter@D@0@DHQAH@Z 00408e19 f i libucrt:output.obj
 0001:00007e45       ??0?$common_data@D@__crt_stdio_output@@IAE@XZ 00408e45 f i libucrt:output.obj
 0001:00007e8c       ??0?$output_adapter_data@DV?$stream_output_adapter@D@__crt_stdio_output@@@__crt_stdio_output@@IAE@ABV?$stream_output_adapter@D@1@_KQBDQAU__crt_locale_pointers@@QAD@Z 00408e8c f i libucrt:output.obj
 0001:00007e8c       ??0?$output_adapter_data@DV?$string_output_adapter@D@__crt_stdio_output@@@__crt_stdio_output@@IAE@ABV?$string_output_adapter@D@1@_KQBDQAU__crt_locale_pointers@@QAD@Z 00408e8c f i libucrt:output.obj
 0001:00007ec8       ??0_LocaleUpdate@@QAE@QAU__crt_locale_pointers@@@Z 00408ec8 f i libucrt:output.obj
 0001:00007f4b       ??1formatting_buffer@__crt_stdio_output@@QAE@XZ 00408f4b f i libucrt:output.obj
 0001:00007f65       ??4?$__crt_unique_heap_ptr@DU__crt_internal_free_policy@@@@QAEAAV0@$$QAV0@@Z 00408f65 f i libucrt:output.obj
 0001:0000804a       ?crop_zeroes@__crt_stdio_output@@YAXPADQAU__crt_locale_pointers@@@Z 0040904a f i libucrt:output.obj
 0001:000080aa       ?find_next_state@?$output_processor@DV?$stream_output_adapter@D@__crt_stdio_output@@V?$standard_base@DV?$stream_output_adapter@D@__crt_stdio_output@@@2@@__crt_stdio_output@@ABE?AW4state@2@DW432@@Z 004090aa f i libucrt:output.obj
 0001:000080aa       ?find_next_state@?$output_processor@DV?$string_output_adapter@D@__crt_stdio_output@@V?$standard_base@DV?$string_output_adapter@D@__crt_stdio_output@@@2@@__crt_stdio_output@@ABE?AW4state@2@DW432@@Z 004090aa f i libucrt:output.obj
 0001:000080e9       ?force_decimal_point@__crt_stdio_output@@YAXPADQAU__crt_locale_pointers@@@Z 004090e9 f i libucrt:output.obj
 0001:00008145       ?parse_int_from_format_string@?$output_processor@DV?$stream_output_adapter@D@__crt_stdio_output@@V?$standard_base@DV?$stream_output_adapter@D@__crt_stdio_output@@@2@@__crt_stdio_output@@AAE_NQAH@Z 00409145 f i libucrt:output.obj
 0001:00008145       ?parse_int_from_format_string@?$output_processor@DV?$string_output_adapter@D@__crt_stdio_output@@V?$standard_base@DV?$string_output_adapter@D@__crt_stdio_output@@@2@@__crt_stdio_output@@AAE_NQAH@Z 00409145 f i libucrt:output.obj
 0001:000081bb       ?process@?$output_processor@DV?$stream_output_adapter@D@__crt_stdio_output@@V?$standard_base@DV?$stream_output_adapter@D@__crt_stdio_output@@@2@@__crt_stdio_output@@QAEHXZ 004091bb f i libucrt:output.obj
 0001:000082cf       ?process@?$output_processor@DV?$string_output_adapter@D@__crt_stdio_output@@V?$standard_base@DV?$string_output_adapter@D@__crt_stdio_output@@@2@@__crt_stdio_output@@QAEHXZ 004092cf f i libucrt:output.obj
 0001:000083e3       ?state_case_flag@?$output_processor@DV?$stream_output_adapter@D@__crt_stdio_output@@V?$standard_base@DV?$stream_output_adapter@D@__crt_stdio_output@@@2@@__crt_stdio_output@@AAE_NXZ 004093e3 f i libucrt:output.obj
 0001:000083e3       ?state_case_flag@?$output_processor@DV?$string_output_adapter@D@__crt_stdio_output@@V?$standard_base@DV?$string_output_adapter@D@__crt_stdio_output@@@2@@__crt_stdio_output@@AAE_NXZ 004093e3 f i libucrt:output.obj
 0001:00008420       ?state_case_normal@?$output_processor@DV?$stream_output_adapter@D@__crt_stdio_output@@V?$standard_base@DV?$stream_output_adapter@D@__crt_stdio_output@@@2@@__crt_stdio_output@@AAE_NXZ 00409420 f i libucrt:output.obj
 0001:0000843f       ?state_case_normal@?$output_processor@DV?$string_output_adapter@D@__crt_stdio_output@@V?$standard_base@DV?$string_output_adapter@D@__crt_stdio_output@@@2@@__crt_stdio_output@@AAE_NXZ 0040943f f i libucrt:output.obj
 0001:0000845e       ?state_case_normal_common@?$output_processor@DV?$stream_output_adapter@D@__crt_stdio_output@@V?$standard_base@DV?$stream_output_adapter@D@__crt_stdio_output@@@2@@__crt_stdio_output@@AAE_NXZ 0040945e f i libucrt:output.obj
 0001:0000849a       ?state_case_normal_common@?$output_processor@DV?$string_output_adapter@D@__crt_stdio_output@@V?$standard_base@DV?$string_output_adapter@D@__crt_stdio_output@@@2@@__crt_stdio_output@@AAE_NXZ 0040949a f i libucrt:output.obj
 0001:000084c4       ?state_case_normal_tchar@?$output_processor@DV?$stream_output_adapter@D@__crt_stdio_output@@V?$standard_base@DV?$stream_output_adapter@D@__crt_stdio_output@@@2@@__crt_stdio_output@@AAE_ND@Z 004094c4 f i libucrt:output.obj
 0001:00008531       ?state_case_normal_tchar@?$output_processor@DV?$string_output_adapter@D@__crt_stdio_output@@V?$standard_base@DV?$string_output_adapter@D@__crt_stdio_output@@@2@@__crt_stdio_output@@AAE_ND@Z 00409531 f i libucrt:output.obj
 0001:00008595       ?state_case_precision@?$output_processor@DV?$stream_output_adapter@D@__crt_stdio_output@@V?$standard_base@DV?$stream_output_adapter@D@__crt_stdio_output@@@2@@__crt_stdio_output@@AAE_NXZ 00409595 f i libucrt:output.obj
 0001:00008595       ?state_case_precision@?$output_processor@DV?$string_output_adapter@D@__crt_stdio_output@@V?$standard_base@DV?$string_output_adapter@D@__crt_stdio_output@@@2@@__crt_stdio_output@@AAE_NXZ 00409595 f i libucrt:output.obj
 0001:000085bb       ?state_case_size@?$output_processor@DV?$stream_output_adapter@D@__crt_stdio_output@@V?$standard_base@DV?$stream_output_adapter@D@__crt_stdio_output@@@2@@__crt_stdio_output@@AAE_NXZ 004095bb f i libucrt:output.obj
 0001:00008709       ?state_case_size@?$output_processor@DV?$string_output_adapter@D@__crt_stdio_output@@V?$standard_base@DV?$string_output_adapter@D@__crt_stdio_output@@@2@@__crt_stdio_output@@AAE_NXZ 00409709 f i libucrt:output.obj
 0001:00008857       ?state_case_type@?$output_processor@DV?$stream_output_adapter@D@__crt_stdio_output@@V?$standard_base@DV?$stream_output_adapter@D@__crt_stdio_output@@@2@@__crt_stdio_output@@AAE_NXZ 00409857 f i libucrt:output.obj
 0001:00008a8b       ?state_case_type@?$output_processor@DV?$string_output_adapter@D@__crt_stdio_output@@V?$standard_base@DV?$string_output_adapter@D@__crt_stdio_output@@@2@@__crt_stdio_output@@AAE_NXZ 00409a8b f i libucrt:output.obj
 0001:00008cbf       ?state_case_width@?$output_processor@DV?$string_output_adapter@D@__crt_stdio_output@@V?$standard_base@DV?$string_output_adapter@D@__crt_stdio_output@@@2@@__crt_stdio_output@@AAE_NXZ 00409cbf f i libucrt:output.obj
 0001:00008cbf       ?state_case_width@?$output_processor@DV?$stream_output_adapter@D@__crt_stdio_output@@V?$standard_base@DV?$stream_output_adapter@D@__crt_stdio_output@@@2@@__crt_stdio_output@@AAE_NXZ 00409cbf f i libucrt:output.obj
 0001:00008cea       ?to_integer_size@__crt_stdio_output@@YAIW4length_modifier@1@@Z 00409cea f i libucrt:output.obj
 0001:00008d3e       ?type_case_Z@?$output_processor@DV?$string_output_adapter@D@__crt_stdio_output@@V?$standard_base@DV?$string_output_adapter@D@__crt_stdio_output@@@2@@__crt_stdio_output@@AAE_NXZ 00409d3e f i libucrt:output.obj
 0001:00008d3e       ?type_case_Z@?$output_processor@DV?$stream_output_adapter@D@__crt_stdio_output@@V?$standard_base@DV?$stream_output_adapter@D@__crt_stdio_output@@@2@@__crt_stdio_output@@AAE_NXZ 00409d3e f i libucrt:output.obj
 0001:00008d9a       ?type_case_a@?$output_processor@DV?$stream_output_adapter@D@__crt_stdio_output@@V?$standard_base@DV?$stream_output_adapter@D@__crt_stdio_output@@@2@@__crt_stdio_output@@AAE_NXZ 00409d9a f i libucrt:output.obj
 0001:00008d9a       ?type_case_a@?$output_processor@DV?$string_output_adapter@D@__crt_stdio_output@@V?$standard_base@DV?$string_output_adapter@D@__crt_stdio_output@@@2@@__crt_stdio_output@@AAE_NXZ 00409d9a f i libucrt:output.obj
 0001:00008ef3       ?type_case_c_tchar@?$output_processor@DV?$string_output_adapter@D@__crt_stdio_output@@V?$standard_base@DV?$string_output_adapter@D@__crt_stdio_output@@@2@@__crt_stdio_output@@AAE_ND@Z 00409ef3 f i libucrt:output.obj
 0001:00008ef3       ?type_case_c_tchar@?$output_processor@DV?$stream_output_adapter@D@__crt_stdio_output@@V?$standard_base@DV?$stream_output_adapter@D@__crt_stdio_output@@@2@@__crt_stdio_output@@AAE_ND@Z 00409ef3 f i libucrt:output.obj
 0001:00008f83       ?type_case_integer@?$output_processor@DV?$string_output_adapter@D@__crt_stdio_output@@V?$standard_base@DV?$string_output_adapter@D@__crt_stdio_output@@@2@@__crt_stdio_output@@AAE_NI_N@Z 00409f83 f i libucrt:output.obj
 0001:00008f83       ?type_case_integer@?$output_processor@DV?$stream_output_adapter@D@__crt_stdio_output@@V?$standard_base@DV?$stream_output_adapter@D@__crt_stdio_output@@@2@@__crt_stdio_output@@AAE_NI_N@Z 00409f83 f i libucrt:output.obj
 0001:000090d6       ?type_case_n@?$output_processor@DV?$string_output_adapter@D@__crt_stdio_output@@V?$standard_base@DV?$string_output_adapter@D@__crt_stdio_output@@@2@@__crt_stdio_output@@AAE_NXZ 0040a0d6 f i libucrt:output.obj
 0001:000090d6       ?type_case_n@?$output_processor@DV?$stream_output_adapter@D@__crt_stdio_output@@V?$standard_base@DV?$stream_output_adapter@D@__crt_stdio_output@@@2@@__crt_stdio_output@@AAE_NXZ 0040a0d6 f i libucrt:output.obj
 0001:0000914a       ?type_case_o@?$output_processor@DV?$stream_output_adapter@D@__crt_stdio_output@@V?$standard_base@DV?$stream_output_adapter@D@__crt_stdio_output@@@2@@__crt_stdio_output@@AAE_NXZ 0040a14a f i libucrt:output.obj
 0001:0000914a       ?type_case_o@?$output_processor@DV?$string_output_adapter@D@__crt_stdio_output@@V?$standard_base@DV?$string_output_adapter@D@__crt_stdio_output@@@2@@__crt_stdio_output@@AAE_NXZ 0040a14a f i libucrt:output.obj
 0001:00009169       ?type_case_p@?$output_processor@DV?$string_output_adapter@D@__crt_stdio_output@@V?$standard_base@DV?$string_output_adapter@D@__crt_stdio_output@@@2@@__crt_stdio_output@@AAE_NXZ 0040a169 f i libucrt:output.obj
 0001:00009169       ?type_case_p@?$output_processor@DV?$stream_output_adapter@D@__crt_stdio_output@@V?$standard_base@DV?$stream_output_adapter@D@__crt_stdio_output@@@2@@__crt_stdio_output@@AAE_NXZ 0040a169 f i libucrt:output.obj
 0001:00009181       ?type_case_s@?$output_processor@DV?$stream_output_adapter@D@__crt_stdio_output@@V?$standard_base@DV?$stream_output_adapter@D@__crt_stdio_output@@@2@@__crt_stdio_output@@AAE_NXZ 0040a181 f i libucrt:output.obj
 0001:00009181       ?type_case_s@?$output_processor@DV?$string_output_adapter@D@__crt_stdio_output@@V?$standard_base@DV?$string_output_adapter@D@__crt_stdio_output@@@2@@__crt_stdio_output@@AAE_NXZ 0040a181 f i libucrt:output.obj
 0001:000091f2       ?validate@?$stream_output_adapter@D@__crt_stdio_output@@QBE_NXZ 0040a1f2 f i libucrt:output.obj
 0001:00009213       ?validate@?$c_string_character_source@D@__crt_strtox@@QBE_NXZ 0040a213 f i libucrt:atox.obj
 0001:00009213       ?validate@?$string_output_adapter@D@__crt_stdio_output@@QBE_NXZ 0040a213 f i libucrt:output.obj
 0001:0000922e       ?validate_stream_is_ansi_if_required@?$__acrt_stdio_char_traits@D@@SA_NQAU_iobuf@@@Z 0040a22e f i libucrt:output.obj
 0001:000092b5       ?write_character@?$string_output_adapter@D@__crt_stdio_output@@QBE_NDQAH@Z 0040a2b5 f i libucrt:output.obj
 0001:000092f7       ?write_character_without_count_update@?$stream_output_adapter@D@__crt_stdio_output@@QBE_ND@Z 0040a2f7 f i libucrt:output.obj
 0001:0000932d       ?write_stored_string_tchar@?$output_processor@DV?$stream_output_adapter@D@__crt_stdio_output@@V?$standard_base@DV?$stream_output_adapter@D@__crt_stdio_output@@@2@@__crt_stdio_output@@AAE_ND@Z 0040a32d f i libucrt:output.obj
 0001:000093d6       ?write_stored_string_tchar@?$output_processor@DV?$string_output_adapter@D@__crt_stdio_output@@V?$standard_base@DV?$string_output_adapter@D@__crt_stdio_output@@@2@@__crt_stdio_output@@AAE_ND@Z 0040a3d6 f i libucrt:output.obj
 0001:0000947f       ?write_string@?$stream_output_adapter@D@__crt_stdio_output@@QBEXQBDHQAHAAV__crt_deferred_errno_cache@@@Z 0040a47f f i libucrt:output.obj
 0001:000094ab       ?write_string@?$string_output_adapter@D@__crt_stdio_output@@QBEXQBDHQAHAAV__crt_deferred_errno_cache@@@Z 0040a4ab f i libucrt:output.obj
 0001:00009512       ?write_string_impl@?$output_adapter_common@DV?$stream_output_adapter@D@__crt_stdio_output@@@__crt_stdio_output@@IBEXQBDHQAHAAV__crt_deferred_errno_cache@@@Z 0040a512 f i libucrt:output.obj
 0001:000095b2       ___acrt_locale_get_ctype_array_value 0040a5b2 f i libucrt:output.obj
 0001:000095d4       ___stdio_common_vfprintf   0040a5d4 f   libucrt:output.obj
 0001:00009659       ___stdio_common_vsprintf   0040a659 f   libucrt:output.obj
 0001:0000967d       ___acrt_call_reportfault   0040a67d f   libucrt:invalid_parameter.obj
 0001:000097b8       ___acrt_initialize_invalid_parameter_handler 0040a7b8 f   libucrt:invalid_parameter.obj
 0001:000097c7       __invalid_parameter        0040a7c7 f   libucrt:invalid_parameter.obj
 0001:0000982b       __invalid_parameter_noinfo 0040a82b f   libucrt:invalid_parameter.obj
 0001:0000983b       __invalid_parameter_noinfo_noreturn 0040a83b f   libucrt:invalid_parameter.obj
 0001:00009858       __invoke_watson            0040a858 f   libucrt:invalid_parameter.obj
 0001:000098cf       ??$__crt_fast_encode_pointer@P6GXPAXK0@Z@@YAP6GXPAXK0@ZQ6GX0K0@Z@Z 0040a8cf f i libucrt:exit.obj
 0001:000098cf       ??$__crt_fast_encode_pointer@P6AHPAU_exception@@@Z@@YAP6AHPAU_exception@@@ZQ6AH0@Z@Z 0040a8cf f i libucrt:matherr.obj
 0001:000098cf       ??$__crt_fast_encode_pointer@P6AHXZ@@YAP6AHXZQ6AHXZ@Z 0040a8cf f i libucrt:onexit.obj
 0001:00009ace       ___acrt_initialize_thread_local_exit_callback 0040aace f   libucrt:exit.obj
 0001:00009add       __c_exit                   0040aadd f   libucrt:exit.obj
 0001:00009aec       __cexit                    0040aaec f   libucrt:exit.obj
 0001:00009afb       __exit                     0040aafb f   libucrt:exit.obj
 0001:00009b11       __register_thread_local_exe_atexit_callback 0040ab11 f   libucrt:exit.obj
 0001:00009b37       _exit                      0040ab37 f   libucrt:exit.obj
 0001:00009cab       __beginthreadex            0040acab f   libucrt:thread.obj
 0001:00009d30       __endthreadex              0040ad30 f   libucrt:thread.obj
 0001:00009df0       ??$__acrt_mbs_to_wcs_cp@U__crt_win32_buffer_internal_dynamic_resizing@@@@YAHQBDAAV?$__crt_win32_buffer@_WU__crt_win32_buffer_internal_dynamic_resizing@@@@I@Z 0040adf0 f i libucrt:unlink.obj
 0001:00009e0f       ?__acrt_get_utf8_acp_compatibility_codepage@@YAIXZ 0040ae0f f i libucrt:unlink.obj
 0001:00009e50       ?_deallocate@?$__crt_win32_buffer@_WU__crt_win32_buffer_internal_dynamic_resizing@@@@AAEXXZ 0040ae50 f i libucrt:unlink.obj
 0001:00009e50       ?_deallocate@?$__crt_win32_buffer@DU__crt_win32_buffer_internal_dynamic_resizing@@@@AAEXXZ 0040ae50 f i libucrt:argv_wildcards.obj
 0001:00009e6a       ?allocate@?$__crt_win32_buffer@_WU__crt_win32_buffer_internal_dynamic_resizing@@@@QAEHI@Z 0040ae6a f i libucrt:unlink.obj
 0001:00009ea9       ?allocate@__crt_win32_buffer_internal_dynamic_resizing@@SAHQAPAXIABV__crt_win32_buffer_empty_debug_info@@@Z 0040aea9 f i libucrt:unlink.obj
 0001:00009ec8       _remove                    0040aec8 f   libucrt:unlink.obj
 0001:00009f40       _strncpy                   0040af40 f   libucrt:strncpy.obj
 0001:0000a064       _rename                    0040b064 f   libucrt:rename.obj
 0001:0000a282       __freea_crt                0040b282 f i libucrt:strlwr.obj
 0001:0000a2a2       __strlwr                   0040b2a2 f   libucrt:strlwr.obj
 0001:0000a2fe       __strlwr_s_l               0040b2fe f   libucrt:strlwr.obj
 0001:0000a337       _free                      0040b337 f   libucrt:free.obj
 0001:0000a354       ??$is_overflow_condition@K@__crt_strtox@@YA_NIK@Z 0040b354 f i libucrt:atox.obj
 0001:0000a385       ??$parse_integer@KV?$c_string_character_source@D@__crt_strtox@@@__crt_strtox@@YAKQAU__crt_locale_pointers@@V?$c_string_character_source@D@0@H_N@Z 0040b385 f i libucrt:atox.obj
 0001:0000a5ac       ?unget@?$c_string_character_source@D@__crt_strtox@@QAEXD@Z 0040b5ac f i libucrt:atox.obj
 0001:0000a5d5       __chvalidchk_l             0040b5d5 f i libucrt:atox.obj
 0001:0000a5fd       __ischartype_l             0040b5fd f i libucrt:atox.obj
 0001:0000a630       _atoi                      0040b630 f   libucrt:atox.obj
 0001:0000a655       __isdigit_l                0040b655 f i libucrt:_ctype.obj
 0001:0000a68d       _isdigit                   0040b68d f i libucrt:_ctype.obj
 0001:0000a6be       _malloc                    0040b6be f   libucrt:malloc.obj
 0001:0000a776       _fopen                     0040b776 f   libucrt:fopen.obj
 0001:0000a78d       __fclose_nolock            0040b78d f   libucrt:fclose.obj
 0001:0000a804       _fclose                    0040b804 f   libucrt:fclose.obj
 0001:0000a87e       ___acrt_initialize_new_handler 0040b87e f   libucrt:new_handler.obj
 0001:0000a88d       __callnewh                 0040b88d f   libucrt:new_handler.obj
 0001:0000a8ba       __query_new_handler        0040b8ba f   libucrt:new_handler.obj
 0001:0000a90c       __seh_filter_exe           0040b90c f   libucrt:exception_filter.obj
 0001:0000ad17       ___acrt_allocate_buffer_for_argv 0040bd17 f   libucrt:argv_parsing.obj
 0001:0000ad66       __configure_narrow_argv    0040bd66 f   libucrt:argv_parsing.obj
 0001:0000aec5       ??$uninitialize@A6AXAAPAPAD@Z@?$dual_state_global@PAPAD@__crt_state_management@@QAEXA6AXAAPAPAD@Z@Z 0040bec5 f i libucrt:environment_initialization.obj
 0001:0000aec5       ??$uninitialize@A6AXAAPAPA_W@Z@?$dual_state_global@PAPA_W@__crt_state_management@@QAEXA6AXAAPAPA_W@Z@Z 0040bec5 f i libucrt:environment_initialization.obj
 0001:0000af24       ___dcrt_uninitialize_environments_nolock 0040bf24 f   libucrt:environment_initialization.obj
 0001:0000af5b       __initialize_narrow_environment 0040bf5b f   libucrt:environment_initialization.obj
 0001:0000b209       __crt_atexit               0040c209 f   libucrt:onexit.obj
 0001:0000b21f       __execute_onexit_table     0040c21f f   libucrt:onexit.obj
 0001:0000b24e       __initialize_onexit_table  0040c24e f   libucrt:onexit.obj
 0001:0000b277       __register_onexit_function 0040c277 f   libucrt:onexit.obj
 0001:0000b3a9       ___acrt_initialize         0040c3a9 f   libucrt:initialization.obj
 0001:0000b3bb       ___acrt_uninitialize       0040c3bb f   libucrt:initialization.obj
 0001:0000b3eb       _terminate                 0040c3eb f   libucrt:terminate.obj
 0001:0000b427       __query_app_type           0040c427 f   libucrt:report_runtime_error.obj
 0001:0000b42d       __set_app_type             0040c42d f   libucrt:report_runtime_error.obj
 0001:0000b43c       ___acrt_has_user_matherr   0040c43c f   libucrt:matherr.obj
 0001:0000b454       ___acrt_initialize_user_matherr 0040c454 f   libucrt:matherr.obj
 0001:0000b463       ___acrt_invoke_user_matherr 0040c463 f   libucrt:matherr.obj
 0001:0000b495       ___setusermatherr          0040c495 f   libucrt:matherr.obj
 0001:0000b4aa       __get_narrow_winmain_command_line 0040c4aa f   libucrt:argv_winmain.obj
 0001:0000b4fd       __initterm                 0040c4fd f   libucrt:initterm.obj
 0001:0000b544       __initterm_e               0040c544 f   libucrt:initterm.obj
 0001:0000b572       __get_fmode                0040c572 f   libucrt:setmode.obj
 0001:0000b59f       __set_fmode                0040c59f f   libucrt:setmode.obj
 0001:0000b5dc       __setmode_nolock           0040c5dc f   libucrt:setmode.obj
 0001:0000b711       ___acrt_set_locale_changed 0040c711 f   libucrt:wsetlocale.obj
 0001:0000b71c       ___acrt_uninitialize_locale 0040c71c f   libucrt:wsetlocale.obj
 0001:0000b745       __configthreadlocale       0040c745 f   libucrt:wsetlocale.obj
 0001:0000b7a7       __query_new_mode           0040c7a7 f   libucrt:new_mode.obj
 0001:0000b7ae       __set_new_mode             0040c7ae f   libucrt:new_mode.obj
 0001:0000b7dd       ___p__commode              0040c7dd f   libucrt:ncommode.obj
 0001:0000b7e3       __controlfp_s              0040c7e3 f   libucrt:contrlfp.obj
 0001:0000b842       ___acrt_errno_from_os_error 0040c842 f   libucrt:errno.obj
 0001:0000b885       ___acrt_errno_map_os_error 0040c885 f   libucrt:errno.obj
 0001:0000b8a8       ___doserrno                0040c8a8 f   libucrt:errno.obj
 0001:0000b8bb       __errno                    0040c8bb f   libucrt:errno.obj
 0001:0000b8ce       __recalloc_base            0040c8ce f   libucrt:recalloc.obj
 0001:0000b93b       _strcpy_s                  0040c93b f   libucrt:strcpy_s.obj
 0001:0000b995       _abort                     0040c995 f   libucrt:abort.obj
 0001:0000b9d9       _calloc                    0040c9d9 f   libucrt:calloc.obj
 0001:0000b9e4       _wcsncmp                   0040c9e4 f   libucrt:wcsncmp.obj
 0001:0000ba20       _strncmp                   0040ca20 f   libucrt:strncmp.obj
 0001:0000bbfb       __tolower_l                0040cbfb f   libucrt:tolower_toupper.obj
 0001:0000bc15       _tolower                   0040cc15 f   libucrt:tolower_toupper.obj
 0001:0000bc45       __free_base                0040cc45 f   libucrt:free_base.obj
 0001:0000bc7f       __malloc_base              0040cc7f f   libucrt:malloc_base.obj
 0001:0000bccd       ??$make_c_string_character_source@DPAPAD@__crt_strtox@@YA?AV?$c_string_character_source@D@0@QBDQAPAD@Z 0040cccd f i libucrt:strtox.obj
 0001:0000bce8       _strtol                    0040cce8 f   libucrt:strtox.obj
 0001:0000bd14       __mbtowc_l                 0040cd14 f   libucrt:mbtowc.obj
 0001:0000be58       _mbtowc                    0040ce58 f   libucrt:mbtowc.obj
 0001:0000be72       __wctomb_s_l               0040ce72 f   libucrt:wctomb.obj
 0001:0000bfcf       _wctomb_s                  0040cfcf f   libucrt:wctomb.obj
 0001:0000bfec       _strnlen                   0040cfec f   libucrt:strnlen.obj
 0001:0000c10e       _wcsnlen                   0040d10e f   libucrt:strnlen.obj
 0001:0000c5d8       ___acrt_getptd             0040d5d8 f   libucrt:per_thread_data.obj
 0001:0000c695       ___acrt_getptd_head        0040d695 f   libucrt:per_thread_data.obj
 0001:0000c72f       ___acrt_getptd_noexit      0040d72f f   libucrt:per_thread_data.obj
 0001:0000c7e4       ___acrt_initialize_ptd     0040d7e4 f   libucrt:per_thread_data.obj
 0001:0000c810       ___acrt_uninitialize_ptd   0040d810 f   libucrt:per_thread_data.obj
 0001:0000c82a       ___acrt_update_locale_info 0040d82a f   libucrt:locale_update.obj
 0001:0000c857       ___acrt_update_multibyte_info 0040d857 f   libucrt:locale_update.obj
 0001:0000c884       ?__acrt_fp_classify@@YA?AW4__acrt_fp_class@@ABN@Z 0040d884 f i libucrt:cvt.obj
 0001:0000d13b       ___acrt_fp_format          0040e13b f   libucrt:cvt.obj
 0001:0000d278       __fileno                   0040e278 f   libucrt:fileno.obj
 0001:0000d29f       ___acrt_initialize_stdio   0040e29f f   libucrt:_file.obj
 0001:0000d367       ___acrt_iob_func           0040e367 f   libucrt:_file.obj
 0001:0000d377       ___acrt_uninitialize_stdio 0040e377 f   libucrt:_file.obj
 0001:0000d3c3       __lock_file                0040e3c3 f   libucrt:_file.obj
 0001:0000d3d7       __unlock_file              0040e3d7 f   libucrt:_file.obj
 0001:0000d3eb       __fputc_nolock             0040e3eb f   libucrt:fputc.obj
 0001:0000d414       __get_printf_count_output  0040e414 f   libucrt:printf_count_output.obj
 0001:0000d429       ___acrt_stdio_begin_temporary_buffering_nolock 0040e429 f   libucrt:_sftbuf.obj
 0001:0000d4dc       ___acrt_stdio_end_temporary_buffering_nolock 0040e4dc f   libucrt:_sftbuf.obj
 0001:0000d682       ___acrt_initialize_lowio   0040e682 f   libucrt:ioinit.obj
 0001:0000d6d8       ___acrt_uninitialize_lowio 0040e6d8 f   libucrt:ioinit.obj
 0001:0000d704       ___acrt_initialize_locks   0040e704 f   libucrt:locks.obj
 0001:0000d745       ___acrt_lock               0040e745 f   libucrt:locks.obj
 0001:0000d75c       ___acrt_uninitialize_locks 0040e75c f   libucrt:locks.obj
 0001:0000d78d       ___acrt_unlock             0040e78d f   libucrt:locks.obj
 0001:0000d7a4       ___acrt_get_begin_thread_init_policy 0040e7a4 f   libucrt:win_policies.obj
 0001:0000d7ea       ___acrt_get_process_end_policy 0040e7ea f   libucrt:win_policies.obj
 0001:0000d81d       __calloc_base              0040e81d f   libucrt:calloc_base.obj
 0001:0000da14       ___acrt_AppPolicyGetProcessTerminationMethodInternal@4 0040ea14 f   libucrt:winapi_thunks.obj
 0001:0000da54       ___acrt_AppPolicyGetThreadInitializationTypeInternal@4 0040ea54 f   libucrt:winapi_thunks.obj
 0001:0000da94       ___acrt_AreFileApisANSI@0  0040ea94 f   libucrt:winapi_thunks.obj
 0001:0000dab3       ___acrt_FlsAlloc@4         0040eab3 f   libucrt:winapi_thunks.obj
 0001:0000daf2       ___acrt_FlsFree@4          0040eaf2 f   libucrt:winapi_thunks.obj
 0001:0000db31       ___acrt_FlsGetValue@4      0040eb31 f   libucrt:winapi_thunks.obj
 0001:0000db70       ___acrt_FlsSetValue@8      0040eb70 f   libucrt:winapi_thunks.obj
 0001:0000dbb2       ___acrt_InitializeCriticalSectionEx@12 0040ebb2 f   libucrt:winapi_thunks.obj
 0001:0000dbfd       ___acrt_LCMapStringEx@36   0040ebfd f   libucrt:winapi_thunks.obj
 0001:0000dc5a       ___acrt_LocaleNameToLCID@8 0040ec5a f   libucrt:winapi_thunks.obj
 0001:0000dc8b       ___acrt_RoInitialize@4     0040ec8b f   libucrt:winapi_thunks.obj
 0001:0000dcc6       ___acrt_RoUninitialize@0   0040ecc6 f   libucrt:winapi_thunks.obj
 0001:0000dcf4       ___acrt_initialize_winapi_thunks 0040ecf4 f   libucrt:winapi_thunks.obj
 0001:0000dd1f       ___acrt_uninitialize_winapi_thunks 0040ed1f f   libucrt:winapi_thunks.obj
 0001:0000dd55       ___acrt_MultiByteToWideChar 0040ed55 f   libucrt:multibytetowidechar.obj
 0001:0000ddd1       __wremove                  0040edd1 f   libucrt:wunlink.obj
 0001:0000ddf9       __wrename                  0040edf9 f   libucrt:wrename.obj
 0001:0000e012       ___acrt_LCMapStringA       0040f012 f   libucrt:lcmapstringa.obj
 0001:0000e05d       ___pctype_func             0040f05d f   libucrt:ctype.obj
 0001:0000e083       __isctype_l                0040f083 f   libucrt:isctype.obj
 0001:0000e158       ?__acrt_stdio_allocate_stream@@YA?AV__crt_stdio_stream@@XZ 0040f158 f   libucrt:stream.obj
 0001:0000e1b7       ?__acrt_stdio_free_stream@@YAXV__crt_stdio_stream@@@Z 0040f1b7 f   libucrt:stream.obj
 0001:0000e2b6       ??$__acrt_stdio_parse_mode@D@@YA?AU__acrt_stdio_stream_mode@@QBD@Z 0040f2b6 f i libucrt:openfile.obj
 0001:0000e56a       ?__acrt_stdio_parse_mode_D@@YA_NAAU__acrt_stdio_stream_mode@@@Z 0040f56a f i libucrt:openfile.obj
 0001:0000e585       ?__acrt_stdio_parse_mode_T@@YA_NAAU__acrt_stdio_stream_mode@@@Z 0040f585 f i libucrt:openfile.obj
 0001:0000e5a4       ?__acrt_stdio_parse_mode_b@@YA_NAAU__acrt_stdio_stream_mode@@@Z 0040f5a4 f i libucrt:openfile.obj
 0001:0000e5c4       ?__acrt_stdio_parse_mode_c@@YA_NAAU__acrt_stdio_stream_mode@@AA_N@Z 0040f5c4 f i libucrt:openfile.obj
 0001:0000e5e6       ?__acrt_stdio_parse_mode_n@@YA_NAAU__acrt_stdio_stream_mode@@AA_N@Z 0040f5e6 f i libucrt:openfile.obj
 0001:0000e608       ?__acrt_stdio_parse_mode_plus@@YA_NAAU__acrt_stdio_stream_mode@@AA_N@Z 0040f608 f i libucrt:openfile.obj
 0001:0000e63e       ?__acrt_stdio_parse_mode_t@@YA_NAAU__acrt_stdio_stream_mode@@@Z 0040f63e f i libucrt:openfile.obj
 0001:0000e65e       ?__acrt_stdio_parse_mode_x@@YA_NAAU__acrt_stdio_stream_mode@@@Z 0040f65e f i libucrt:openfile.obj
 0001:0000e67e       __openfile                 0040f67e f   libucrt:openfile.obj
 0001:0000e70b       __close                    0040f70b f   libucrt:close.obj
 0001:0000e79a       __close_nolock             0040f79a f   libucrt:close.obj
 0001:0000e836       ___acrt_stdio_free_buffer_nolock 0040f836 f   libucrt:_freebuf.obj
 0001:0000ea41       ___acrt_stdio_flush_nolock 0040fa41 f   libucrt:fflush.obj
 0001:0000eaa6       __fflush_nolock            0040faa6 f   libucrt:fflush.obj
 0001:0000eaee       __flushall                 0040faee f   libucrt:fflush.obj
 0001:0000f0db       ?allocate@?$__crt_win32_buffer@DU__crt_win32_buffer_internal_dynamic_resizing@@@@QAEHI@Z 004100db f i libucrt:argv_wildcards.obj
 0001:0000f19e       ___acrt_expand_narrow_argv_wildcards 0041019e f   libucrt:argv_wildcards.obj
 0001:0000f270       ?allocate@?$__crt_win32_buffer@DU__crt_win32_buffer_no_resizing@@@@QAEHI@Z 00410270 f i libucrt:getmodulefilenamea.obj
 0001:0000f297       ?set_to_nullptr@?$__crt_win32_buffer@DU__crt_win32_buffer_no_resizing@@@@QAEXXZ 00410297 f i libucrt:getmodulefilenamea.obj
 0001:0000f2ab       ___acrt_GetModuleFileNameA 004102ab f   libucrt:getmodulefilenamea.obj
 0001:0000f85e       ___acrt_initialize_multibyte 0041085e f   libucrt:mbctype.obj
 0001:0000f8a6       ___acrt_update_thread_multibyte_data 004108a6 f   libucrt:mbctype.obj
 0001:0000f8b9       __setmbcp_nolock           004108b9 f   libucrt:mbctype.obj
 0001:0000fb88       __ismbblead                00410b88 f   libucrt:ismbbyte.obj
 0001:0000fba0       ___acrt_initialize_command_line 00410ba0 f   libucrt:argv_data.obj
 0001:0000fbb9       ___acrt_WideCharToMultiByte 00410bb9 f   libucrt:widechartomultibyte.obj
 0001:0000fc9d       ___dcrt_get_narrow_environment_from_os 00410c9d f   libucrt:get_environment_from_os.obj
 0001:0000fd23       ___acrt_initialize_heap    00410d23 f   libucrt:heap_handle.obj
 0001:0000fd34       ___acrt_uninitialize_heap  00410d34 f   libucrt:heap_handle.obj
 0001:0000fd3e       ___acrt_execute_initializers 00410d3e f   libucrt:shared_initialization.obj
 0001:0000fda6       ___acrt_execute_uninitializers 00410da6 f   libucrt:shared_initialization.obj
 0001:0000fe9b       ___acrt_get_sigabrt_handler 00410e9b f   libucrt:signal.obj
 0001:0000fec4       ___acrt_initialize_signal_handlers 00410ec4 f   libucrt:signal.obj
 0001:0000fee2       ___fpecode                 00410ee2 f   libucrt:signal.obj
 0001:0000feeb       _raise                     00410eeb f   libucrt:signal.obj
 0001:000100d2       ___acrt_lowio_create_handle_array 004110d2 f   libucrt:osfinfo.obj
 0001:0001014f       ___acrt_lowio_destroy_handle_array 0041114f f   libucrt:osfinfo.obj
 0001:00010184       ___acrt_lowio_ensure_fh_exists 00411184 f   libucrt:osfinfo.obj
 0001:00010218       ___acrt_lowio_lock_fh      00411218 f   libucrt:osfinfo.obj
 0001:0001023b       ___acrt_lowio_set_os_handle 0041123b f   libucrt:osfinfo.obj
 0001:000102cf       ___acrt_lowio_unlock_fh    004112cf f   libucrt:osfinfo.obj
 0001:000102f2       __alloc_osfhnd             004112f2 f   libucrt:osfinfo.obj
 0001:000103fb       __free_osfhnd              004113fb f   libucrt:osfinfo.obj
 0001:0001048c       __get_osfhandle            0041148c f   libucrt:osfinfo.obj
 0001:000104f6       ___acrt_locale_free_monetary 004114f6 f   libucrt:initmon.obj
 0001:000105f4       ___acrt_locale_free_numeric 004115f4 f   libucrt:initnum.obj
 0001:00010695       ___acrt_locale_free_time   00411695 f   libucrt:inittime.obj
 0001:00010779       ___acrt_GetStringTypeA     00411779 f   libucrt:getstringtypea.obj
 0001:0001087e       ___acrt_add_locale_ref     0041187e f   libucrt:locale_refcounting.obj
 0001:000108fb       ___acrt_free_locale        004118fb f   libucrt:locale_refcounting.obj
 0001:00010a45       ___acrt_locale_add_lc_time_reference 00411a45 f   libucrt:locale_refcounting.obj
 0001:00010a6e       ___acrt_locale_free_lc_time_if_unreferenced 00411a6e f   libucrt:locale_refcounting.obj
 0001:00010a9f       ___acrt_locale_release_lc_time_reference 00411a9f f   libucrt:locale_refcounting.obj
 0001:00010ac8       ___acrt_release_locale_ref 00411ac8 f   libucrt:locale_refcounting.obj
 0001:00010b49       ___acrt_update_thread_locale_data 00411b49 f   libucrt:locale_refcounting.obj
 0001:00010bc0       __updatetlocinfoEx_nolock  00411bc0 f   libucrt:locale_refcounting.obj
 0001:00010cb7       __clearfp                  00411cb7 f   libucrt:ieee87.obj
 0001:00010d97       __control87                00411d97 f   libucrt:ieee87.obj
 0001:00011134       __msize_base               00412134 f   libucrt:msize.obj
 0001:00011167       __realloc_base             00412167 f   libucrt:realloc_base.obj
 0001:000111d0       __isleadbyte_l             004121d0 f i libucrt:_wctype.obj
 0001:00011238       ?__mbrtowc_utf8@__crt_mbstring@@YAIPA_WPBDIPAU_Mbstatet@@@Z 00412238 f   libucrt:mbrtowc.obj
 0001:0001127a       ?__mbsrtowcs_utf8@__crt_mbstring@@YAIPA_WPAPBDIPAU_Mbstatet@@@Z 0041227a f   libucrt:mbrtowc.obj
 0001:00011377       ?__c32rtomb_utf8@__crt_mbstring@@YAIPAD_UPAU_Mbstatet@@@Z 00412377 f   libucrt:c32rtomb.obj
 0001:00011426       ?return_illegal_sequence@__crt_mbstring@@YAIPAU_Mbstatet@@@Z 00412426 f i libucrt:c32rtomb.obj
 0001:00011445       ___acrt_fp_strflt_to_string 00412445 f   libucrt:_fptostr.obj
 0001:00011510       ?divide@__crt_strtox@@YA_KAAUbig_integer@1@ABU21@@Z 00412510 f i libucrt:cfout.obj
 0001:000119a8       ___acrt_fltout             004129a8 f   libucrt:cfout.obj
 0001:00012f6c       ___acrt_stdio_flush_and_write_narrow_nolock 00413f6c f   libucrt:_flsbuf.obj
 0001:00012f77       __fcloseall                00413f77 f   libucrt:closeall.obj
 0001:00013018       __isatty                   00414018 f   libucrt:isatty.obj
 0001:00013122       ___acrt_DownlevelLocaleNameToLCID 00414122 f   libucrt:lcidtoname_downlevel.obj
 0001:0001314e       ___strncnt                 0041414e f   libucrt:strncnt.obj
 0001:0001316a       __strnicmp                 0041416a f   libucrt:strnicmp.obj
 0001:000131d7       __strnicmp_l               004141d7 f   libucrt:strnicmp.obj
 0001:00013857       __sopen_nolock             00414857 f   libucrt:open.obj
 0001:000138c7       __sopen_s                  004148c7 f   libucrt:open.obj
 0001:000138e7       __wsopen_nolock            004148e7 f   libucrt:open.obj
 0001:00013cab       __commit                   00414cab f   libucrt:commit.obj
 0001:000144af       __write                    004154af f   libucrt:write.obj
 0001:00014597       __write_nolock             00415597 f   libucrt:write.obj
 0001:000147c0       _qsort                     004157c0 f   libucrt:qsort.obj
 0001:00014cb7       _strncpy_s                 00415cb7 f   libucrt:strncpy_s.obj
 0001:00014cd0       _strpbrk                   00415cd0 f   libucrt:strpbrk.obj
 0001:00014d10       __mbsdec                   00415d10 f   libucrt:mbsdec.obj
 0001:00014d27       __mbsdec_l                 00415d27 f   libucrt:mbsdec.obj
 0001:00014dc5       ___set_fpsr_sse2           00415dc5 f   libucrt:fpctrl.obj
 0001:00014e3b       __clrfp                    00415e3b f   libucrt:fpctrl.obj
 0001:00014e4e       __ctrlfp                   00415e4e f   libucrt:fpctrl.obj
 0001:00014e7a       __set_statfp               00415e7a f   libucrt:fpctrl.obj
 0001:00014ed5       __statfp                   00415ed5 f   libucrt:fpctrl.obj
 0001:00014ee7       ?__mbrtoc32_utf8@__crt_mbstring@@YAIPA_UPBDIPAU_Mbstatet@@@Z 00415ee7 f   libucrt:mbrtoc32.obj
 0001:0001509b       _fegetenv                  0041609b f   libucrt:fegetenv.obj
 0001:000150b8       _fesetenv                  004160b8 f   libucrt:fesetenv.obj
 0001:00015105       _feholdexcept              00416105 f   libucrt:feholdexcept.obj
 0001:00015160       __CIlog10                  00416160 f   libucrt:log10_impl.obj
 0001:0001519b       __CIlog10_default          0041619b f   libucrt:log10_impl.obj
 0001:000151af       __log10_default            004161af     libucrt:log10_impl.obj
 0001:00015270       _ceil                      00416270 f   libucrt:ceil_pentium4.obj
 0001:000152b0       __ceil_pentium4            004162b0 f   libucrt:ceil_pentium4.obj
 0001:0001550d       __lseeki64                 0041650d f   libucrt:lseek.obj
 0001:00015528       __lseeki64_nolock          00416528 f   libucrt:lseek.obj
 0001:00015543       ___acrt_stdio_allocate_buffer_nolock 00416543 f   libucrt:_getbuf.obj
 0001:000155a0       ___ascii_strnicmp          004165a0 f   libucrt:_strnicm.obj
 0001:00015601       ??0__crt_seek_guard@@QAE@H_J@Z 00416601 f i libucrt:chsize.obj
 0001:0001564e       __chsize_nolock            0041664e f   libucrt:chsize.obj
 0001:00015cb8       __read_nolock              00416cb8 f   libucrt:read.obj
 0001:0001606a       __putwch_nolock            0041706a f   libucrt:putwch.obj
 0001:000163af       ___acrt_fenv_get_control   004173af f   libucrt:_fenvutils.obj
 0001:00016431       ___acrt_fenv_get_status    00417431 f   libucrt:_fenvutils.obj
 0001:000164eb       ___acrt_fenv_set_control   004174eb f   libucrt:_fenvutils.obj
 0001:00016555       ___acrt_fenv_set_status    00417555 f   libucrt:_fenvutils.obj
 0001:0001664e       ___acrt_initialize_sse2    0041764e f   libucrt:mathfcns.obj
 0001:00016660       __CIlog10_pentium4         00417660 f   libucrt:log10_pentium4.obj
 0001:00016678       __log10_pentium4           00417678     libucrt:log10_pentium4.obj
 0001:00016910       __fFEXP                    00417910 f   libucrt:87tran.obj
 0001:00016967       __rtinfpopse               00417967     libucrt:87tran.obj
 0001:00016969       __rtinfnpopse              00417969     libucrt:87tran.obj
 0001:00016979       __fFLN                     00417979     libucrt:87tran.obj
 0001:00016a2e       __rtinfpop                 00417a2e     libucrt:87tran.obj
 0001:00016a30       __rtinfnpop                00417a30     libucrt:87tran.obj
 0001:00016a40       __rtforexpinf              00417a40 f   libucrt:87tran.obj
 0001:00016a4d       __ffexpm1                  00417a4d     libucrt:87tran.obj
 0001:00016b00       __trandisp1                00417b00 f   libucrt:87disp.obj
 0001:00016b75       __trandisp2                00417b75 f   libucrt:87disp.obj
 0001:00016c0f       __rttospopde               00417c0f     libucrt:87disp.obj
 0001:00016c14       __rttospop                 00417c14     libucrt:87disp.obj
 0001:00016c20       __rtnospop                 00417c20 f   libucrt:87disp.obj
 0001:00016c30       __rttosnpop                00417c30 f   libucrt:87disp.obj
 0001:00016c31       __rtnospopde               00417c31     libucrt:87disp.obj
 0001:00016c38       __rtzeropop                00417c38     libucrt:87disp.obj
 0001:00016c3a       __rtzeronpop               00417c3a     libucrt:87disp.obj
 0001:00016c40       __rtzerospop               00417c40 f   libucrt:87disp.obj
 0001:00016c4d       __rtonepop                 00417c4d     libucrt:87disp.obj
 0001:00016c50       __rtonenpop                00417c50 f   libucrt:87disp.obj
 0001:00016c60       __tosnan1                  00417c60 f   libucrt:87disp.obj
 0001:00016c90       __nosnan2                  00417c90 f   libucrt:87disp.obj
 0001:00016ca0       __tosnan2                  00417ca0 f   libucrt:87disp.obj
 0001:00016cd0       __nan2                     00417cd0 f   libucrt:87disp.obj
 0001:00016d10       __rtindfpop                00417d10 f   libucrt:87disp.obj
 0001:00016d12       __rtindfnpop               00417d12     libucrt:87disp.obj
 0001:00016d23       __rttosnpopde              00417d23     libucrt:87disp.obj
 0001:00016d30       __rtatan2inf               00417d30 f   libucrt:87disp.obj
 0001:00016d4d       __rtchsifneg               00417d4d     libucrt:87disp.obj
 0001:00016d60       __twoToTOS                 00417d60 f   libucrt:common.obj
 0001:00016d75       __load_CW                  00417d75 f   libucrt:common.obj
 0001:00016d8c       __convertTOStoQNaN         00417d8c f   libucrt:common.obj
 0001:00016da5       __fload_withFB             00417da5 f   libucrt:common.obj
 0001:00016de8       __checkTOS_withFB          00417de8 f   libucrt:common.obj
 0001:00016dfe       __fast_exit                00417dfe f   libucrt:common.obj
 0001:00016e0b       __math_exit                00417e0b f   libucrt:common.obj
 0001:00016e35       __check_overflow_exit      00417e35 f   libucrt:common.obj
 0001:00016e49       __check_range_exit         00417e49 f   libucrt:common.obj
 0001:00016ef0       __startTwoArgErrorHandling 00417ef0 f   libucrt:genexcep.obj
 0001:00016f07       __startOneArgErrorHandling 00417f07 f   libucrt:genexcep.obj
 0001:00016f43       ___libm_error_support      00417f43 f   libucrt:libm_error.obj
 0001:00017139       __ceil_default             00418139 f   libucrt:ceil.obj
 0001:0001720f       ___dcrt_lowio_ensure_console_output_initialized 0041820f f   libucrt:initcon.obj
 0001:0001722e       ___dcrt_terminate_console_output 0041822e f   libucrt:initcon.obj
 0001:00017245       ___dcrt_write_console      00418245 f   libucrt:initcon.obj
 0001:0001729a       __d_inttype                0041829a f   libucrt:powhlp.obj
 0001:00017304       __powhlp                   00418304 f   libucrt:powhlp.obj
 0001:0001742f       __87except                 0041842f f   libucrt:87except.obj
 0001:00017539       __frnd                     00418539 f   libucrt:frnd.obj
 0001:0001754f       __errcode                  0041854f f   libucrt:fpexcept.obj
 0001:00017583       __except1                  00418583 f   libucrt:fpexcept.obj
 0001:00017651       __handle_exc               00418651 f   libucrt:fpexcept.obj
[...]
 0002:00015210       __sehtable$__fcloseall     00448210     libucrt:closeall.obj
 0002:00015230       __sehtable$??$common_sopen_dispatch@D@@YAHQBDHHHQAHH@Z 00448230     libucrt:open.obj
 0002:00015250       __sehtable$??$?RV<lambda_9e9de3de5fa147e2223d7db92bc10aa6>@@AAV<lambda_38ce7e780aa69e748d6df282ebc68efe>@@V<lambda_8ca6da459f0f6780f1cff60fdc3d00e5>@@@?$__crt_seh_guarded_call@H@@QAEH$$QAV<lambda_9e9de3de5fa147e2223d7db92bc10aa6>@@AAV<lambda_38ce7e780aa69e748d6df282ebc68efe>@@$$QAV<lambda_8ca6da459f0f6780f1cff60fdc3d00e5>@@@Z 00448250     libucrt:commit.obj
 0002:00015270       __sehtable$__write         00448270     libucrt:write.obj
 0002:00015290       __sehtable$___set_fpsr_sse2 00448290     libucrt:fpctrl.obj
 0002:000152b0       __sehtable$??$common_lseek@_J@@YA_JH_JH@Z 004482b0     libucrt:lseek.obj
 0002:000152d0       __sehtable$__IsNonwritableInCurrentImage 004482d0     LIBCMT:pesect.obj
 0002:00015378       __ehfuncinfo$?CheckIPAddress@MonitorIPs@@IAEXXZ 00448378     MonitorIPs.obj
 0002:0001539c       __unwindtable$?CheckIPAddress@MonitorIPs@@IAEXXZ 0044839c     MonitorIPs.obj
 0002:000153a4       __ehfuncinfo$_WinMain@16   004483a4     SysStatus.obj
 0002:000153c8       __unwindtable$_WinMain@16  004483c8     SysStatus.obj
 0002:000153f8       __ehfuncinfo$?AdjustProcessRights@@YAXXZ 004483f8     SysStatus.obj
 0002:0001541c       __tryblocktable$?AdjustProcessRights@@YAXXZ 0044841c     SysStatus.obj
 0002:00015430       __unwindtable$?AdjustProcessRights@@YAXXZ 00448430     SysStatus.obj
 0002:00015470       __catchsym$?AdjustProcessRights@@YAXXZ$8 00448470     SysStatus.obj
 0002:00015480       __ehfuncinfo$?ModifyPrivilege@@YA_NPBD_N@Z 00448480     SysStatus.obj
 0002:000154a4       __unwindtable$?ModifyPrivilege@@YA_NPBD_N@Z 004484a4     SysStatus.obj
 0002:000154b4       __ehfuncinfo$?GetWMIStatus@@YAXXZ 004484b4     SysStatus.obj
 0002:000154d8       __unwindtable$?GetWMIStatus@@YAXXZ 004484d8     SysStatus.obj
 0002:000154f0       __ehfuncinfo$?GetSystemStatusChanges@@YAXXZ 004484f0     SysStatus.obj
 0002:00015514       __unwindtable$?GetSystemStatusChanges@@YAXXZ 00448514     SysStatus.obj
 0002:00015534       __ehfuncinfo$?GetSystemStatus@@YAXXZ 00448534     SysStatus.obj
 0002:00015558       __unwindtable$?GetSystemStatus@@YAXXZ 00448558     SysStatus.obj
 0002:00015578       __ehfuncinfo$?GetSystemDetails@@YAXXZ 00448578     SysStatus.obj
 0002:0001559c       __unwindtable$?GetSystemDetails@@YAXXZ 0044859c     SysStatus.obj
 0002:000155c4       __ehfuncinfo$?GetSystemIPAddresses@@YAXPAVMonitorIPs@@_N@Z 004485c4     SysStatus.obj
 0002:000155e8       __unwindtable$?GetSystemIPAddresses@@YAXPAVMonitorIPs@@_N@Z 004485e8     SysStatus.obj
 0002:000155f0       __ehfuncinfo$?PrinterInfo@@YGIPAX@Z 004485f0     SysStatus.obj
 0002:00015614       __tryblocktable$?PrinterInfo@@YGIPAX@Z 00448614     SysStatus.obj
 0002:00015650       __unwindtable$?PrinterInfo@@YGIPAX@Z 00448650     SysStatus.obj
 0002:000156e8       __catchsym$?PrinterInfo@@YGIPAX@Z$19 004486e8     SysStatus.obj
 0002:000156f8       __catchsym$?PrinterInfo@@YGIPAX@Z$20 004486f8     SysStatus.obj
 0002:00015708       __catchsym$?PrinterInfo@@YGIPAX@Z$21 00448708     SysStatus.obj
 0002:00015718       __ehfuncinfo$?GetMediaTypeList@@YAPAU_ptrdata_info_list_@@PBD0@Z 00448718     SysStatus.obj
 0002:0001573c       __unwindtable$?GetMediaTypeList@@YAPAU_ptrdata_info_list_@@PBD0@Z 0044873c     SysStatus.obj
 0002:0001575c       __ehfuncinfo$?GetPaperList@@YAPAU_ptrdata_info_list_@@PBD0PBU_devicemodeA@@@Z 0044875c     SysStatus.obj
 0002:00015780       __unwindtable$?GetPaperList@@YAPAU_ptrdata_info_list_@@PBD0PBU_devicemodeA@@@Z 00448780     SysStatus.obj
 0002:000157a8       __ehfuncinfo$?GetBinList@@YAPAU_ptrdata_info_list_@@PBD0@Z 004487a8     SysStatus.obj
 0002:000157cc       __unwindtable$?GetBinList@@YAPAU_ptrdata_info_list_@@PBD0@Z 004487cc     SysStatus.obj
 0002:000157ec       __ehfuncinfo$?GetPrintersList@@YAHXZ 004487ec     SysStatus.obj
 0002:00015810       __unwindtable$?GetPrintersList@@YAHXZ 00448810     SysStatus.obj
 0002:00015820       __ehfuncinfo$?PerformanceInfo@@YGIPAX@Z 00448820     SysStatus.obj
 0002:00015844       __unwindtable$?PerformanceInfo@@YGIPAX@Z 00448844     SysStatus.obj
 0002:0001584c       __ehfuncinfo$?DeviceDrivers@@YGIPAX@Z 0044884c     SysStatus.obj
 0002:00015870       __unwindtable$?DeviceDrivers@@YGIPAX@Z 00448870     SysStatus.obj
 0002:00015880       __ehfuncinfo$?SystemLogicalProcessorInforamtion@@YGIPAX@Z 00448880     SysStatus.obj
 0002:000158a4       __unwindtable$?SystemLogicalProcessorInforamtion@@YGIPAX@Z 004488a4     SysStatus.obj
 0002:000158ac       __ehfuncinfo$?LogicalDrives@@YGIPAX@Z 004488ac     SysStatus.obj
 0002:000158d0       __unwindtable$?LogicalDrives@@YGIPAX@Z 004488d0     SysStatus.obj
 0002:000158e8       __ehfuncinfo$?OSInfo@@YGIPAX@Z 004488e8     SysStatus.obj
 0002:0001590c       __unwindtable$?OSInfo@@YGIPAX@Z 0044890c     SysStatus.obj
 0002:00015914       __ehfuncinfo$?HwProfile@@YGIPAX@Z 00448914     SysStatus.obj
 0002:00015938       __unwindtable$?HwProfile@@YGIPAX@Z 00448938     SysStatus.obj
 0002:00015940       __ehfuncinfo$?ProcessInfo@@YGIPAX@Z 00448940     SysStatus.obj
 0002:00015964       __unwindtable$?ProcessInfo@@YGIPAX@Z 00448964     SysStatus.obj
 0002:00015974       __ehfuncinfo$?ThreadUSB@@YGIPAX@Z 00448974     SysStatus.obj
 0002:00015998       __unwindtable$?ThreadUSB@@YGIPAX@Z 00448998     SysStatus.obj
 0002:000159b0       __ehfuncinfo$?ThreadMessage@@YGIPAX@Z 004489b0     SysStatus.obj
 0002:000159d4       __unwindtable$?ThreadMessage@@YGIPAX@Z 004489d4     SysStatus.obj
 0002:000159e4       __ehfuncinfo$?WndProcMessage@@YGJPAUHWND__@@IIJ@Z 004489e4     SysStatus.obj
 0002:00015a08       __unwindtable$?WndProcMessage@@YGJPAUHWND__@@IIJ@Z 00448a08     SysStatus.obj
 0002:00015a10       __sehtable$?SetThreadName@@YAXPBDK@Z 00448a10     SysStatus.obj
 0002:00015a2c       __ehfuncinfo$?CreateMiniDump@@YAXPAU_EXCEPTION_POINTERS@@@Z 00448a2c     SysStatus.obj
 0002:00015a50       __unwindtable$?CreateMiniDump@@YAXPAU_EXCEPTION_POINTERS@@@Z 00448a50     SysStatus.obj
 0002:00015a58       __ehfuncinfo$?parseNullTerminatedStrings@@YA$$QAV?$vector@V?$basic_string@DU?$char_traits@D@std@@V?$allocator@D@2@@std@@V?$allocator@V?$basic_string@DU?$char_traits@D@std@@V?$allocator@D@2@@std@@@2@@std@@PBD@Z 00448a58     SysStatus.obj
 0002:00015a7c       __unwindtable$?parseNullTerminatedStrings@@YA$$QAV?$vector@V?$basic_string@DU?$char_traits@D@std@@V?$allocator@D@2@@std@@V?$allocator@V?$basic_string@DU?$char_traits@D@std@@V?$allocator@D@2@@std@@@2@@std@@PBD@Z 00448a7c     SysStatus.obj
 0002:00015a8c       __ehfuncinfo$?GetLastErrorMessage@@YA?AV?$basic_string@DU?$char_traits@D@std@@V?$allocator@D@2@@std@@K@Z 00448a8c     SysStatus.obj
 0002:00015ab0       __unwindtable$?GetLastErrorMessage@@YA?AV?$basic_string@DU?$char_traits@D@std@@V?$allocator@D@2@@std@@K@Z 00448ab0     SysStatus.obj
 0002:00015ad0       __ehfuncinfo$?UnknownDescriptor@USB@@IAEXPAU_USB_COMMON_DESCRIPTOR@@@Z 00448ad0     USB.obj
 0002:00015af4       __unwindtable$?UnknownDescriptor@USB@@IAEXPAU_USB_COMMON_DESCRIPTOR@@@Z 00448af4     USB.obj
 0002:00015b1c       __ehfuncinfo$?StringDescriptor@USB@@IAEXEPAU_STRING_DESCRIPTOR_NODE@@@Z 00448b1c     USB.obj
 0002:00015b40       __unwindtable$?StringDescriptor@USB@@IAEXEPAU_STRING_DESCRIPTOR_NODE@@@Z 00448b40     USB.obj
 0002:00015b48       __ehfuncinfo$?HidDescriptor@USB@@IAEXPAU_USB_HID_DESCRIPTOR@@@Z 00448b48     USB.obj
 0002:00015b6c       __unwindtable$?HidDescriptor@USB@@IAEXPAU_USB_HID_DESCRIPTOR@@@Z 00448b6c     USB.obj
 0002:00015b94       __ehfuncinfo$?EndpointDescriptor@USB@@IAEXPAU_USB_ENDPOINT_DESCRIPTOR@@@Z 00448b94     USB.obj
 0002:00015bb8       __unwindtable$?EndpointDescriptor@USB@@IAEXPAU_USB_ENDPOINT_DESCRIPTOR@@@Z 00448bb8     USB.obj
 0002:00015c10       __ehfuncinfo$?InterfaceDescriptor@USB@@IAEXPAU_USB_INTERFACE_DESCRIPTOR@@PAU_STRING_DESCRIPTOR_NODE@@@Z 00448c10     USB.obj
 0002:00015c34       __ehfuncinfo$?ConfigurationDescriptor@USB@@IAEXPAU_USB_CONFIGURATION_DESCRIPTOR@@PAU_STRING_DESCRIPTOR_NODE@@@Z 00448c34     USB.obj
 0002:00015c58       __unwindtable$?InterfaceDescriptor@USB@@IAEXPAU_USB_INTERFACE_DESCRIPTOR@@PAU_STRING_DESCRIPTOR_NODE@@@Z 00448c58     USB.obj
 0002:00015ca0       __unwindtable$?ConfigurationDescriptor@USB@@IAEXPAU_USB_CONFIGURATION_DESCRIPTOR@@PAU_STRING_DESCRIPTOR_NODE@@@Z 00448ca0     USB.obj
 0002:00015cd8       __ehfuncinfo$?ConnectionInfo@USB@@IAEXPAU_USB_NODE_CONNECTION_INFORMATION_EX@@PAU_STRING_DESCRIPTOR_NODE@@@Z 00448cd8     USB.obj
 0002:00015cfc       __ehfuncinfo$?HubInfo@USB@@IAEXPAU_USB_HUB_INFORMATION@@@Z 00448cfc     USB.obj
 0002:00015d20       __unwindtable$?ConnectionInfo@USB@@IAEXPAU_USB_NODE_CONNECTION_INFORMATION_EX@@PAU_STRING_DESCRIPTOR_NODE@@@Z 00448d20     USB.obj
 0002:00015dd0       __unwindtable$?HubInfo@USB@@IAEXPAU_USB_HUB_INFORMATION@@@Z 00448dd0     USB.obj
 0002:00015e20       __ehfuncinfo$?GetStringDescriptors@USB@@IAEPAU_STRING_DESCRIPTOR_NODE@@PAXKEKPAGPAU2@@Z 00448e20     USB.obj
 0002:00015e44       __unwindtable$?GetStringDescriptors@USB@@IAEPAU_STRING_DESCRIPTOR_NODE@@PAXKEKPAGPAU2@@Z 00448e44     USB.obj
 0002:00015e4c       __ehfuncinfo$?EnumerateHub@USB@@IAEXPADPAU_USB_NODE_CONNECTION_INFORMATION_EX@@PAU_USB_DESCRIPTOR_REQUEST@@PAU_STRING_DESCRIPTOR_NODE@@0@Z 00448e4c     USB.obj
 0002:00015e70       __unwindtable$?EnumerateHub@USB@@IAEXPADPAU_USB_NODE_CONNECTION_INFORMATION_EX@@PAU_USB_DESCRIPTOR_REQUEST@@PAU_STRING_DESCRIPTOR_NODE@@0@Z 00448e70     USB.obj
 0002:00015e80       __ehfuncinfo$?EnumerateHubPorts@USB@@IAEXPAXK@Z 00448e80     USB.obj
 0002:00015ea4       __unwindtable$?EnumerateHubPorts@USB@@IAEXPAXK@Z 00448ea4     USB.obj
 0002:00015eac       __ehfuncinfo$?GetStringDescriptor@USB@@IAEPAU_STRING_DESCRIPTOR_NODE@@PAXKEG@Z 00448eac     USB.obj
 0002:00015ed0       __unwindtable$?GetStringDescriptor@USB@@IAEPAU_STRING_DESCRIPTOR_NODE@@PAXKEG@Z 00448ed0     USB.obj
 0002:00015ed8       __ehfuncinfo$?EnumerateUSB@USB@@QAEXXZ 00448ed8     USB.obj
 0002:00015efc       __unwindtable$?EnumerateUSB@USB@@QAEXXZ 00448efc     USB.obj
 0002:00015f2c       __ehfuncinfo$?ThreadWMIClass@@YGIPAX@Z 00448f2c     WMI.obj
 0002:00015f50       __unwindtable$?ThreadWMIClass@@YGIPAX@Z 00448f50     WMI.obj
 0002:00015f88       __ehfuncinfo$?WMIex@@YA_NPADPAVxmlwriter@@PAK@Z 00448f88     WMI.obj
 0002:00015fac       __tryblocktable$?WMIex@@YA_NPADPAVxmlwriter@@PAK@Z 00448fac     WMI.obj
 0002:00015fc0       __unwindtable$?WMIex@@YA_NPADPAVxmlwriter@@PAK@Z 00448fc0     WMI.obj
 0002:000160f8       __catchsym$?WMIex@@YA_NPADPAVxmlwriter@@PAK@Z$39 004490f8     WMI.obj
 0002:00016108       __ehfuncinfo$?ThreadWMI@@YGIPAX@Z 00449108     WMI.obj
 0002:0001612c       __ehfuncinfo$?validateValue@xmlwriter@@AAE?AV?$basic_string@DU?$char_traits@D@std@@V?$allocator@D@2@@std@@ABV23@@Z 0044912c     xmlwriter.obj
 0002:00016150       __unwindtable$?ThreadWMI@@YGIPAX@Z 00449150     WMI.obj
 0002:00016488       __unwindtable$?validateValue@xmlwriter@@AAE?AV?$basic_string@DU?$char_traits@D@std@@V?$allocator@D@2@@std@@ABV23@@Z 00449488     xmlwriter.obj
 0002:00016490       __ehfuncinfo$?validateTagName@xmlwriter@@AAE?AV?$basic_string@DU?$char_traits@D@std@@V?$allocator@D@2@@std@@ABV23@@Z 00449490     xmlwriter.obj
 0002:000164b4       __unwindtable$?validateTagName@xmlwriter@@AAE?AV?$basic_string@DU?$char_traits@D@std@@V?$allocator@D@2@@std@@ABV23@@Z 004494b4     xmlwriter.obj
 0002:000164c4       __ehfuncinfo$?Createtag@xmlwriter@@QAEXABV?$basic_string@DU?$char_traits@D@std@@V?$allocator@D@2@@std@@@Z 004494c4     xmlwriter.obj
 0002:000164e8       __unwindtable$?Createtag@xmlwriter@@QAEXABV?$basic_string@DU?$char_traits@D@std@@V?$allocator@D@2@@std@@@Z 004494e8     xmlwriter.obj
 0002:000164f8       __ehfuncinfo$?CreateChild@xmlwriter@@QAEXABV?$basic_string@DU?$char_traits@D@std@@V?$allocator@D@2@@std@@0@Z 004494f8     xmlwriter.obj
 0002:0001651c       __unwindtable$?CreateChild@xmlwriter@@QAEXABV?$basic_string@DU?$char_traits@D@std@@V?$allocator@D@2@@std@@0@Z 0044951c     xmlwriter.obj
 0002:00016534       __ehfuncinfo$??1xmlwriter@@QAE@XZ 00449534     xmlwriter.obj
 0002:00016558       __unwindtable$??1xmlwriter@@QAE@XZ 00449558     xmlwriter.obj
 0002:00016580       __ehfuncinfo$??0xmlwriter@@QAE@ABV?$basic_string@DU?$char_traits@D@std@@V?$allocator@D@2@@std@@P6AXPADH@Z@Z 00449580     xmlwriter.obj
 0002:000165a4       __unwindtable$??0xmlwriter@@QAE@ABV?$basic_string@DU?$char_traits@D@std@@V?$allocator@D@2@@std@@P6AXPADH@Z@Z 004495a4     xmlwriter.obj
 0002:000169d8       .idata$6                   004499d8     Shlwapi:SHLWAPI.dll
 0002:000169f8       .idata$6                   004499f8     Dbghelp:dbghelp.dll
 0002:00016a16       .idata$6                   00449a16     Sensapi:SensApi.dll
 0002:00016a48       .idata$6                   00449a48     iphlpapi:IPHLPAPI.DLL
 0002:00016fda       .idata$6                   00449fda     kernel32:KERNEL32.dll
 0002:0001710a       .idata$6                   0044a10a     user32:USER32.dll
 0002:0001716c       .idata$6                   0044a16c     gdi32:GDI32.dll
 0002:000171d2       .idata$6                   0044a1d2     winspool:WINSPOOL.DRV
 0002:000172de       .idata$6                   0044a2de     advapi32:ADVAPI32.dll
 0002:00017350       .idata$6                   0044a350     ole32:ole32.dll
 0002:0001735a       .idata$6                   0044a35a     oleaut32:OLEAUT32.dll
 0003:00000050       ?__vcrt_flsindex@@3KA      0044b050     libvcruntime:per_thread_data.obj
 0003:00000070       ?errno_no_memory@@3HA      0044b070     libucrt:errno.obj
 0003:00000074       ?doserrno_no_memory@@3KA   0044b074     libucrt:errno.obj
 0003:00000080       ?__acrt_flsindex@@3KA      0044b080     libucrt:per_thread_data.obj
 0003:00000450       __mbctypes                 0044b450     libucrt:mbctype.obj
 0003:00000558       __mbcasemaps               0044b558     libucrt:mbctype.obj
 0003:00000658       ?__rgctypeflag@@3PADA      0044b658     libucrt:mbctype.obj
 0003:00000660       ?__rgcode_page_info@@3PAUcode_page_info@@A 0044b660     libucrt:mbctype.obj
 0003:000007b0       ?__DAZ_ENABLED@?1??__set_fpsr_sse2@@9@9 0044b7b0     libucrt:fpctrl.obj
 0003:000008c0       ?__dcrt_lowio_console_output_handle@@3PAXA 0044b8c0     libucrt:initcon.obj
 0003:000008d0       ?PerfRawData_PerfOS_Objects@?1??WMISystemPerformance@@YAXXZ@4KA 0044b8d0     WMI.obj
 0003:000008d4       ?PortableBattery@?1??WMIHardwareSensor@@YAXXZ@4KA 0044b8d4     WMI.obj
 0003:000008d8       ?CurrentProbe@?1??WMIHardwareSensor@@YAXXZ@4KA 0044b8d8     WMI.obj
 0003:000008dc       ?PerfRawData_PerfDisk_PhysicalDisk@?1??WMISystemPerformance@@YAXXZ@4KA 0044b8dc     WMI.obj
 0003:000008e0       ?PerfRawData_PerfOS_Cache@?1??WMISystemPerformance@@YAXXZ@4KA 0044b8e0     WMI.obj
 0003:000008e4       ?PerfRawData_PerfNet_Redirector@?1??WMISystemPerformance@@YAXXZ@4KA 0044b8e4     WMI.obj
 0003:000008e8       ?Volume@?1??WMISystemVolumes@@YAXXZ@4KA 0044b8e8     WMI.obj
 0003:000008ec       ?PerfRawData_PerfOS_PagingFile@?1??WMISystemPerformance@@YAXXZ@4KA 0044b8ec     WMI.obj
 0003:000008f0       ?TemperatureProbe@?1??WMIHardwareSensor@@YAXXZ@4KA 0044b8f0     WMI.obj
 0003:000008f4       ?VoltageProbe@?1??WMIHardwareSensor@@YAXXZ@4KA 0044b8f4     WMI.obj
 0003:000008f8       ?PerfRawData_PerfOS_System@?1??WMISystemPerformance@@YAXXZ@4KA 0044b8f8     WMI.obj
 0003:000008fc       ?PerfRawData_PerfOS_Processor@?1??WMISystemPerformance@@YAXXZ@4KA 0044b8fc     WMI.obj
 0003:00000900       ?PerfRawData_PerfOS_Memory@?1??WMISystemPerformance@@YAXXZ@4KA 0044b900     WMI.obj
 0003:00000910       ?USBVendorIDs@@3PAUUSBVENDORID@@A 0044b910     SysStatus.obj
 0003:00001fa0       ?wmiClasses@@3PAU_wmi_classes_@@A 0044cfa0     WMI.obj
 0003:00006530       _GS_ExceptionRecord        00451530     LIBCMT:gs_report.obj
 0003:00006580       _GS_ContextRecord          00451580     LIBCMT:gs_report.obj
 0003:00006854       ?is_initialized_as_dll@@3_NA 00451854     LIBCMT:utility.obj
 0003:00006855       ?module_local_atexit_table_initialized@@3_NA 00451855     LIBCMT:utility.obj
 0003:00006858       ?module_local_atexit_table@@3U_onexit_table_t@@A 00451858     LIBCMT:utility.obj
 0003:00006864       ?module_local_at_quick_exit_table@@3U_onexit_table_t@@A 00451864     LIBCMT:utility.obj
 0003:000068cc       ?__vcrt_startup_thread_ptd@@3U__vcrt_ptd@@A 004518cc     libvcruntime:per_thread_data.obj
 0003:000068f4       ___vcrt_lock_table         004518f4     libvcruntime:locks.obj
 0003:0000690c       ___vcrt_locks_initialized  0045190c     libvcruntime:locks.obj
 0003:00006910       ?module_handles@@3PAPAUHINSTANCE__@@A 00451910     libvcruntime:winapi_downlevel.obj
 0003:0000691c       ?encoded_function_pointers@@3PAPAXA 0045191c     libvcruntime:winapi_downlevel.obj
 0003:0000695c       ?heap@@3V_HeapManager@@A   0045195c     libvcruntime:undname.obj
 0003:00006974       ?__acrt_invalid_parameter_handler@@3V?$dual_state_global@P6AXPB_W00II@Z@__crt_state_management@@A 00451974     libucrt:invalid_parameter.obj
 0003:00006978       ?c_termination_complete@@3JA 00451978     libucrt:exit.obj
 0003:0000697c       ?thread_local_exit_callback_func@@3P6GXPAXK0@ZA 0045197c     libucrt:exit.obj
 0003:00006984       ?__acrt_new_handler@@3V?$dual_state_global@P6AHI@Z@__crt_state_management@@A 00451984     libucrt:new_handler.obj
 0003:00006988       ?program_name@?1???$common_configure_argv@D@@YAHW4_crt_argv_mode@@@Z@4PADA 00451988     libucrt:argv_parsing.obj
 0003:00006ab8       ?__acrt_app_type@@3W4_crt_app_type@@A 00451ab8     libucrt:report_runtime_error.obj
 0003:00006abc       ?user_matherr@@3V?$dual_state_global@P6AHPAU_exception@@@Z@__crt_state_management@@A 00451abc     libucrt:matherr.obj
 0003:00006ac0       ?empty_string@?1???$common_wincmdln@E@@YAPAEXZ@4PAEA 00451ac0     libucrt:argv_winmain.obj
 0003:00006ac8       ?__acrt_global_new_mode@@3V?$dual_state_global@J@__crt_state_management@@A 00451ac8     libucrt:new_mode.obj
 0003:00006ad0       ?internal_state@?1??_mbtowc_l@@9@4U_Mbstatet@@A 00451ad0     libucrt:mbtowc.obj
 0003:00006ae4       ?enable_percent_n@@3IA     00451ae4     libucrt:printf_count_output.obj
 0003:00006d00       ?__acrt_lock_table@@3PAU_RTL_CRITICAL_SECTION@@A 00451d00     libucrt:locks.obj
 0003:00006e50       ?__acrt_locks_initialized@@3IA 00451e50     libucrt:locks.obj
 0003:00006e54       ?state_cache@?1???$get_cached_win_policy@Ubegin_thread_init_policy_properties@?1??__acrt_get_begin_thread_init_policy@@YA?AW4begin_thread_init_policy@@XZ@@@YA?AW4begin_thread_init_policy@@W4AppPolicyThreadInitializationType@@@Z@4JA 00451e54     libucrt:win_policies.obj
 0003:00006e58       ?module_handles@@3PAPAUHINSTANCE__@@A 00451e58     libucrt:winapi_thunks.obj
 0003:00006ea8       ?encoded_function_pointers@@3PAPAXA 00451ea8     libucrt:winapi_thunks.obj
 0003:00006f3c       ?fSystemSet@@3HA           00451f3c     libucrt:mbctype.obj
 0003:00006f40       ?initialized@?1??__acrt_initialize_multibyte@@9@4_NA 00451f40     libucrt:mbctype.obj
 0003:00006f60       ?ctrlc_action@@3V?$dual_state_global@P6AXH@Z@__crt_state_management@@A 00451f60     libucrt:signal.obj
 0003:00006f64       ?ctrlbreak_action@@3V?$dual_state_global@P6AXH@Z@__crt_state_management@@A 00451f64     libucrt:signal.obj
 0003:00006f68       ?abort_action@@3V?$dual_state_global@P6AXH@Z@__crt_state_management@@A 00451f68     libucrt:signal.obj
 0003:00006f6c       ?term_action@@3V?$dual_state_global@P6AXH@Z@__crt_state_management@@A 00451f6c     libucrt:signal.obj
 0003:00006f7c       ?internal_pst@?1??__mbrtoc32_utf8@__crt_mbstring@@YAIPA_UPBDIPAU_Mbstatet@@@Z@4U3@A 00451f7c     libucrt:mbrtoc32.obj
 0003:00006f8c       __pmatherr_set             00451f8c     libucrt:libm_error.obj
 0003:000073c4       ?secInitialized@?1??WMIex@@YA_NPADPAVxmlwriter@@PAK@Z@4_NA 004523c4     WMI.obj
