 SysStatus

 Timestamp is 4f8f3656 (Wed Apr 18 14:47:02 2012)

 Preferred load address is 00400000

 Start         Length     Name                   Class
 0001:00000000 00026c48H .text                   CODE
 0001:00026c50 000015b1H .text$x                 CODE
 0001:00028210 0000002cH .text$yc                CODE
 0001:00028240 00000030H .text$yd                CODE
 0002:00000000 000002d4H .idata$5                DATA
 0002:000002d4 00000004H .CRT$XCA                DATA
 0002:000002d8 00000008H .CRT$XCU                DATA
 0002:000002e0 00000004H .CRT$XCZ                DATA
 0002:000002e4 00000004H .CRT$XIA                DATA
 0002:000002e8 00000010H .CRT$XIC                DATA
 0002:000002f8 00000004H .CRT$XIY                DATA
 0002:000002fc 00000004H .CRT$XIZ                DATA
 0002:00000300 00000004H .CRT$XPA                DATA
 0002:00000304 00000004H .CRT$XPX                DATA
 0002:00000308 00000004H .CRT$XPXA               DATA
 0002:0000030c 00000004H .CRT$XPZ                DATA
 0002:00000310 00000004H .CRT$XTA                DATA
 0002:00000314 00000004H .CRT$XTZ                DATA
 0002:00000320 0000f8b0H .rdata                  DATA
 0002:0000fbd0 00000037H .rdata$debug            DATA
 0002:0000fc08 00000214H .rdata$r                DATA
 0002:0000fe20 0000013cH .rdata$sxdata           DATA
 0002:0000ff5c 00000004H .rtc$IAA                DATA
 0002:0000ff60 00000004H .rtc$IZZ                DATA
 0002:0000ff64 00000004H .rtc$TAA                DATA
 0002:0000ff68 00000004H .rtc$TZZ                DATA
 0002:0000ff70 00001efcH .xdata$x                DATA
 0002:00011e6c 00000000H ATL$__a                 DATA
 0002:00011e6c 00000000H ATL$__z                 DATA
 0002:00011e6c 000000f0H .idata$2                DATA
 0002:00011f5c 00000014H .idata$3                DATA
 0002:00011f70 000002d4H .idata$4                DATA
 0002:00012244 00000c3aH .idata$6                DATA
 0002:00012e7e 00000000H .edata                  DATA
 0003:00000000 0000c6a0H .data                   DATA
 0003:0000c6a0 0000207cH .bss                    DATA

  Address         Publics by Value              Rva+Base       Lib:Object

 0000:00000000       __except_list              00000000     <absolute>
 0000:0000004f       ___safe_se_handler_count   0000004f     <absolute>
 0000:00000000       ___ImageBase               00400000     <linker-defined>
 0001:00000000       ??0bad_alloc@std@@QAE@PBD@Z 00401000 f i MonitorIPs.obj
 0001:00000060       ??1bad_alloc@std@@UAE@XZ   00401060 f i MonitorIPs.obj
 0001:000000b0       ??_Ebad_alloc@std@@UAEPAXI@Z 004010b0 f i  CIL library: CIL module
 0001:000000b0       ??_Gbad_alloc@std@@UAEPAXI@Z 004010b0 f i MonitorIPs.obj
 0001:00000110       ??3@YAXPAX0@Z              00401110 f i MonitorIPs.obj
 0001:00000120       ??0logic_error@std@@QAE@ABV?$basic_string@DU?$char_traits@D@std@@V?$allocator@D@2@@1@@Z 00401120 f i MonitorIPs.obj
 0001:000001a0       ??1logic_error@std@@UAE@XZ 004011a0 f i MonitorIPs.obj
 0001:00000220       ?what@logic_error@std@@UBEPBDXZ 00401220 f i MonitorIPs.obj
 0001:00000230       ??_Elogic_error@std@@UAEPAXI@Z 00401230 f i  CIL library: CIL module
 0001:00000230       ??_Glogic_error@std@@UAEPAXI@Z 00401230 f i MonitorIPs.obj
 0001:00000250       ??0length_error@std@@QAE@ABV?$basic_string@DU?$char_traits@D@std@@V?$allocator@D@2@@1@@Z 00401250 f i MonitorIPs.obj
 0001:000002b0       ??1length_error@std@@UAE@XZ 004012b0 f i MonitorIPs.obj
 0001:00000300       ??_Elength_error@std@@UAEPAXI@Z 00401300 f i  CIL library: CIL module
 0001:00000300       ??_Glength_error@std@@UAEPAXI@Z 00401300 f i MonitorIPs.obj
 0001:00000360       ??0logic_error@std@@QAE@ABV01@@Z 00401360 f i MonitorIPs.obj
 0001:000003e0       ?s_OnChange@MonitorIPs@@KGXPAXE@Z 004013e0 f i MonitorIPs.obj
 0001:00000430       ?Initialize@MonitorIPs@@QAE_NXZ 00401430 f   MonitorIPs.obj
 0001:00000500       ?CheckIPAddress@MonitorIPs@@IAEXXZ 00401500 f   MonitorIPs.obj
 0001:00000780       ??0?$basic_string@DU?$char_traits@D@std@@V?$allocator@D@2@@std@@QAE@PBD@Z 00401780 f i MonitorIPs.obj
 0001:000007c0       ??0?$basic_string@DU?$char_traits@D@std@@V?$allocator@D@2@@std@@QAE@ABV01@@Z 004017c0 f i MonitorIPs.obj
 0001:000007f0       ??1?$basic_string@DU?$char_traits@D@std@@V?$allocator@D@2@@std@@QAE@XZ 004017f0 f i MonitorIPs.obj
 0001:00000820       ?append@?$basic_string@DU?$char_traits@D@std@@V?$allocator@D@2@@std@@QAEAAV12@PBD@Z 00401820 f i MonitorIPs.obj
 0001:00000840       ?assign@?$basic_string@DU?$char_traits@D@std@@V?$allocator@D@2@@std@@QAEAAV12@PBD@Z 00401840 f i MonitorIPs.obj
 0001:00000870       ?push_back@?$vector@V?$basic_string@DU?$char_traits@D@std@@V?$allocator@D@2@@std@@V?$allocator@V?$basic_string@DU?$char_traits@D@std@@V?$allocator@D@2@@std@@@2@@std@@QAEXABV?$basic_string@DU?$char_traits@D@std@@V?$allocator@D@2@@2@@Z 00401870 f i MonitorIPs.obj
 0001:00000910       ?clear@?$vector@V?$basic_string@DU?$char_traits@D@std@@V?$allocator@D@2@@std@@V?$allocator@V?$basic_string@DU?$char_traits@D@std@@V?$allocator@D@2@@std@@@2@@std@@QAEXXZ 00401910 f i MonitorIPs.obj
 0001:00000950       ?append@?$basic_string@DU?$char_traits@D@std@@V?$allocator@D@2@@std@@QAEAAV12@PBDI@Z 00401950 f i MonitorIPs.obj
 0001:00000a60       ?assign@?$basic_string@DU?$char_traits@D@std@@V?$allocator@D@2@@std@@QAEAAV12@ABV12@II@Z 00401a60 f i MonitorIPs.obj
 0001:00000b40       ?assign@?$basic_string@DU?$char_traits@D@std@@V?$allocator@D@2@@std@@QAEAAV12@PBDI@Z 00401b40 f i MonitorIPs.obj
 0001:00000c20       ?insert@?$vector@V?$basic_string@DU?$char_traits@D@std@@V?$allocator@D@2@@std@@V?$allocator@V?$basic_string@DU?$char_traits@D@std@@V?$allocator@D@2@@std@@@2@@std@@QAE?AV?$_Vector_iterator@V?$basic_string@DU?$char_traits@D@std@@V?$allocator@D@2@@std@@V?$allocator@V?$basic_string@DU?$char_traits@D@std@@V?$allocator@D@2@@std@@@2@@2@V?$_Vector_const_iterator@V?$basic_string@DU?$char_traits@D@std@@V?$allocator@D@2@@std@@V?$allocator@V?$basic_string@DU?$char_traits@D@std@@V?$allocator@D@2@@std@@@2@@2@ABV?$basic_string@DU?$char_traits@D@std@@V?$allocator@D@2@@2@@Z 00401c20 f i MonitorIPs.obj
 0001:00000d00       ?erase@?$vector@V?$basic_string@DU?$char_traits@D@std@@V?$allocator@D@2@@std@@V?$allocator@V?$basic_string@DU?$char_traits@D@std@@V?$allocator@D@2@@std@@@2@@std@@QAE?AV?$_Vector_iterator@V?$basic_string@DU?$char_traits@D@std@@V?$allocator@D@2@@std@@V?$allocator@V?$basic_string@DU?$char_traits@D@std@@V?$allocator@D@2@@std@@@2@@2@V?$_Vector_const_iterator@V?$basic_string@DU?$char_traits@D@std@@V?$allocator@D@2@@std@@V?$allocator@V?$basic_string@DU?$char_traits@D@std@@V?$allocator@D@2@@std@@@2@@2@0@Z 00401d00 f i MonitorIPs.obj
 0001:00000da0       ?_Ufill@?$vector@V?$basic_string@DU?$char_traits@D@std@@V?$allocator@D@2@@std@@V?$allocator@V?$basic_string@DU?$char_traits@D@std@@V?$allocator@D@2@@std@@@2@@std@@IAEPAV?$basic_string@DU?$char_traits@D@std@@V?$allocator@D@2@@2@PAV32@IABV32@@Z 00401da0 f i MonitorIPs.obj
 0001:00000dd0       ?append@?$basic_string@DU?$char_traits@D@std@@V?$allocator@D@2@@std@@QAEAAV12@ABV12@II@Z 00401dd0 f i MonitorIPs.obj
 0001:00000ec0       ?erase@?$basic_string@DU?$char_traits@D@std@@V?$allocator@D@2@@std@@QAEAAV12@II@Z 00401ec0 f i MonitorIPs.obj
 0001:00000f50       ?_Insert_n@?$vector@V?$basic_string@DU?$char_traits@D@std@@V?$allocator@D@2@@std@@V?$allocator@V?$basic_string@DU?$char_traits@D@std@@V?$allocator@D@2@@std@@@2@@std@@IAEXV?$_Vector_const_iterator@V?$basic_string@DU?$char_traits@D@std@@V?$allocator@D@2@@std@@V?$allocator@V?$basic_string@DU?$char_traits@D@std@@V?$allocator@D@2@@std@@@2@@2@IABV?$basic_string@DU?$char_traits@D@std@@V?$allocator@D@2@@2@@Z 00401f50 f i MonitorIPs.obj
 0001:00001280       ?allocate@?$allocator@V?$basic_string@DU?$char_traits@D@std@@V?$allocator@D@2@@std@@@std@@QAEPAV?$basic_string@DU?$char_traits@D@std@@V?$allocator@D@2@@2@I@Z 00402280 f i MonitorIPs.obj
 0001:000012d0       ??0length_error@std@@QAE@ABV01@@Z 004022d0 f i MonitorIPs.obj
 0001:00001330       ?_Copy@?$basic_string@DU?$char_traits@D@std@@V?$allocator@D@2@@std@@IAEXII@Z 00402330 f i MonitorIPs.obj
 0001:00001480       ?allocate@?$allocator@D@std@@QAEPADI@Z 00402480 f i MonitorIPs.obj
 0001:000014d0       ??$unchecked_copy@PAV?$basic_string@DU?$char_traits@D@std@@V?$allocator@D@2@@std@@PAV12@@stdext@@YAPAV?$basic_string@DU?$char_traits@D@std@@V?$allocator@D@2@@std@@PAV12@00@Z 004024d0 f i MonitorIPs.obj
 0001:00001500       ??$_Umove@PAV?$basic_string@DU?$char_traits@D@std@@V?$allocator@D@2@@std@@@?$vector@V?$basic_string@DU?$char_traits@D@std@@V?$allocator@D@2@@std@@V?$allocator@V?$basic_string@DU?$char_traits@D@std@@V?$allocator@D@2@@std@@@2@@std@@IAEPAV?$basic_string@DU?$char_traits@D@std@@V?$allocator@D@2@@1@PAV21@00@Z 00402500 f i MonitorIPs.obj
 0001:00001530       ??$fill@PAV?$basic_string@DU?$char_traits@D@std@@V?$allocator@D@2@@std@@V12@@std@@YAXPAV?$basic_string@DU?$char_traits@D@std@@V?$allocator@D@2@@0@0ABV10@@Z 00402530 f i MonitorIPs.obj
 0001:00001550       ??$_Unchecked_move_backward@PAV?$basic_string@DU?$char_traits@D@std@@V?$allocator@D@2@@std@@PAV12@@stdext@@YAPAV?$basic_string@DU?$char_traits@D@std@@V?$allocator@D@2@@std@@PAV12@00@Z 00402550 f i MonitorIPs.obj
 0001:000015a0       ??0bad_alloc@std@@QAE@ABV01@@Z 004025a0 f i MonitorIPs.obj
 0001:00001600       ??$_Copy_opt@PAV?$basic_string@DU?$char_traits@D@std@@V?$allocator@D@2@@std@@PAV12@@std@@YAPAV?$basic_string@DU?$char_traits@D@std@@V?$allocator@D@2@@0@PAV10@00Urandom_access_iterator_tag@0@U_Nonscalar_ptr_iterator_tag@0@U_Range_checked_iterator_tag@0@@Z 00402600 f i MonitorIPs.obj
 0001:00001650       ??$_Destroy_range@V?$allocator@V?$basic_string@DU?$char_traits@D@std@@V?$allocator@D@2@@std@@@std@@@std@@YAXPAV?$basic_string@DU?$char_traits@D@std@@V?$allocator@D@2@@0@0AAV?$allocator@V?$basic_string@DU?$char_traits@D@std@@V?$allocator@D@2@@std@@@0@U_Nonscalar_ptr_iterator_tag@0@@Z 00402650 f i MonitorIPs.obj
 0001:00001690       ??$_Uninit_fill_n@PAV?$basic_string@DU?$char_traits@D@std@@V?$allocator@D@2@@std@@IV12@V?$allocator@V?$basic_string@DU?$char_traits@D@std@@V?$allocator@D@2@@std@@@2@@std@@YAXPAV?$basic_string@DU?$char_traits@D@std@@V?$allocator@D@2@@0@IABV10@AAV?$allocator@V?$basic_string@DU?$char_traits@D@std@@V?$allocator@D@2@@std@@@0@U_Nonscalar_ptr_iterator_tag@0@U_Range_checked_iterator_tag@0@@Z 00402690 f i MonitorIPs.obj
 0001:00001750       ?destroy@?$allocator@V?$basic_string@DU?$char_traits@D@std@@V?$allocator@D@2@@std@@@std@@QAEXPAV?$basic_string@DU?$char_traits@D@std@@V?$allocator@D@2@@2@@Z 00402750 f i MonitorIPs.obj
 0001:00001780       ??$_Uninit_move@PAV?$basic_string@DU?$char_traits@D@std@@V?$allocator@D@2@@std@@PAV12@V?$allocator@V?$basic_string@DU?$char_traits@D@std@@V?$allocator@D@2@@std@@@2@@std@@YAPAV?$basic_string@DU?$char_traits@D@std@@V?$allocator@D@2@@0@PAV10@00AAV?$allocator@V?$basic_string@DU?$char_traits@D@std@@V?$allocator@D@2@@std@@@0@U_Swap_move_tag@0@U_Range_checked_iterator_tag@0@@Z 00402780 f i MonitorIPs.obj
 0001:000018e0       ??$_Move_backward_opt@PAV?$basic_string@DU?$char_traits@D@std@@V?$allocator@D@2@@std@@PAV12@Uforward_iterator_tag@2@@std@@YAPAV?$basic_string@DU?$char_traits@D@std@@V?$allocator@D@2@@0@PAV10@00Uforward_iterator_tag@0@U_Swap_move_tag@0@U_Range_checked_iterator_tag@0@@Z 004028e0 f i MonitorIPs.obj
 0001:00001970       ??0out_of_range@std@@QAE@ABV?$basic_string@DU?$char_traits@D@std@@V?$allocator@D@2@@1@@Z 00402970 f i SysStatus.obj
 0001:000019d0       ??1out_of_range@std@@UAE@XZ 004029d0 f i SysStatus.obj
 0001:00001a20       ??_Gout_of_range@std@@UAEPAXI@Z 00402a20 f i SysStatus.obj
 0001:00001a20       ??_Eout_of_range@std@@UAEPAXI@Z 00402a20 f i  CIL library: CIL module
 0001:00001a80       ??0out_of_range@std@@QAE@ABV01@@Z 00402a80 f i SysStatus.obj
 0001:00001ae0       ??1PBuffer@@QAE@XZ         00402ae0 f i SysStatus.obj
 0001:00001b00       ??0USB@@QAE@XZ             00402b00 f i SysStatus.obj
 0001:00001bd0       ??1USB@@QAE@XZ             00402bd0 f i SysStatus.obj
 0001:00001c60       ?GetVendorString@USB@@SAPADG@Z 00402c60 f i SysStatus.obj
 0001:00001c90       ??0MonitorIPs@@QAE@XZ      00402c90 f i SysStatus.obj
 0001:00001d50       ??1MonitorIPs@@QAE@XZ      00402d50 f i SysStatus.obj
 0001:00001e10       ?_thSetInt@@YAXPAHH@Z      00402e10 f   SysStatus.obj
 0001:00001e90       ?_thGetInt@@YAHPAH@Z       00402e90 f   SysStatus.obj
 0001:00001f20       ?DebugStringToFile@@YAXPADH@Z 00402f20 f   SysStatus.obj
 0001:000021a0       ?Log@@YAXHHPBDZZ           004031a0 f   SysStatus.obj
 0001:000023f0       ?CheckLogFileSize@@YAXK@Z  004033f0 f   SysStatus.obj
 0001:00002750       ?GetLastErrorMessage@@YAPADKPADK@Z 00403750 f   SysStatus.obj
 0001:000027e0       ?USBTraceInfo@@YAXPAD0@Z   004037e0 f   SysStatus.obj
 0001:00002970       ?GUID2Str@@YAPADPAU_GUID@@PADI@Z 00403970 f   SysStatus.obj
 0001:00002a90       ?parseNullTerminatedStrings@@YAXPADAAV?$vector@V?$basic_string@DU?$char_traits@D@std@@V?$allocator@D@2@@std@@V?$allocator@V?$basic_string@DU?$char_traits@D@std@@V?$allocator@D@2@@std@@@2@@std@@@Z 00403a90 f   SysStatus.obj
 0001:00002ba0       ?CreateMiniDump@@YAXPAU_EXCEPTION_POINTERS@@@Z 00403ba0 f   SysStatus.obj
 0001:00002da0       ?AppUnhandledExceptionFilter@@YGJPAU_EXCEPTION_POINTERS@@@Z 00403da0 f   SysStatus.obj
 0001:00002dd0       ?WideStrToMultiStr@@YAPADPA_W@Z 00403dd0 f   SysStatus.obj
 0001:00002e30       ?CalcElapsedTime@@YAX_KAA_KAAMAAK@Z 00403e30 f   SysStatus.obj
 0001:00002ec0       ?LogElapsedTime@@YAXK_KPAD@Z 00403ec0 f   SysStatus.obj
 0001:00002f70       ?SetThreadName@@YAXPBDK@Z  00403f70 f   SysStatus.obj
 0001:00003020       ?StartThread@@YA_NV?$basic_string@DU?$char_traits@D@std@@V?$allocator@D@2@@std@@P6GIPAX@Z1KPAPAX@Z 00404020 f   SysStatus.obj
 0001:00003280       ?EndPendingThread@@YAXPAX@Z 00404280 f   SysStatus.obj
 0001:00003320       ?WndProcMessage@@YGJPAUHWND__@@IIJ@Z 00404320 f   SysStatus.obj
 0001:000037b0       ?ThreadMessage@@YGIPAX@Z   004047b0 f   SysStatus.obj
 0001:00003b30       ?ThreadUSB@@YGIPAX@Z       00404b30 f   SysStatus.obj
 0001:00003c30       ?ProcessInfo@@YGIPAX@Z     00404c30 f   SysStatus.obj
 0001:00004100       ?HwProfile@@YGIPAX@Z       00405100 f   SysStatus.obj
 0001:00004270       ?ProcessorSpeedCalc@@YAMXZ 00405270 f   SysStatus.obj
 0001:00004330       ?SystemInfo@@YGIPAX@Z      00405330 f   SysStatus.obj
 0001:00004530       ?OSInfo@@YGIPAX@Z          00405530 f   SysStatus.obj
 0001:000046a0       ?SystemMemory@@YGIPAX@Z    004056a0 f   SysStatus.obj
 0001:00004ae0       ?SystemTimes@@YGIPAX@Z     00405ae0 f   SysStatus.obj
 0001:00004ec0       ?LogicalDrives@@YGIPAX@Z   00405ec0 f   SysStatus.obj
 0001:000052f0       ?SystemDirs@@YGIPAX@Z      004062f0 f   SysStatus.obj
 0001:000054d0       ?CountSetBits@@YAKK@Z      004064d0 f   SysStatus.obj
 0001:00005540       ?SystemLogicalProcessorInforamtion@@YGIPAX@Z 00406540 f   SysStatus.obj
 0001:00005870       ?DeviceDrivers@@YGIPAX@Z   00406870 f   SysStatus.obj
 0001:00005ac0       ?PerformanceInfo@@YGIPAX@Z 00406ac0 f   SysStatus.obj
 0001:00005cf0       ?GetPrintersList@@YAHXZ    00406cf0 f   SysStatus.obj
 0001:00006030       ?GetBinList@@YAPAU_ptrdata_info_list_@@PBD0@Z 00407030 f   SysStatus.obj
 0001:000063a0       ?GetPaperList@@YAPAU_ptrdata_info_list_@@PBD0@Z 004073a0 f   SysStatus.obj
 0001:000067c0       ?GetMediaTypeList@@YAPAU_ptrdata_info_list_@@PBD0@Z 004077c0 f   SysStatus.obj
 0001:00006b30       ?PrinterInfo@@YGIPAX@Z     00407b30 f   SysStatus.obj
 0001:00008790       ?GetSystemIPAddresses@@YAXPAVMonitorIPs@@_N@Z 00409790 f   SysStatus.obj
 0001:00008990       ?GetSystemDetails@@YAXXZ   00409990 f   SysStatus.obj
 0001:00008ba0       ?GetSystemStatus@@YAXXZ    00409ba0 f   SysStatus.obj
 0001:00008d60       ?GetSystemStatusChanges@@YAXXZ 00409d60 f   SysStatus.obj
 0001:00008ef0       ?ThreadWMISystemPerformance@@YGIPAX@Z 00409ef0 f   SysStatus.obj
 0001:00008f40       ?ThreadWMIHardwareSensor@@YGIPAX@Z 00409f40 f   SysStatus.obj
 0001:00008f90       ?ThreadWMISystemVolumes@@YGIPAX@Z 00409f90 f   SysStatus.obj
 0001:00008fe0       ?GetWMIStatus@@YAXXZ       00409fe0 f   SysStatus.obj
 0001:00009150       _WinMain@16                0040a150 f   SysStatus.obj
 0001:00009860       ??1?$vector@V?$basic_string@DU?$char_traits@D@std@@V?$allocator@D@2@@std@@V?$allocator@V?$basic_string@DU?$char_traits@D@std@@V?$allocator@D@2@@std@@@2@@std@@QAE@XZ 0040a860 f i SysStatus.obj
 0001:000098e0       ??4?$vector@V?$basic_string@DU?$char_traits@D@std@@V?$allocator@D@2@@std@@V?$allocator@V?$basic_string@DU?$char_traits@D@std@@V?$allocator@D@2@@std@@@2@@std@@QAEAAV01@ABV01@@Z 0040a8e0 f i SysStatus.obj
 0001:00009ab0       ?at@?$vector@V?$basic_string@DU?$char_traits@D@std@@V?$allocator@D@2@@std@@V?$allocator@V?$basic_string@DU?$char_traits@D@std@@V?$allocator@D@2@@std@@@2@@std@@QAEAAV?$basic_string@DU?$char_traits@D@std@@V?$allocator@D@2@@2@I@Z 0040aab0 f i SysStatus.obj
 0001:00009b50       ??0?$vector@PAXV?$allocator@PAX@std@@@std@@QAE@XZ 0040ab50 f i SysStatus.obj
 0001:00009bc0       ??1?$vector@PAXV?$allocator@PAX@std@@@std@@QAE@XZ 0040abc0 f i SysStatus.obj
 0001:00009c40       ?at@?$vector@PAXV?$allocator@PAX@std@@@std@@QAEAAPAXI@Z 0040ac40 f i SysStatus.obj
 0001:00009cd0       ?push_back@?$vector@PAXV?$allocator@PAX@std@@@std@@QAEXABQAX@Z 0040acd0 f i SysStatus.obj
 0001:00009d30       ??1?$_Vector_val@PAXV?$allocator@PAX@std@@@std@@QAE@XZ 0040ad30 f i SysStatus.obj
 0001:00009d80       ?_Buy@?$vector@V?$basic_string@DU?$char_traits@D@std@@V?$allocator@D@2@@std@@V?$allocator@V?$basic_string@DU?$char_traits@D@std@@V?$allocator@D@2@@std@@@2@@std@@IAE_NI@Z 0040ad80 f i SysStatus.obj
 0001:00009df0       ?_Tidy@?$vector@V?$basic_string@DU?$char_traits@D@std@@V?$allocator@D@2@@std@@V?$allocator@V?$basic_string@DU?$char_traits@D@std@@V?$allocator@D@2@@std@@@2@@std@@IAEXXZ 0040adf0 f i SysStatus.obj
 0001:00009e30       ?_Xran@?$vector@PAXV?$allocator@PAX@std@@@std@@KAXXZ 0040ae30 f i SysStatus.obj
 0001:00009e30       ?_Xran@?$vector@V?$basic_string@DU?$char_traits@D@std@@V?$allocator@D@2@@std@@V?$allocator@V?$basic_string@DU?$char_traits@D@std@@V?$allocator@D@2@@std@@@2@@std@@KAXXZ 0040ae30 f i SysStatus.obj
 0001:00009eb0       ?insert@?$vector@PAXV?$allocator@PAX@std@@@std@@QAE?AV?$_Vector_iterator@PAXV?$allocator@PAX@std@@@2@V?$_Vector_const_iterator@PAXV?$allocator@PAX@std@@@2@ABQAX@Z 0040aeb0 f i SysStatus.obj
 0001:00009f70       ?erase@?$vector@PAXV?$allocator@PAX@std@@@std@@QAE?AV?$_Vector_iterator@PAXV?$allocator@PAX@std@@@2@V?$_Vector_const_iterator@PAXV?$allocator@PAX@std@@@2@0@Z 0040af70 f i SysStatus.obj
 0001:0000a010       ?_Ufill@?$vector@KV?$allocator@K@std@@@std@@IAEPAKPAKIABK@Z 0040b010 f i WMI.obj
 0001:0000a010       ?_Ufill@?$vector@PA_WV?$allocator@PA_W@std@@@std@@IAEPAPA_WPAPA_WIABQA_W@Z 0040b010 f i WMI.obj
 0001:0000a010       ?_Ufill@?$vector@PAXV?$allocator@PAX@std@@@std@@IAEPAPAXPAPAXIABQAX@Z 0040b010 f i SysStatus.obj
 0001:0000a040       ??1?$_Container_base_aux_alloc_real@V?$allocator@PAX@std@@@std@@IAE@XZ 0040b040 f i SysStatus.obj
 0001:0000a050       ?_Insert_n@?$vector@PAXV?$allocator@PAX@std@@@std@@IAEXV?$_Vector_const_iterator@PAXV?$allocator@PAX@std@@@2@IABQAX@Z 0040b050 f i SysStatus.obj
 0001:0000a280       ?_Xlen@?$vector@PAXV?$allocator@PAX@std@@@std@@KAXXZ 0040b280 f i SysStatus.obj
 0001:0000a300       ??0?$_Container_base_aux_alloc_real@V?$allocator@PAX@std@@@std@@IAE@V?$allocator@PAX@1@@Z 0040b300 f i SysStatus.obj
 0001:0000a370       ?allocate@?$allocator@PA_W@std@@QAEPAPA_WI@Z 0040b370 f i WMI.obj
 0001:0000a370       ?allocate@?$allocator@K@std@@QAEPAKI@Z 0040b370 f i WMI.obj
 0001:0000a370       ?allocate@?$allocator@PAX@std@@QAEPAPAXI@Z 0040b370 f i SysStatus.obj
 0001:0000a370       ?allocate@?$allocator@M@std@@QAEPAMI@Z 0040b370 f i WMI.obj
 0001:0000a3c0       ??$_Ucopy@PAV?$basic_string@DU?$char_traits@D@std@@V?$allocator@D@2@@std@@@?$vector@V?$basic_string@DU?$char_traits@D@std@@V?$allocator@D@2@@std@@V?$allocator@V?$basic_string@DU?$char_traits@D@std@@V?$allocator@D@2@@std@@@2@@std@@IAEPAV?$basic_string@DU?$char_traits@D@std@@V?$allocator@D@2@@1@PAV21@00@Z 0040b3c0 f i SysStatus.obj
 0001:0000a3f0       ??$_Umove@PAM@?$vector@MV?$allocator@M@std@@@std@@IAEPAMPAM00@Z 0040b3f0 f i WMI.obj
 0001:0000a3f0       ??$_Umove@PAPA_W@?$vector@PA_WV?$allocator@PA_W@std@@@std@@IAEPAPA_WPAPA_W00@Z 0040b3f0 f i WMI.obj
 0001:0000a3f0       ??$_Umove@PAK@?$vector@KV?$allocator@K@std@@@std@@IAEPAKPAK00@Z 0040b3f0 f i WMI.obj
 0001:0000a3f0       ??$_Umove@PAPAX@?$vector@PAXV?$allocator@PAX@std@@@std@@IAEPAPAXPAPAX00@Z 0040b3f0 f i SysStatus.obj
 0001:0000a420       ??$_Uninit_copy@PAV?$basic_string@DU?$char_traits@D@std@@V?$allocator@D@2@@std@@PAV12@V?$allocator@V?$basic_string@DU?$char_traits@D@std@@V?$allocator@D@2@@std@@@2@@std@@YAPAV?$basic_string@DU?$char_traits@D@std@@V?$allocator@D@2@@0@PAV10@00AAV?$allocator@V?$basic_string@DU?$char_traits@D@std@@V?$allocator@D@2@@std@@@0@U_Nonscalar_ptr_iterator_tag@0@U_Range_checked_iterator_tag@0@@Z 0040b420 f i SysStatus.obj
 0001:0000a4e0       ?PushBackDetails@USB@@IAEXV?$basic_string@DU?$char_traits@D@std@@V?$allocator@D@2@@std@@@Z 0040b4e0 f i USB.obj
 0001:0000a580       ?EnumerateUSB@USB@@QAEXXZ  0040b580 f   USB.obj
 0001:0000a990       ?USBDevicesDetails@USB@@QAEXXZ 0040b990 f   USB.obj
 0001:0000ab10       ?GetStringDescriptor@USB@@IAEPAU_STRING_DESCRIPTOR_NODE@@PAXKEG@Z 0040bb10 f   USB.obj
 0001:0000adb0       ?AreThereStringDescriptors@USB@@IAEHPAU_USB_DEVICE_DESCRIPTOR@@PAU_USB_CONFIGURATION_DESCRIPTOR@@@Z 0040bdb0 f   USB.obj
 0001:0000aec0       ?GetAllStringDescriptors@USB@@IAEPAU_STRING_DESCRIPTOR_NODE@@PAXKPAU_USB_DEVICE_DESCRIPTOR@@PAU_USB_CONFIGURATION_DESCRIPTOR@@@Z 0040bec0 f   USB.obj
 0001:0000b010       ?GetDriverKeyName@USB@@IAEPADPAXK@Z 0040c010 f   USB.obj
 0001:0000b120       ?GetExternalHubName@USB@@IAEPADPAXK@Z 0040c120 f   USB.obj
 0001:0000b230       ?EnumerateHubPorts@USB@@IAEXPAXK@Z 0040c230 f   USB.obj
 0001:0000b860       ?DriverNameToDeviceDesc@USB@@IAEPADPAD@Z 0040c860 f   USB.obj
 0001:0000ba30       ?EnumerateHub@USB@@IAEXPADPAU_USB_NODE_CONNECTION_INFORMATION_EX@@PAU_USB_DESCRIPTOR_REQUEST@@PAU_STRING_DESCRIPTOR_NODE@@0@Z 0040ca30 f   USB.obj
 0001:0000bda0       ?GetRootHubName@USB@@IAEPADPAX@Z 0040cda0 f   USB.obj
 0001:0000be80       ?GetHCDDriverKeyName@USB@@IAEPADPAX@Z 0040ce80 f   USB.obj
 0001:0000bf60       ?GetStringDescriptors@USB@@IAEPAU_STRING_DESCRIPTOR_NODE@@PAXKEKPAGPAU2@@Z 0040cf60 f   USB.obj
 0001:0000bfd0       ?GetConfigDescriptor@USB@@IAEPAU_USB_DESCRIPTOR_REQUEST@@PAXKE@Z 0040cfd0 f   USB.obj
 0001:0000c210       ?HubInfo@USB@@IAEXPAU_USB_HUB_INFORMATION@@@Z 0040d210 f   USB.obj
 0001:0000c580       ?ConnectionInfo@USB@@IAEXPAU_USB_NODE_CONNECTION_INFORMATION_EX@@PAU_STRING_DESCRIPTOR_NODE@@@Z 0040d580 f   USB.obj
 0001:0000cf80       ?PipeInfo@USB@@IAEXKPAU_USB_PIPE_INFO@@@Z 0040df80 f   USB.obj
 0001:0000cfd0       ?ConfigDesc@USB@@IAEXPAU_USB_CONFIGURATION_DESCRIPTOR@@PAU_STRING_DESCRIPTOR_NODE@@@Z 0040dfd0 f   USB.obj
 0001:0000d0f0       ?ConfigurationDescriptor@USB@@IAEXPAU_USB_CONFIGURATION_DESCRIPTOR@@PAU_STRING_DESCRIPTOR_NODE@@@Z 0040e0f0 f   USB.obj
 0001:0000d520       ?InterfaceDescriptor@USB@@IAEXPAU_USB_INTERFACE_DESCRIPTOR@@PAU_STRING_DESCRIPTOR_NODE@@@Z 0040e520 f   USB.obj
 0001:0000da90       ?EndpointDescriptor@USB@@IAEXPAU_USB_ENDPOINT_DESCRIPTOR@@@Z 0040ea90 f   USB.obj
 0001:0000df20       ?HidDescriptor@USB@@IAEXPAU_USB_HID_DESCRIPTOR@@@Z 0040ef20 f   USB.obj
 0001:0000e240       ?StringDescriptor@USB@@IAEXEPAU_STRING_DESCRIPTOR_NODE@@@Z 0040f240 f   USB.obj
 0001:0000e3a0       ?UnknownDescriptor@USB@@IAEXPAU_USB_COMMON_DESCRIPTOR@@@Z 0040f3a0 f   USB.obj
 0001:0000e6d0       ??0_bstr_t@@QAE@PBD@Z      0040f6d0 f i WMI.obj
 0001:0000e760       ??0_bstr_t@@QAE@PB_W@Z     0040f760 f i WMI.obj
 0001:0000e800       ??1_bstr_t@@QAE@XZ         0040f800 f i WMI.obj
 0001:0000e850       ?AtlThrowImpl@ATL@@YGXJ@Z  0040f850 f i WMI.obj
 0001:0000e870       ?WMIex@@YA_NPADPAVxmlwriter@@PAK@Z 0040f870 f   WMI.obj
 0001:00010950       ?ThreadWMIClass@@YGIPAX@Z  00411950 f   WMI.obj
 0001:00010fb0       ?ThreadWMI@@YGIPAX@Z       00411fb0 f   WMI.obj
 0001:00012c70       ?WMISystemVolumes@@YAXXZ   00413c70 f   WMI.obj
 0001:00012cd0       ?WMISystemPerformance@@YAXXZ 00413cd0 f   WMI.obj
 0001:00012df0       ?WMIHardwareSensor@@YAXXZ  00413df0 f   WMI.obj
 0001:00012e90       ?clear@?$basic_string@DU?$char_traits@D@std@@V?$allocator@D@2@@std@@QAEXXZ 00413e90 f i WMI.obj
 0001:00012f30       ??0?$vector@V?$basic_string@DU?$char_traits@D@std@@V?$allocator@D@2@@std@@V?$allocator@V?$basic_string@DU?$char_traits@D@std@@V?$allocator@D@2@@std@@@2@@std@@QAE@I@Z 00413f30 f i WMI.obj
 0001:00012fe0       ??0?$vector@PA_WV?$allocator@PA_W@std@@@std@@QAE@XZ 00413fe0 f i WMI.obj
 0001:00012fe0       ??0?$vector@_KV?$allocator@_K@std@@@std@@QAE@XZ 00413fe0 f i WMI.obj
 0001:00012fe0       ??0?$vector@V?$basic_string@DU?$char_traits@D@std@@V?$allocator@D@2@@std@@V?$allocator@V?$basic_string@DU?$char_traits@D@std@@V?$allocator@D@2@@std@@@2@@std@@QAE@XZ 00413fe0 f i SysStatus.obj
 0001:00012fe0       ??0?$vector@MV?$allocator@M@std@@@std@@QAE@XZ 00413fe0 f i WMI.obj
 0001:00012fe0       ??0?$vector@GV?$allocator@G@std@@@std@@QAE@XZ 00413fe0 f i WMI.obj
 0001:00012fe0       ??0?$vector@KV?$allocator@K@std@@@std@@QAE@XZ 00413fe0 f i WMI.obj
 0001:00012fe0       ??0?$vector@EV?$allocator@E@std@@@std@@QAE@XZ 00413fe0 f i WMI.obj
 0001:00012fe0       ??0?$vector@NV?$allocator@N@std@@@std@@QAE@XZ 00413fe0 f i WMI.obj
 0001:00013050       ??1?$vector@GV?$allocator@G@std@@@std@@QAE@XZ 00414050 f i WMI.obj
 0001:00013050       ??1?$vector@PA_WV?$allocator@PA_W@std@@@std@@QAE@XZ 00414050 f i WMI.obj
 0001:00013050       ??1?$vector@KV?$allocator@K@std@@@std@@QAE@XZ 00414050 f i WMI.obj
 0001:00013050       ??1?$vector@MV?$allocator@M@std@@@std@@QAE@XZ 00414050 f i WMI.obj
 0001:00013050       ??1?$vector@EV?$allocator@E@std@@@std@@QAE@XZ 00414050 f i WMI.obj
 0001:00013050       ??1?$vector@NV?$allocator@N@std@@@std@@QAE@XZ 00414050 f i WMI.obj
 0001:00013050       ??1?$vector@_KV?$allocator@_K@std@@@std@@QAE@XZ 00414050 f i WMI.obj
 0001:000130c0       ?erase@?$basic_string@DU?$char_traits@D@std@@V?$allocator@D@2@@std@@QAE?AV?$_String_iterator@DU?$char_traits@D@std@@V?$allocator@D@2@@2@V?$_String_const_iterator@DU?$char_traits@D@std@@V?$allocator@D@2@@2@0@Z 004140c0 f i WMI.obj
 0001:000131e0       ?_Construct_n@?$vector@V?$basic_string@DU?$char_traits@D@std@@V?$allocator@D@2@@std@@V?$allocator@V?$basic_string@DU?$char_traits@D@std@@V?$allocator@D@2@@std@@@2@@std@@QAEXIABV?$basic_string@DU?$char_traits@D@std@@V?$allocator@D@2@@2@@Z 004141e0 f i WMI.obj
 0001:00013270       ?erase@?$vector@EV?$allocator@E@std@@@std@@QAE?AV?$_Vector_iterator@EV?$allocator@E@std@@@2@V?$_Vector_const_iterator@EV?$allocator@E@std@@@2@0@Z 00414270 f i WMI.obj
 0001:000132f0       ?erase@?$vector@GV?$allocator@G@std@@@std@@QAE?AV?$_Vector_iterator@GV?$allocator@G@std@@@2@V?$_Vector_const_iterator@GV?$allocator@G@std@@@2@0@Z 004142f0 f i WMI.obj
 0001:00013370       ?erase@?$vector@KV?$allocator@K@std@@@std@@QAE?AV?$_Vector_iterator@KV?$allocator@K@std@@@2@V?$_Vector_const_iterator@KV?$allocator@K@std@@@2@0@Z 00414370 f i WMI.obj
 0001:00013370       ?erase@?$vector@MV?$allocator@M@std@@@std@@QAE?AV?$_Vector_iterator@MV?$allocator@M@std@@@2@V?$_Vector_const_iterator@MV?$allocator@M@std@@@2@0@Z 00414370 f i WMI.obj
 0001:00013370       ?erase@?$vector@PA_WV?$allocator@PA_W@std@@@std@@QAE?AV?$_Vector_iterator@PA_WV?$allocator@PA_W@std@@@2@V?$_Vector_const_iterator@PA_WV?$allocator@PA_W@std@@@2@0@Z 00414370 f i WMI.obj
 0001:00013400       ??1?$_Container_base_aux_alloc_real@V?$allocator@V?$basic_string@DU?$char_traits@D@std@@V?$allocator@D@2@@std@@@std@@@std@@IAE@XZ 00414400 f i SysStatus.obj
 0001:00013400       ??1?$_Container_base_aux_alloc_real@V?$allocator@N@std@@@std@@IAE@XZ 00414400 f i WMI.obj
 0001:00013400       ??1?$_Container_base_aux_alloc_real@V?$allocator@G@std@@@std@@IAE@XZ 00414400 f i WMI.obj
 0001:00013400       ??1?$_Container_base_aux_alloc_real@V?$allocator@K@std@@@std@@IAE@XZ 00414400 f i WMI.obj
 0001:00013400       ??1?$_Container_base_aux_alloc_real@V?$allocator@M@std@@@std@@IAE@XZ 00414400 f i WMI.obj
 0001:00013400       ??1?$_Container_base_aux_alloc_real@V?$allocator@E@std@@@std@@IAE@XZ 00414400 f i WMI.obj
 0001:00013400       ??1?$_Container_base_aux_alloc_real@V?$allocator@PA_W@std@@@std@@IAE@XZ 00414400 f i WMI.obj
 0001:00013400       ??1?$_Container_base_aux_alloc_real@V?$allocator@_K@std@@@std@@IAE@XZ 00414400 f i WMI.obj
 0001:00013410       ?erase@?$vector@NV?$allocator@N@std@@@std@@QAE?AV?$_Vector_iterator@NV?$allocator@N@std@@@2@V?$_Vector_const_iterator@NV?$allocator@N@std@@@2@0@Z 00414410 f i WMI.obj
 0001:00013410       ?erase@?$vector@_KV?$allocator@_K@std@@@std@@QAE?AV?$_Vector_iterator@_KV?$allocator@_K@std@@@2@V?$_Vector_const_iterator@_KV?$allocator@_K@std@@@2@0@Z 00414410 f i WMI.obj
 0001:000134a0       ?allocate@?$allocator@E@std@@QAEPAEI@Z 004144a0 f i WMI.obj
 0001:000134e0       ??0?$_Container_base_aux_alloc_real@V?$allocator@V?$basic_string@DU?$char_traits@D@std@@V?$allocator@D@2@@std@@@std@@@std@@IAE@V?$allocator@V?$basic_string@DU?$char_traits@D@std@@V?$allocator@D@2@@std@@@1@@Z 004144e0 f i SysStatus.obj
 0001:000134e0       ??0?$_Container_base_aux_alloc_real@V?$allocator@G@std@@@std@@IAE@V?$allocator@G@1@@Z 004144e0 f i WMI.obj
 0001:000134e0       ??0?$_Container_base_aux_alloc_real@V?$allocator@N@std@@@std@@IAE@V?$allocator@N@1@@Z 004144e0 f i WMI.obj
 0001:000134e0       ??0?$_Container_base_aux_alloc_real@V?$allocator@K@std@@@std@@IAE@V?$allocator@K@1@@Z 004144e0 f i WMI.obj
 0001:000134e0       ??0?$_Container_base_aux_alloc_real@V?$allocator@PA_W@std@@@std@@IAE@V?$allocator@PA_W@1@@Z 004144e0 f i WMI.obj
 0001:000134e0       ??0?$_Container_base_aux_alloc_real@V?$allocator@M@std@@@std@@IAE@V?$allocator@M@1@@Z 004144e0 f i WMI.obj
 0001:000134e0       ??0?$_Container_base_aux_alloc_real@V?$allocator@E@std@@@std@@IAE@V?$allocator@E@1@@Z 004144e0 f i WMI.obj
 0001:000134e0       ??0?$_Container_base_aux_alloc_real@V?$allocator@_K@std@@@std@@IAE@V?$allocator@_K@1@@Z 004144e0 f i WMI.obj
 0001:00013540       ?allocate@?$allocator@G@std@@QAEPAGI@Z 00414540 f i WMI.obj
 0001:00013580       ?_Xlen@?$vector@V?$basic_string@DU?$char_traits@D@std@@V?$allocator@D@2@@std@@V?$allocator@V?$basic_string@DU?$char_traits@D@std@@V?$allocator@D@2@@std@@@2@@std@@KAXXZ 00414580 f i MonitorIPs.obj
 0001:00013580       ?_Xlen@?$vector@KV?$allocator@K@std@@@std@@KAXXZ 00414580 f i WMI.obj
 0001:00013580       ?_Xlen@?$vector@PA_WV?$allocator@PA_W@std@@@std@@KAXXZ 00414580 f i WMI.obj
 0001:00013580       ?_Xlen@?$vector@_KV?$allocator@_K@std@@@std@@KAXXZ 00414580 f i WMI.obj
 0001:00013580       ?_Xlen@?$vector@EV?$allocator@E@std@@@std@@KAXXZ 00414580 f i WMI.obj
 0001:00013580       ?_Xlen@?$vector@MV?$allocator@M@std@@@std@@KAXXZ 00414580 f i WMI.obj
 0001:00013580       ?_Xlen@?$vector@GV?$allocator@G@std@@@std@@KAXXZ 00414580 f i WMI.obj
 0001:00013580       ?_Xlen@?$vector@NV?$allocator@N@std@@@std@@KAXXZ 00414580 f i WMI.obj
 0001:00013600       ?allocate@?$allocator@_K@std@@QAEPA_KI@Z 00414600 f i WMI.obj
 0001:00013600       ?allocate@?$allocator@N@std@@QAEPANI@Z 00414600 f i WMI.obj
 0001:00013650       ??$FromVariant@E@@YAXUtagVARIANT@@AAV?$vector@EV?$allocator@E@std@@@std@@@Z 00414650 f i WMI.obj
 0001:00013750       ??$FromVariant@G@@YAXUtagVARIANT@@AAV?$vector@GV?$allocator@G@std@@@std@@@Z 00414750 f i WMI.obj
 0001:00013860       ??$FromVariant@K@@YAXUtagVARIANT@@AAV?$vector@KV?$allocator@K@std@@@std@@@Z 00414860 f i WMI.obj
 0001:00013970       ??$FromVariant@_K@@YAXUtagVARIANT@@AAV?$vector@_KV?$allocator@_K@std@@@std@@@Z 00414970 f i WMI.obj
 0001:00013a80       ??$FromVariant@M@@YAXUtagVARIANT@@AAV?$vector@MV?$allocator@M@std@@@std@@@Z 00414a80 f i WMI.obj
 0001:00013b90       ??$FromVariant@N@@YAXUtagVARIANT@@AAV?$vector@NV?$allocator@N@std@@@std@@@Z 00414b90 f i WMI.obj
 0001:00013ca0       ??$FromVariant@PA_W@@YAXUtagVARIANT@@AAV?$vector@PA_WV?$allocator@PA_W@std@@@std@@@Z 00414ca0 f i WMI.obj
 0001:00013da0       ?Attach@?$CComSafeArray@PA_W$07@ATL@@QAEJPBUtagSAFEARRAY@@@Z 00414da0 f i WMI.obj
 0001:00013e20       ?Attach@?$CComSafeArray@E$0BB@@ATL@@QAEJPBUtagSAFEARRAY@@@Z 00414e20 f i WMI.obj
 0001:00013ea0       ?GetAt@?$CComSafeArray@E$0BB@@ATL@@QAEAAEJ@Z 00414ea0 f i WMI.obj
 0001:00013f20       ??1?$CComSafeArray@N$04@ATL@@QAE@XZ 00414f20 f i WMI.obj
 0001:00013f20       ??1?$CComSafeArray@M$03@ATL@@QAE@XZ 00414f20 f i WMI.obj
 0001:00013f20       ??1?$CComSafeArray@G$0BC@@ATL@@QAE@XZ 00414f20 f i WMI.obj
 0001:00013f20       ??1?$CComSafeArray@E$0BB@@ATL@@QAE@XZ 00414f20 f i WMI.obj
 0001:00013f20       ??1?$CComSafeArray@K$0BD@@ATL@@QAE@XZ 00414f20 f i WMI.obj
 0001:00013f20       ??1?$CComSafeArray@_K$0BF@@ATL@@QAE@XZ 00414f20 f i WMI.obj
 0001:00013f20       ??1?$CComSafeArray@PA_W$07@ATL@@QAE@XZ 00414f20 f i WMI.obj
 0001:00013f50       ?Attach@?$CComSafeArray@G$0BC@@ATL@@QAEJPBUtagSAFEARRAY@@@Z 00414f50 f i WMI.obj
 0001:00013fd0       ?GetAt@?$CComSafeArray@G$0BC@@ATL@@QAEAAGJ@Z 00414fd0 f i WMI.obj
 0001:00014050       ?Attach@?$CComSafeArray@K$0BD@@ATL@@QAEJPBUtagSAFEARRAY@@@Z 00415050 f i WMI.obj
 0001:000140d0       ?Attach@?$CComSafeArray@_K$0BF@@ATL@@QAEJPBUtagSAFEARRAY@@@Z 004150d0 f i WMI.obj
 0001:00014150       ?Attach@?$CComSafeArray@M$03@ATL@@QAEJPBUtagSAFEARRAY@@@Z 00415150 f i WMI.obj
 0001:000141d0       ?GetAt@?$CComSafeArray@K$0BD@@ATL@@QAEAAKJ@Z 004151d0 f i WMI.obj
 0001:000141d0       ?GetAt@?$CComSafeArray@PA_W$07@ATL@@QAEAAVCComBSTR@2@J@Z 004151d0 f i WMI.obj
 0001:000141d0       ?GetAt@?$CComSafeArray@M$03@ATL@@QAEAAMJ@Z 004151d0 f i WMI.obj
 0001:00014250       ?Attach@?$CComSafeArray@N$04@ATL@@QAEJPBUtagSAFEARRAY@@@Z 00415250 f i WMI.obj
 0001:000142d0       ?GetAt@?$CComSafeArray@N$04@ATL@@QAEAANJ@Z 004152d0 f i WMI.obj
 0001:000142d0       ?GetAt@?$CComSafeArray@_K$0BF@@ATL@@QAEAA_KJ@Z 004152d0 f i WMI.obj
 0001:00014350       ?resize@?$vector@EV?$allocator@E@std@@@std@@QAEXIE@Z 00415350 f i WMI.obj
 0001:00014410       ?resize@?$vector@GV?$allocator@G@std@@@std@@QAEXIG@Z 00415410 f i WMI.obj
 0001:000144e0       ?resize@?$vector@PA_WV?$allocator@PA_W@std@@@std@@QAEXIPA_W@Z 004154e0 f i WMI.obj
 0001:000144e0       ?resize@?$vector@KV?$allocator@K@std@@@std@@QAEXIK@Z 004154e0 f i WMI.obj
 0001:000145b0       ?resize@?$vector@_KV?$allocator@_K@std@@@std@@QAEXI_K@Z 004155b0 f i WMI.obj
 0001:00014680       ?resize@?$vector@MV?$allocator@M@std@@@std@@QAEXIM@Z 00415680 f i WMI.obj
 0001:00014750       ?resize@?$vector@NV?$allocator@N@std@@@std@@QAEXIN@Z 00415750 f i WMI.obj
 0001:00014820       ?_Insert_n@?$vector@EV?$allocator@E@std@@@std@@IAEXV?$_Vector_const_iterator@EV?$allocator@E@std@@@2@IABE@Z 00415820 f i WMI.obj
 0001:00014a50       ?_Insert_n@?$vector@GV?$allocator@G@std@@@std@@IAEXV?$_Vector_const_iterator@GV?$allocator@G@std@@@2@IABG@Z 00415a50 f i WMI.obj
 0001:00014cc0       ?_Insert_n@?$vector@PA_WV?$allocator@PA_W@std@@@std@@IAEXV?$_Vector_const_iterator@PA_WV?$allocator@PA_W@std@@@2@IABQA_W@Z 00415cc0 f i WMI.obj
 0001:00014cc0       ?_Insert_n@?$vector@KV?$allocator@K@std@@@std@@IAEXV?$_Vector_const_iterator@KV?$allocator@K@std@@@2@IABK@Z 00415cc0 f i WMI.obj
 0001:00014f10       ?_Insert_n@?$vector@_KV?$allocator@_K@std@@@std@@IAEXV?$_Vector_const_iterator@_KV?$allocator@_K@std@@@2@IAB_K@Z 00415f10 f i WMI.obj
 0001:00015160       ?_Insert_n@?$vector@MV?$allocator@M@std@@@std@@IAEXV?$_Vector_const_iterator@MV?$allocator@M@std@@@2@IABM@Z 00416160 f i WMI.obj
 0001:000153b0       ?_Insert_n@?$vector@NV?$allocator@N@std@@@std@@IAEXV?$_Vector_const_iterator@NV?$allocator@N@std@@@2@IABN@Z 004163b0 f i WMI.obj
 0001:00015600       ?_Ufill@?$vector@EV?$allocator@E@std@@@std@@IAEPAEPAEIABE@Z 00416600 f i WMI.obj
 0001:00015630       ?_Ufill@?$vector@GV?$allocator@G@std@@@std@@IAEPAGPAGIABG@Z 00416630 f i WMI.obj
 0001:00015660       ?_Ufill@?$vector@_KV?$allocator@_K@std@@@std@@IAEPA_KPA_KIAB_K@Z 00416660 f i WMI.obj
 0001:00015690       ??$_Umove@PAE@?$vector@EV?$allocator@E@std@@@std@@IAEPAEPAE00@Z 00416690 f i WMI.obj
 0001:000156b0       ??$_Umove@PAG@?$vector@GV?$allocator@G@std@@@std@@IAEPAGPAG00@Z 004166b0 f i WMI.obj
 0001:000156d0       ??$_Umove@PAN@?$vector@NV?$allocator@N@std@@@std@@IAEPANPAN00@Z 004166d0 f i WMI.obj
 0001:000156d0       ??$_Umove@PA_K@?$vector@_KV?$allocator@_K@std@@@std@@IAEPA_KPA_K00@Z 004166d0 f i WMI.obj
 0001:00015700       ??0xmlwriter@@QAE@V?$basic_string@DU?$char_traits@D@std@@V?$allocator@D@2@@std@@P6AXPADH@Z@Z 00416700 f   xmlwriter.obj
 0001:00015800       ??1?$stack@V?$basic_string@DU?$char_traits@D@std@@V?$allocator@D@2@@std@@V?$deque@V?$basic_string@DU?$char_traits@D@std@@V?$allocator@D@2@@std@@V?$allocator@V?$basic_string@DU?$char_traits@D@std@@V?$allocator@D@2@@std@@@2@@2@@std@@QAE@XZ 00416800 f i xmlwriter.obj
 0001:00015850       ??1xmlwriter@@QAE@XZ       00416850 f   xmlwriter.obj
 0001:00015930       ?Createtag@xmlwriter@@QAEXV?$basic_string@DU?$char_traits@D@std@@V?$allocator@D@2@@std@@@Z 00416930 f   xmlwriter.obj
 0001:00015db0       ?CloseLasttag@xmlwriter@@QAEXXZ 00416db0 f   xmlwriter.obj
 0001:00015f00       ?CloseAlltags@xmlwriter@@QAEXXZ 00416f00 f   xmlwriter.obj
 0001:00016060       ?CreateChild@xmlwriter@@QAEXV?$basic_string@DU?$char_traits@D@std@@V?$allocator@D@2@@std@@0@Z 00417060 f   xmlwriter.obj
 0001:00016560       ?AddComment@xmlwriter@@QAEXV?$basic_string@DU?$char_traits@D@std@@V?$allocator@D@2@@std@@@Z 00417560 f   xmlwriter.obj
 0001:00016620       ?validateTagName@xmlwriter@@AAE?AV?$basic_string@DU?$char_traits@D@std@@V?$allocator@D@2@@std@@V23@@Z 00417620 f   xmlwriter.obj
 0001:000167c0       ?validateValue@xmlwriter@@AAE?AV?$basic_string@DU?$char_traits@D@std@@V?$allocator@D@2@@std@@V23@@Z 004177c0 f   xmlwriter.obj
 0001:00016a10       ?Write@xmlwriter@@AAAXHPBDZZ 00417a10 f   xmlwriter.obj
 0001:00016b10       ??1?$deque@V?$basic_string@DU?$char_traits@D@std@@V?$allocator@D@2@@std@@V?$allocator@V?$basic_string@DU?$char_traits@D@std@@V?$allocator@D@2@@std@@@2@@std@@QAE@XZ 00417b10 f i xmlwriter.obj
 0001:00016b70       ??1?$_Deque_val@V?$basic_string@DU?$char_traits@D@std@@V?$allocator@D@2@@std@@V?$allocator@V?$basic_string@DU?$char_traits@D@std@@V?$allocator@D@2@@std@@@2@@std@@QAE@XZ 00417b70 f i xmlwriter.obj
 0001:00016bc0       ??1?$_Deque_map@V?$basic_string@DU?$char_traits@D@std@@V?$allocator@D@2@@std@@V?$allocator@V?$basic_string@DU?$char_traits@D@std@@V?$allocator@D@2@@std@@@2@@std@@QAE@XZ 00417bc0 f i xmlwriter.obj
 0001:00016bc0       ??1?$_Vector_val@PA_WV?$allocator@PA_W@std@@@std@@QAE@XZ 00417bc0 f i WMI.obj
 0001:00016bc0       ??1?$_Vector_val@V?$basic_string@DU?$char_traits@D@std@@V?$allocator@D@2@@std@@V?$allocator@V?$basic_string@DU?$char_traits@D@std@@V?$allocator@D@2@@std@@@2@@std@@QAE@XZ 00417bc0 f i SysStatus.obj
 0001:00016bc0       ??1?$_Vector_val@_KV?$allocator@_K@std@@@std@@QAE@XZ 00417bc0 f i WMI.obj
 0001:00016bc0       ??1?$_Vector_val@GV?$allocator@G@std@@@std@@QAE@XZ 00417bc0 f i WMI.obj
 0001:00016bc0       ??1?$_Vector_val@MV?$allocator@M@std@@@std@@QAE@XZ 00417bc0 f i WMI.obj
 0001:00016bc0       ??1?$_Vector_val@EV?$allocator@E@std@@@std@@QAE@XZ 00417bc0 f i WMI.obj
 0001:00016bc0       ??1?$_Vector_val@KV?$allocator@K@std@@@std@@QAE@XZ 00417bc0 f i WMI.obj
 0001:00016bc0       ??1?$_Vector_val@NV?$allocator@N@std@@@std@@QAE@XZ 00417bc0 f i WMI.obj
 0001:00016c10       ??0?$deque@V?$basic_string@DU?$char_traits@D@std@@V?$allocator@D@2@@std@@V?$allocator@V?$basic_string@DU?$char_traits@D@std@@V?$allocator@D@2@@std@@@2@@std@@QAE@XZ 00417c10 f i xmlwriter.obj
 0001:00016c80       ?_Tidy@?$deque@V?$basic_string@DU?$char_traits@D@std@@V?$allocator@D@2@@std@@V?$allocator@V?$basic_string@DU?$char_traits@D@std@@V?$allocator@D@2@@std@@@2@@std@@IAEXXZ 00417c80 f i xmlwriter.obj
 0001:00016d20       ?_Growmap@?$deque@V?$basic_string@DU?$char_traits@D@std@@V?$allocator@D@2@@std@@V?$allocator@V?$basic_string@DU?$char_traits@D@std@@V?$allocator@D@2@@std@@@2@@std@@IAEXI@Z 00417d20 f i xmlwriter.obj
 0001:00016ec0       ?_Xlen@?$deque@V?$basic_string@DU?$char_traits@D@std@@V?$allocator@D@2@@std@@V?$allocator@V?$basic_string@DU?$char_traits@D@std@@V?$allocator@D@2@@std@@@2@@std@@KAXXZ 00417ec0 f i xmlwriter.obj
 0001:00016f3a       _EnumProcesses@12          00417f3a f   Psapi:PSAPI.DLL
 0001:00016f40       _EnumDeviceDrivers@12      00417f40 f   Psapi:PSAPI.DLL
 0001:00016f46       _GetProcessMemoryInfo@12   00417f46 f   Psapi:PSAPI.DLL
 0001:00016f4c       _GetPerformanceInfo@8      00417f4c f   Psapi:PSAPI.DLL
 0001:00016f52       _GetModuleBaseNameA@16     00417f52 f   Psapi:PSAPI.DLL
 0001:00016f58       _GetDeviceDriverBaseNameA@12 00417f58 f   Psapi:PSAPI.DLL
 0001:00016f5e       _EnumProcessModules@16     00417f5e f   Psapi:PSAPI.DLL
 0001:00016f64       _GetDeviceDriverFileNameA@12 00417f64 f   Psapi:PSAPI.DLL
 0001:00016f6a       _MiniDumpWriteDump@28      00417f6a f   Dbghelp:dbghelp.dll
 0001:00016f70       _IsNetworkAlive@4          00417f70 f   Sensapi:SensApi.dll
 0001:00016f76       _NotifyAddrChange@8        00417f76 f   iphlpapi:IPHLPAPI.DLL
 0001:00016f7c       _GetIpAddrTable@12         00417f7c f   iphlpapi:IPHLPAPI.DLL
 0001:00016f82       _GetSystemTimes@12         00417f82 f   kernel32:KERNEL32.dll
 0001:00016f88       _DocumentPropertiesA@24    00417f88 f   winspool:WINSPOOL.DRV
 0001:00016f8e       _ClosePrinter@4            00417f8e f   winspool:WINSPOOL.DRV
 0001:00016f94       _OpenPrinterA@12           00417f94 f   winspool:WINSPOOL.DRV
 0001:00016f9a       _EnumPrintersA@28          00417f9a f   winspool:WINSPOOL.DRV
 0001:00016fa0       ?_Xlen@_String_base@std@@SAXXZ 00417fa0 f   libcpmt:string.obj
 0001:00016fd8       ?_Xran@_String_base@std@@SAXXZ 00417fd8 f   libcpmt:string.obj
 0001:00017010       ??_U@YAPAXI@Z              00418010 f   libcpmt:newaop.obj
 0001:00017020       ?ConvertStringToBSTR@_com_util@@YGPA_WPBD@Z 00418020 f   comsuppw:comutil.obj
 0001:000171a0       ?_com_issue_error@@YGXJ@Z  004181a0 f   comsuppw:comsupp.obj
 0001:000171c0       ??1_com_error@@UAE@XZ      004181c0 f i comsuppw:comraise.obj
 0001:00017200       ?_com_raise_error@@YGXJPAUIErrorInfo@@@Z 00418200 f   comsuppw:comraise.obj
 0001:00017240       ??0_com_error@@QAE@ABV0@@Z 00418240 f i comsuppw:comraise.obj
 0001:00017280       ??_E_com_error@@UAEPAXI@Z  00418280 f i comsuppw:comraise.obj
 0001:00017280       ??_G_com_error@@UAEPAXI@Z  00418280 f i comsuppw:comraise.obj
 0001:000172d0       ??3@YAXPAX@Z               004182d0 f   LIBCMT:delete.obj
 0001:000172db       @__security_check_cookie@4 004182db f   LIBCMT:secchk.obj
 0001:000172ea       _memmove_s                 004182ea f   LIBCMT:memmove_s.obj
 0001:00017347       ??0exception@std@@QAE@XZ   00418347 f   LIBCMT:stdexcpt.obj
 0001:00017358       ??0exception@std@@QAE@ABQBD@Z 00418358 f   LIBCMT:stdexcpt.obj
 0001:000173ab       ??0exception@std@@QAE@ABQBDH@Z 004183ab f   LIBCMT:stdexcpt.obj
 0001:000173c8       ??0exception@std@@QAE@ABV01@@Z 004183c8 f   LIBCMT:stdexcpt.obj
 0001:00017425       ??1exception@std@@UAE@XZ   00418425 f   LIBCMT:stdexcpt.obj
 0001:0001743b       ?what@exception@std@@UBEPBDXZ 0041843b f   LIBCMT:stdexcpt.obj
 0001:00017448       ??_Gexception@std@@UAEPAXI@Z 00418448 f i LIBCMT:stdexcpt.obj
 0001:00017448       ??_Eexception@std@@UAEPAXI@Z 00418448 f i LIBCMT:stdexcpt.obj
 0001:00017469       __snprintf                 00418469 f   LIBCMT:snprintf.obj
 0001:00017518       __initp_misc_invarg        00418518 f   LIBCMT:invarg.obj
 0001:00017527       __invoke_watson            00418527 f   LIBCMT:invarg.obj
 0001:0001764f       __invalid_parameter        0041864f f   LIBCMT:invarg.obj
 0001:00017675       __invalid_parameter_noinfo 00418675 f   LIBCMT:invarg.obj
 0001:00017685       _memcpy_s                  00418685 f   LIBCMT:memcpy_s.obj
 0001:00017702       ??1type_info@@UAE@XZ       00418702 f   LIBCMT:typinfo.obj
 0001:00017712       ??_Gtype_info@@UAEPAXI@Z   00418712 f i LIBCMT:typinfo.obj
 0001:00017712       ??_Etype_info@@UAEPAXI@Z   00418712 f i LIBCMT:typinfo.obj
 0001:00017733       ??8type_info@@QBE_NABV0@@Z 00418733 f   LIBCMT:typinfo.obj
 0001:00017753       ??0bad_alloc@std@@QAE@XZ   00418753 f i LIBCMT:new.obj
 0001:0001776e       ??2@YAPAXI@Z               0041876e f   LIBCMT:new.obj
 0001:000177d3       _rename                    004187d3 f   LIBCMT:rename.obj
 0001:00017806       _sprintf                   00418806 f   LIBCMT:sprintf.obj
 0001:00017883       __freea                    00418883 f i LIBCMT:strlwr.obj
 0001:000178a3       ??0_LocaleUpdate@@QAE@PAUlocaleinfo_struct@@@Z 004188a3 f i LIBCMT:strlwr.obj
 0001:0001792a       ?_strlwr_s_l_stat@@YAHPADIPAUlocaleinfo_struct@@@Z 0041892a f   LIBCMT:strlwr.obj
 0001:00017aad       __strlwr_s_l               00418aad f   LIBCMT:strlwr.obj
 0001:00017ae1       __strlwr                   00418ae1 f   LIBCMT:strlwr.obj
 0001:00017b46       _free                      00418b46 f   LIBCMT:free.obj
 0001:00017bd4       _V6_HeapAlloc              00418bd4 f   LIBCMT:malloc.obj
 0001:00017c23       _malloc                    00418c23 f   LIBCMT:malloc.obj
 0001:00017cf0       _strstr                    00418cf0 f   LIBCMT:strstr.obj
 0001:00017d90       _strchr                    00418d90 f   LIBCMT:strchr.obj
 0001:00017d96       ___from_strstr_to_strchr   00418d96     LIBCMT:strchr.obj
 0001:00017e4e       _atol                      00418e4e f   LIBCMT:atox.obj
 0001:00017e64       _atoi                      00418e64 f   LIBCMT:atox.obj
 0001:00017e6f       __endthreadex              00418e6f f   LIBCMT:threadex.obj
 0001:00017f70       __beginthreadex            00418f70 f   LIBCMT:threadex.obj
 0001:00018020       _remove                    00419020 f   LIBCMT:unlink.obj
 0001:0001810a       ___onexitinit              0041910a f   LIBCMT:onexit.obj
 0001:0001813b       __onexit                   0041913b f   LIBCMT:onexit.obj
 0001:00018177       _atexit                    00419177 f   LIBCMT:onexit.obj
 0001:00018190       _strncpy                   00419190 f   LIBCMT:strncpy.obj
 0001:000182b4       ??_V@YAXPAX@Z              004192b4 f   LIBCMT:delete2.obj
 0001:000182bf       __vsnprintf_l              004192bf f   LIBCMT:vsnprint.obj
 0001:00018372       __vsnprintf                00419372 f   LIBCMT:vsnprint.obj
 0001:0001838f       __isdigit_l                0041938f f i LIBCMT:_ctype.obj
 0001:000183e0       _isdigit                   004193e0 f i LIBCMT:_ctype.obj
 0001:0001840e       __crt_waiting_on_module_handle 0041940e f   LIBCMT:crt0dat.obj
 0001:0001843e       __amsg_exit                0041943e f   LIBCMT:crt0dat.obj
 0001:00018467       ___crtCorExitProcess       00419467 f   LIBCMT:crt0dat.obj
 0001:00018492       ___crtExitProcess          00419492 f   LIBCMT:crt0dat.obj
 0001:000184aa       __lockexit                 004194aa f   LIBCMT:crt0dat.obj
 0001:000184b3       __unlockexit               004194b3 f   LIBCMT:crt0dat.obj
 0001:000184d9       __initterm_e               004194d9 f   LIBCMT:crt0dat.obj
 0001:000184fd       __cinit                    004194fd f   LIBCMT:crt0dat.obj
 0001:000186ae       _exit                      004196ae f   LIBCMT:crt0dat.obj
 0001:000186c4       __exit                     004196c4 f   LIBCMT:crt0dat.obj
 0001:000186da       __cexit                    004196da f   LIBCMT:crt0dat.obj
 0001:000186e9       __c_exit                   004196e9 f   LIBCMT:crt0dat.obj
 0001:000186f8       __init_pointers            004196f8 f   LIBCMT:crt0dat.obj
 0001:00018746       __fsopen                   00419746 f   LIBCMT:fopen.obj
 0001:0001880a       _fopen                     0041980a f   LIBCMT:fopen.obj
 0001:00018821       _vfprintf_helper           00419821 f   LIBCMT:vfprintf.obj
 0001:0001893c       _vfprintf                  0041993c f   LIBCMT:vfprintf.obj
 0001:0001895b       __fclose_nolock            0041995b f   LIBCMT:fclose.obj
 0001:000189d2       _fclose                    004199d2 f   LIBCMT:fclose.obj
 0001:00018bf5       _WinMainCRTStartup         00419bf5 f   LIBCMT:wincrt0.obj
 0001:00018c00       _strlen                    00419c00 f   LIBCMT:strlen.obj
 0001:00018c8b       __CxxThrowException@8      00419c8b f   LIBCMT:throw.obj
 0001:00018cd7       ?_JumpToContinuation@@YGXPAXPAUEHRegistrationNode@@@Z 00419cd7 f   LIBCMT:_trnsctrl_.obj
 0001:00018d09       ?_CallMemberFunction0@@YGXPAX0@Z 00419d09 f   LIBCMT:_trnsctrl_.obj
 0001:00018d09       ?_CallMemberFunction2@@YGXPAX00H@Z 00419d09 f   LIBCMT:_trnsctrl_.obj
 0001:00018d09       ?_CallMemberFunction1@@YGXPAX00@Z 00419d09 f   LIBCMT:_trnsctrl_.obj
 0001:00018d10       ?_UnwindNestedFrames@@YGXPAUEHRegistrationNode@@PAUEHExceptionRecord@@@Z 00419d10 f   LIBCMT:_trnsctrl_.obj
 0001:00018d64       ___CxxFrameHandler3        00419d64 f   LIBCMT:_trnsctrl_.obj
 0001:00018dcd       ?_CallSETranslator@@YAHPAUEHExceptionRecord@@PAUEHRegistrationNode@@PAX2PBU_s_FuncInfo@@H1@Z 00419dcd f   LIBCMT:_trnsctrl_.obj
 0001:00018f43       ?_GetRangeOfTrysToCheck@@YAPBU_s_TryBlockMapEntry@@PBU_s_FuncInfo@@HHPAI1@Z 00419f43 f   LIBCMT:_trnsctrl_.obj
 0001:00018fb8       __CreateFrameInfo          00419fb8 f   LIBCMT:_trnsctrl_.obj
 0001:00018fe4       __IsExceptionObjectToBeDestroyed 00419fe4 f   LIBCMT:_trnsctrl_.obj
 0001:0001900b       __FindAndUnlinkFrame       0041a00b f   LIBCMT:_trnsctrl_.obj
 0001:0001905d       ?_CallCatchBlock2@@YAPAXPAUEHRegistrationNode@@PBU_s_FuncInfo@@PAXHK@Z 0041a05d f   LIBCMT:_trnsctrl_.obj
 0001:000190bd       __EH_prolog3               0041a0bd f   LIBCMT:ehprolg3.obj
 0001:000190f0       __EH_prolog3_catch         0041a0f0 f   LIBCMT:ehprolg3.obj
 0001:00019130       __except_handler4          0041a130 f   LIBCMT:chandler4.obj
 0001:000192c0       __alloca_probe_16          0041a2c0 f   LIBCMT:alloca16.obj
 0001:000192d6       __alloca_probe_8           0041a2d6     LIBCMT:alloca16.obj
 0001:000192ec       __initp_misc_winxfltr      0041a2ec f   LIBCMT:winxfltr.obj
 0001:000192ec       __fpclear                  0041a2ec f   LIBCMT:_fpinit_.obj
 0001:000192ed       __cfltcvt_init             0041a2ed f   LIBCMT:_fpinit_.obj
 0001:0001934d       __fpmath                   0041a34d f   LIBCMT:_fpinit_.obj
 0001:00019370       _memset                    0041a370 f   LIBCMT:memset.obj
 0001:000193ea       ___report_gsfailure        0041a3ea f   LIBCMT:gs_report.obj
 0001:000194f0       _memmove                   0041a4f0 f   LIBCMT:memmove.obj
 0001:00019855       __get_errno_from_oserr     0041a855 f   LIBCMT:dosmap.obj
 0001:00019897       __errno                    0041a897 f   LIBCMT:dosmap.obj
 0001:000198aa       ___doserrno                0041a8aa f   LIBCMT:dosmap.obj
 0001:000198bd       __dosmaperr                0041a8bd f   LIBCMT:dosmap.obj
 0001:000198e0       _strcpy_s                  0041a8e0 f   LIBCMT:strcpy_s.obj
 0001:00019948       __flsbuf                   0041a948 f   LIBCMT:_flsbuf.obj
 0001:00019b52       __output_l                 0041ab52 f   LIBCMT:output.obj
 0001:0001a6ea       __crt_debugger_hook        0041b6ea f   LIBCMT:dbghook.obj
 0001:0001a6f2       __encode_pointer           0041b6f2 f   LIBCMT:tidtable.obj
 0001:0001a764       __encoded_null             0041b764 f   LIBCMT:tidtable.obj
 0001:0001a76d       __decode_pointer           0041b76d f   LIBCMT:tidtable.obj
 0001:0001a7df       ___crtTlsAlloc@4           0041b7df f   LIBCMT:tidtable.obj
 0001:0001a7e8       ___fls_getvalue@4          0041b7e8 f   LIBCMT:tidtable.obj
 0001:0001a802       ___get_flsindex            0041b802 f   LIBCMT:tidtable.obj
 0001:0001a808       ___set_flsgetvalue         0041b808 f   LIBCMT:tidtable.obj
 0001:0001a83c       ___fls_setvalue@8          0041b83c f   LIBCMT:tidtable.obj
 0001:0001a859       __mtterm                   0041b859 f   LIBCMT:tidtable.obj
 0001:0001a896       __initptd                  0041b896 f   LIBCMT:tidtable.obj
 0001:0001a97d       __getptd_noexit            0041b97d f   LIBCMT:tidtable.obj
 0001:0001a9f6       __getptd                   0041b9f6 f   LIBCMT:tidtable.obj
 0001:0001aa10       __freefls@4                0041ba10 f   LIBCMT:tidtable.obj
 0001:0001ab3f       __freeptd                  0041bb3f f   LIBCMT:tidtable.obj
 0001:0001abad       __mtinit                   0041bbad f   LIBCMT:tidtable.obj
 0001:0001ad40       _memcpy                    0041bd40 f   LIBCMT:memcpy.obj
 0001:0001b0a5       ?_Type_info_dtor@type_info@@CAXPAV1@@Z 0041c0a5 f   LIBCMT:typname.obj
 0001:0001b120       _strcmp                    0041c120 f   LIBCMT:strcmp.obj
 0001:0001b1a8       __initp_heap_handler       0041c1a8 f   LIBCMT:handler.obj
 0001:0001b1b7       __callnewh                 0041c1b7 f   LIBCMT:handler.obj
 0001:0001b405       ___updatetmbcinfo          0041c405 f   LIBCMT:mbctype.obj
 0001:0001b525       __setmbcp_nolock           0041c525 f   LIBCMT:mbctype.obj
 0001:0001b70a       __setmbcp                  0041c70a f   LIBCMT:mbctype.obj
 0001:0001b8a4       ___initmbctable            0041c8a4 f   LIBCMT:mbctype.obj
 0001:0001b8c2       ___freetlocinfo            0041c8c2 f   LIBCMT:setlocal.obj
 0001:0001ba0b       ___addlocaleref            0041ca0b f   LIBCMT:setlocal.obj
 0001:0001ba9a       ___removelocaleref         0041ca9a f   LIBCMT:setlocal.obj
 0001:0001bb71       ___updatetlocinfo          0041cb71 f   LIBCMT:setlocal.obj
 0001:0001bf8c       ___crtLCMapStringA         0041cf8c f   LIBCMT:a_map.obj
 0001:0001bfd1       _strnlen                   0041cfd1 f   LIBCMT:strlen_s.obj
 0001:0001bfee       __heap_init                0041cfee f   LIBCMT:heapinit.obj
 0001:0001c01e       __mtinitlocks              0041d01e f   LIBCMT:mlock.obj
 0001:0001c069       __mtdeletelocks            0041d069 f   LIBCMT:mlock.obj
 0001:0001c0c0       __unlock                   0041d0c0 f   LIBCMT:mlock.obj
 0001:0001c0d7       __mtinitlocknum            0041d0d7 f   LIBCMT:mlock.obj
 0001:0001c19a       __lock                     0041d19a f   LIBCMT:mlock.obj
 0001:0001c1cd       ___sbh_find_block          0041d1cd f   LIBCMT:sbheap.obj
 0001:0001c1fd       ___sbh_free_block          0041d1fd f   LIBCMT:sbheap.obj
 0001:0001c513       ___sbh_alloc_new_region    0041d513 f   LIBCMT:sbheap.obj
 0001:0001c5c3       ___sbh_alloc_new_group     0041d5c3 f   LIBCMT:sbheap.obj
 0001:0001c6cb       ___sbh_resize_block        0041d6cb f   LIBCMT:sbheap.obj
 0001:0001c9ac       ___sbh_alloc_block         0041d9ac f   LIBCMT:sbheap.obj
 0001:0001cc94       __SEH_prolog4              0041dc94 f   LIBCMT:sehprolg4.obj
 0001:0001ccd9       __SEH_epilog4              0041dcd9 f   LIBCMT:sehprolg4.obj
 0001:0001cced       __NMSG_WRITE               0041dced f   LIBCMT:crt0msg.obj
 0001:0001ce98       __FF_MSGBANNER             0041de98 f   LIBCMT:crt0msg.obj
 0001:0001d100       _strtol                    0041e100 f   LIBCMT:strtol.obj
 0001:0001d130       __ValidateImageBase        0041e130 f   LIBCMT:pesect.obj
 0001:0001d170       __FindPESection            0041e170 f   LIBCMT:pesect.obj
 0001:0001d1c0       __IsNonwritableInCurrentImage 0041e1c0 f   LIBCMT:pesect.obj
 0001:0001d27d       __XcptFilter               0041e27d f   LIBCMT:winxfltr.obj
 0001:0001d3dd       __malloc_crt               0041e3dd f   LIBCMT:crtheap.obj
 0001:0001d422       __calloc_crt               0041e422 f   LIBCMT:crtheap.obj
 0001:0001d46e       __realloc_crt              0041e46e f   LIBCMT:crtheap.obj
 0001:0001d4bc       __msize                    0041e4bc f   LIBCMT:msize.obj
 0001:0001d55f       __isctype_l                0041e55f f   LIBCMT:isctype.obj
 0001:0001d617       __RTC_Initialize           0041e617 f   LIBCMT:_initsect_.obj
 0001:0001d63d       __RTC_Terminate            0041e63d f   LIBCMT:_initsect_.obj
 0001:0001d663       __initp_misc_cfltcvt_tab   0041e663 f   LIBCMT:cmiscdat.obj
 0001:0001d684       ?terminate@@YAXXZ          0041e684 f   LIBCMT:hooks.obj
 0001:0001d6bd       ?unexpected@@YAXXZ         0041e6bd f   LIBCMT:hooks.obj
 0001:0001d6d0       ?_inconsistency@@YAXXZ     0041e6d0 f   LIBCMT:hooks.obj
 0001:0001d708       __initp_eh_hooks           0041e708 f   LIBCMT:hooks.obj
 0001:0001d719       __initp_misc_winsig        0041e719 f   LIBCMT:winsig.obj
 0001:0001d76e       ___get_sigabrt             0041e76e f   LIBCMT:winsig.obj
 0001:0001d77b       _raise                     0041e77b f   LIBCMT:winsig.obj
 0001:0001d92b       __initp_misc_rand_s        0041e92b f   LIBCMT:rand_s.obj
 0001:0001d93a       __initp_misc_purevirt      0041e93a f   LIBCMT:inithelp.obj
 0001:0001d949       __initp_misc_initcrit      0041e949 f   LIBCMT:initcrit.obj
 0001:0001d958       ___crtInitCritSecAndSpinCount 0041e958 f   LIBCMT:initcrit.obj
 0001:0001d9b8       ___iob_func                0041e9b8 f   LIBCMT:_file.obj
 0001:0001d9be       ___initstdio               0041e9be f   LIBCMT:_file.obj
 0001:0001da6f       ___endstdio                0041ea6f f   LIBCMT:_file.obj
 0001:0001da8f       __lock_file                0041ea8f f   LIBCMT:_file.obj
 0001:0001dad0       __lock_file2               0041ead0 f   LIBCMT:_file.obj
 0001:0001db02       __unlock_file              0041eb02 f   LIBCMT:_file.obj
 0001:0001db3e       __unlock_file2             0041eb3e f   LIBCMT:_file.obj
 0001:0001db6d       __openfile                 0041eb6d f   LIBCMT:_open.obj
 0001:0001de36       __getstream                0041ee36 f   LIBCMT:stream.obj
 0001:0001df70       __local_unwind4            0041ef70 f   LIBCMT:exsup4.obj
 0001:0001e046       __seh_longjmp_unwind4@4    0041f046 f   LIBCMT:exsup4.obj
 0001:0001e062       @_EH4_CallFilterFunc@8     0041f062 f   LIBCMT:exsup4.obj
 0001:0001e079       @_EH4_TransferToHandler@8  0041f079 f   LIBCMT:exsup4.obj
 0001:0001e092       @_EH4_GlobalUnwind@4       0041f092 f   LIBCMT:exsup4.obj
 0001:0001e0ac       @_EH4_LocalUnwind@16       0041f0ac f   LIBCMT:exsup4.obj
 0001:0001e0c3       __stbuf                    0041f0c3 f   LIBCMT:_sftbuf.obj
 0001:0001e15f       __ftbuf                    0041f15f f   LIBCMT:_sftbuf.obj
 0001:0001e193       __ioinit                   0041f193 f   LIBCMT:ioinit.obj
 0001:0001e3e7       __fileno                   0041f3e7 f   LIBCMT:fileno.obj
 0001:0001e419       __close_nolock             0041f419 f   LIBCMT:close.obj
 0001:0001e4b5       __close                    0041f4b5 f   LIBCMT:close.obj
 0001:0001e582       __freebuf                  0041f582 f   LIBCMT:_freebuf.obj
 0001:0001e5b3       __flush                    0041f5b3 f   LIBCMT:fflush.obj
 0001:0001e61b       __fflush_nolock            0041f61b f   LIBCMT:fflush.obj
 0001:0001e73d       __flushall                 0041f73d f   LIBCMT:fflush.obj
 0001:0001e746       ?__CxxUnhandledExceptionFilter@@YGJPAU_EXCEPTION_POINTERS@@@Z 0041f746 f   LIBCMT:unhandld.obj
 0001:0001e788       ___CxxSetUnhandledExceptionFilter 0041f788 f   LIBCMT:unhandld.obj
 0001:0001e796       __wincmdln                 0041f796 f   LIBCMT:wincmdln.obj
 0001:0001e7f5       __setenvp                  0041f7f5 f   LIBCMT:stdenvp.obj
 0001:0001ea6d       __setargv                  0041fa6d f   LIBCMT:stdargv.obj
 0001:0001eb28       ___crtGetEnvironmentStringsA 0041fb28 f   LIBCMT:a_env.obj
 0001:0001ec5f       ___security_init_cookie    0041fc5f f   LIBCMT:gs_support.obj
 0001:0001ecf5       ??0bad_exception@std@@QAE@PBD@Z 0041fcf5 f i LIBCMT:frame.obj
 0001:0001ed13       ??1bad_exception@std@@UAE@XZ 0041fd13 f i LIBCMT:frame.obj
 0001:0001ed1e       ??_Gbad_exception@std@@UAEPAXI@Z 0041fd1e f i LIBCMT:frame.obj
 0001:0001ed1e       ??_Ebad_exception@std@@UAEPAXI@Z 0041fd1e f i LIBCMT:frame.obj
 0001:0001ed45       ___TypeMatch               0041fd45 f   LIBCMT:frame.obj
 0001:0001eda4       ___FrameUnwindFilter       0041fda4 f   LIBCMT:frame.obj
 0001:0001eded       ___FrameUnwindToState      0041fded f   LIBCMT:frame.obj
 0001:0001ef13       ___DestructExceptionObject 0041ff13 f   LIBCMT:frame.obj
 0001:0001ef68       ___AdjustPointer           0041ff68 f   LIBCMT:frame.obj
 0001:0001f1f1       ___BuildCatchObjectHelper  004201f1 f   LIBCMT:frame.obj
 0001:0001f370       ___BuildCatchObject        00420370 f   LIBCMT:frame.obj
 0001:0001f8ab       ??0bad_exception@std@@QAE@ABV01@@Z 004208ab f i LIBCMT:frame.obj
 0001:0001f8c8       ___InternalCxxFrameHandler 004208c8 f   LIBCMT:frame.obj
 0001:0001f9b0       __CallSettingFrame@12      004209b0 f   LIBCMT:lowhelpr.obj
 0001:0001f9d7       __NLG_Return               004209d7     LIBCMT:lowhelpr.obj
 0001:0001fa00       __chkstk                   00420a00 f   LIBCMT:chkstk.obj
 0001:0001fa00       __alloca_probe             00420a00     LIBCMT:chkstk.obj
 0001:0001fa2b       __forcdecpt_l              00420a2b f   LIBCMT:cvt.obj
 0001:0001fa9e       __cropzeros_l              00420a9e f   LIBCMT:cvt.obj
 0001:0001fb20       __positive                 00420b20 f   LIBCMT:cvt.obj
 0001:0001fb3c       __fassign_l                00420b3c f   LIBCMT:cvt.obj
 0001:0001fb7e       __fassign                  00420b7e f   LIBCMT:cvt.obj
 0001:0001fbb7       __forcdecpt                00420bb7 f   LIBCMT:cvt.obj
 0001:0001fbca       __cropzeros                00420bca f   LIBCMT:cvt.obj
 0001:0001fd4c       __cftoe_l                  00420d4c f   LIBCMT:cvt.obj
 0001:0001fe1c       __cftoe                    00420e1c f   LIBCMT:cvt.obj
 0001:0001fe3c       __cftoa_l                  00420e3c f   LIBCMT:cvt.obj
 0001:000202a6       __cftof_l                  004212a6 f   LIBCMT:cvt.obj
 0001:00020361       __cftog_l                  00421361 f   LIBCMT:cvt.obj
 0001:0002045b       __cfltcvt_l                0042145b f   LIBCMT:cvt.obj
 0001:000204e3       __cfltcvt                  004214e3 f   LIBCMT:cvt.obj
 0001:00020506       __setdefaultprecision      00421506 f   LIBCMT:fp8.obj
 0001:00020531       __ms_p5_test_fdiv          00421531 f   LIBCMT:_testfdiv_.obj
 0001:0002056f       __ms_p5_mp_test_fdiv       0042156f f   LIBCMT:_testfdiv_.obj
 0001:000205ef       __VEC_memzero              004215ef f   LIBCMT:p4_memset.obj
 0001:000206ce       __get_sse2_info            004216ce f   LIBCMT:cpu_disp.obj
 0001:00020730       ___sse2_available_init     00421730 f   LIBCMT:cpu_disp.obj
 0001:000207c4       __VEC_memcpy               004217c4 f   LIBCMT:p4_memcpy.obj
 0001:000208a7       __lseeki64_nolock          004218a7 f   LIBCMT:lseeki64.obj
 0001:0002092c       __lseeki64                 0042192c f   LIBCMT:lseeki64.obj
 0001:00020a45       __write_nolock             00421a45 f   LIBCMT:write.obj
 0001:00021178       __write                    00422178 f   LIBCMT:write.obj
 0001:00021254       __getbuf                   00422254 f   LIBCMT:_getbuf.obj
 0001:0002129d       __isatty                   0042229d f   LIBCMT:isatty.obj
 0001:00021301       __get_printf_count_output  00422301 f   LIBCMT:printf.obj
 0001:00021317       __wctomb_s_l               00422317 f   LIBCMT:wctomb.obj
 0001:00021483       _wctomb_s                  00422483 f   LIBCMT:wctomb.obj
 0001:000214a0       __isleadbyte_l             004224a0 f i LIBCMT:_wctype.obj
 0001:000214d8       _isleadbyte                004224d8 f i LIBCMT:_wctype.obj
 0001:000214f0       __aulldvrm                 004224f0 f   LIBCMT:ulldvrm.obj
 0001:0002173f       ___crtGetStringTypeA       0042273f f   LIBCMT:a_str.obj
 0001:00021781       ___free_lc_time            00422781 f   LIBCMT:inittime.obj
 0001:00021916       ___free_lconv_num          00422916 f   LIBCMT:initnum.obj
 0001:0002195b       ___free_lconv_mon          0042295b f   LIBCMT:initmon.obj
 0001:000219e9       _strcat_s                  004229e9 f   LIBCMT:strcat_s.obj
 0001:00021a60       _strcspn                   00422a60 f   LIBCMT:strcspn.obj
 0001:00021aa6       _strncpy_s                 00422aa6 f   LIBCMT:strncpy_s.obj
 0001:00021b5b       _strncmp                   00422b5b f   LIBCMT:strncmp.obj
 0001:00021c20       _strpbrk                   00422c20 f   LIBCMT:strpbrk.obj
 0001:00021c60       ___ansicp                  00422c60 f   LIBCMT:convrtcp.obj
 0001:00021ca9       ___convertcp               00422ca9 f   LIBCMT:convrtcp.obj
 0001:00021e5d       ___crtMessageBoxA          00422e5d f   LIBCMT:crtmbox.obj
 0001:00021fc6       __set_error_mode           00422fc6 f   LIBCMT:errmode.obj
 0001:00022020       __allmul                   00423020 f   LIBCMT:llmul.obj
 0001:00022054       __calloc_impl              00423054 f   LIBCMT:calloc_impl.obj
 0001:00022172       _realloc                   00423172 f   LIBCMT:realloc.obj
 0001:0002238d       __fptrap                   0042338d f   LIBCMT:crt0fp.obj
 0001:00022396       _abort                     00423396 f   LIBCMT:abort.obj
 0001:000224ad       __fcloseall                004234ad f   LIBCMT:closeall.obj
 0001:00022c6b       __sopen_helper             00423c6b f   LIBCMT:open.obj
 0001:00022d37       __sopen_s                  00423d37 f   LIBCMT:open.obj
 0001:00022d57       __mbsnbicmp_l              00423d57 f   LIBCMT:mbsnbicm.obj
 0001:00022f82       __mbsnbicmp                00423f82 f   LIBCMT:mbsnbicm.obj
 0001:00022f9c       __mbsnbcmp_l               00423f9c f   LIBCMT:mbsnbcmp.obj
 0001:00023106       __mbsnbcmp                 00424106 f   LIBCMT:mbsnbcmp.obj
 0001:00023120       __global_unwind2           00424120 f   LIBCMT:exsup.obj
 0001:00023185       __local_unwind2            00424185 f   LIBCMT:exsup.obj
 0001:00023209       __abnormal_termination     00424209 f   LIBCMT:exsup.obj
 0001:0002322c       __NLG_Notify1              0042422c f   LIBCMT:exsup.obj
 0001:00023235       __NLG_Notify               00424235 f   LIBCMT:exsup.obj
 0001:0002324c       __NLG_Dispatch             0042424c     LIBCMT:exsup.obj
 0001:0002324c       __NLG_Dispatch2            0042424c     LIBCMT:exsup.obj
 0001:00023254       __NLG_Call                 00424254 f   LIBCMT:exsup.obj
 0001:00023256       __NLG_Return2              00424256     LIBCMT:exsup.obj
 0001:00023257       __set_osfhnd               00424257 f   LIBCMT:osfinfo.obj
 0001:000232d8       __free_osfhnd              004242d8 f   LIBCMT:osfinfo.obj
 0001:0002335e       __get_osfhandle            0042435e f   LIBCMT:osfinfo.obj
 0001:000233d5       ___lock_fhandle            004243d5 f   LIBCMT:osfinfo.obj
 0001:00023475       __unlock_fhandle           00424475 f   LIBCMT:osfinfo.obj
 0001:0002349c       __alloc_osfhnd             0042449c f   LIBCMT:osfinfo.obj
 0001:00023636       __commit                   00424636 f   LIBCMT:commit.obj
 0001:0002376a       __ismbblead                0042476a f   LIBCMT:ismbbyte.obj
 0001:00023782       ?_ValidateExecute@@YAHP6GHXZ@Z 00424782 f   LIBCMT:validate.obj
 0001:00023782       ?_ValidateRead@@YAHPBXI@Z  00424782 f   LIBCMT:validate.obj
 0001:00023782       ?_ValidateWrite@@YAHPAXI@Z 00424782 f   LIBCMT:validate.obj
 0001:000237a0       _strrchr                   004247a0 f   LIBCMT:strrchr.obj
 0001:000237cd       __tolower_l                004247cd f   LIBCMT:tolower.obj
 0001:000238e2       _tolower                   004248e2 f   LIBCMT:tolower.obj
 0001:0002390e       __atodbl_l                 0042490e f   LIBCMT:atodbl.obj
 0001:000239b6       __atoflt_l                 004249b6 f   LIBCMT:atodbl.obj
 0001:00023a5e       __fptostr                  00424a5e f   LIBCMT:_fptostr.obj
 0001:00023b1d       ___dtold                   00424b1d f   LIBCMT:_cfout_.obj
 0001:00023bda       __fltout2                  00424bda f   LIBCMT:_cfout_.obj
 0001:00023c70       __alldvrm                  00424c70 f   LIBCMT:lldvrm.obj
 0001:00023d50       __aullshr                  00424d50 f   LIBCMT:ullshr.obj
 0001:00023d6f       __controlfp_s              00424d6f f   LIBCMT:_contrlfp_.obj
 0001:00023ddb       __putwch_nolock            00424ddb f   LIBCMT:putwch.obj
 0001:00023ea0       __mbtowc_l                 00424ea0 f   LIBCMT:mbtowc.obj
 0001:00023fb7       _mbtowc                    00424fb7 f   LIBCMT:mbtowc.obj
 0001:00023fd1       __strnicmp_l               00424fd1 f   LIBCMT:strnicmp.obj
 0001:000240c3       __strnicmp                 004250c3 f   LIBCMT:strnicmp.obj
 0001:00024121       __chsize_nolock            00425121 f   LIBCMT:chsize.obj
 0001:000242d7       __read_nolock              004252d7 f   LIBCMT:read.obj
 0001:00024899       __lseek_nolock             00425899 f   LIBCMT:lseek.obj
 0001:0002490e       __setmode_nolock           0042590e f   LIBCMT:setmode.obj
 0001:000249ca       __get_fmode                004259ca f   LIBCMT:setmode.obj
 0001:00024a03       __ld12tod                  00425a03 f   LIBCMT:_intrncvt_.obj
 0001:00024f47       __ld12tof                  00425f47 f   LIBCMT:_intrncvt_.obj
 0001:0002548b       ___strgtold12_l            0042648b f   LIBCMT:_strgtold_.obj
 0001:00025b83       _$I10_OUTPUT               00426b83 f   LIBCMT:_x10fout_.obj
 0001:000265d5       __control87                004275d5 f i LIBCMT:_ieee87_.obj
 0001:000268e4       ___initconout              004278e4 f   LIBCMT:initcon.obj
 0001:00026903       ___termcon                 00427903 f   LIBCMT:initcon.obj
 0001:00026930       ___ascii_strnicmp          00427930 f   LIBCMT:_strnicm.obj
 0001:00026991       ___mtold12                 00427991 f   LIBCMT:_mantold_.obj
 0001:00026b5f       ___set_fpsr_sse2           00427b5f f   LIBCMT:_fpctrl_.obj
 0001:00026bd2       _RtlUnwind@16              00427bd2 f   kernel32:KERNEL32.dll
 0001:00026be0       __aulldiv                  00427be0 f   LIBCMT:ulldiv.obj
 0002:00000000       __imp__GetCurrentHwProfileA@4 0042a000     advapi32:ADVAPI32.dll
 0002:00000004       \177ADVAPI32_NULL_THUNK_DATA 0042a004     advapi32:ADVAPI32.dll
 0002:00000008       __imp__DeleteDC@4          0042a008     gdi32:GDI32.dll
 0002:0000000c       __imp__GetDeviceCaps@8     0042a00c     gdi32:GDI32.dll
 0002:00000010       __imp__GetCurrentObject@8  0042a010     gdi32:GDI32.dll
 0002:00000014       __imp__CreateICA@16        0042a014     gdi32:GDI32.dll
 0002:00000018       __imp__GetObjectA@12       0042a018     gdi32:GDI32.dll
 0002:0000001c       __imp__GetLayout@4         0042a01c     gdi32:GDI32.dll
 0002:00000020       \177GDI32_NULL_THUNK_DATA  0042a020     gdi32:GDI32.dll
 0002:00000024       __imp__GetIpAddrTable@12   0042a024     iphlpapi:IPHLPAPI.DLL
 0002:00000028       __imp__NotifyAddrChange@8  0042a028     iphlpapi:IPHLPAPI.DLL
 0002:0000002c       \177IPHLPAPI_NULL_THUNK_DATA 0042a02c     iphlpapi:IPHLPAPI.DLL
 0002:00000030       __imp__VirtualFree@12      0042a030     kernel32:KERNEL32.dll
 0002:00000034       __imp__DeleteCriticalSection@4 0042a034     kernel32:KERNEL32.dll
 0002:00000038       __imp__LeaveCriticalSection@4 0042a038     kernel32:KERNEL32.dll
 0002:0000003c       __imp__WaitForSingleObject@8 0042a03c     kernel32:KERNEL32.dll
 0002:00000040       __imp__CreateEventA@16     0042a040     kernel32:KERNEL32.dll
 0002:00000044       __imp__GetLastError@0      0042a044     kernel32:KERNEL32.dll
 0002:00000048       __imp__RegisterWaitForSingleObject@24 0042a048     kernel32:KERNEL32.dll
 0002:0000004c       __imp__LocalAlloc@8        0042a04c     kernel32:KERNEL32.dll
 0002:00000050       __imp__CreateMutexA@12     0042a050     kernel32:KERNEL32.dll
 0002:00000054       __imp__ReleaseMutex@4      0042a054     kernel32:KERNEL32.dll
 0002:00000058       __imp__LocalFree@4         0042a058     kernel32:KERNEL32.dll
 0002:0000005c       __imp__GetComputerNameA@8  0042a05c     kernel32:KERNEL32.dll
 0002:00000060       __imp__CreateFileA@28      0042a060     kernel32:KERNEL32.dll
 0002:00000064       __imp__GetFileSize@8       0042a064     kernel32:KERNEL32.dll
 0002:00000068       __imp__SetFilePointer@16   0042a068     kernel32:KERNEL32.dll
 0002:0000006c       __imp__FreeLibrary@4       0042a06c     kernel32:KERNEL32.dll
 0002:00000070       __imp__SetUnhandledExceptionFilter@4 0042a070     kernel32:KERNEL32.dll
 0002:00000074       __imp__GetCurrentProcess@0 0042a074     kernel32:KERNEL32.dll
 0002:00000078       __imp__QueryPerformanceCounter@4 0042a078     kernel32:KERNEL32.dll
 0002:0000007c       __imp__GetLogicalDrives@0  0042a07c     kernel32:KERNEL32.dll
 0002:00000080       __imp__GetModuleHandleW@4  0042a080     kernel32:KERNEL32.dll
 0002:00000084       __imp__GetTickCount@0      0042a084     kernel32:KERNEL32.dll
 0002:00000088       __imp__FormatMessageA@28   0042a088     kernel32:KERNEL32.dll
 0002:0000008c       __imp__GetWindowsDirectoryA@8 0042a08c     kernel32:KERNEL32.dll
 0002:00000090       __imp__WriteFile@20        0042a090     kernel32:KERNEL32.dll
 0002:00000094       __imp__GetSystemTimes@12   0042a094     kernel32:KERNEL32.dll
 0002:00000098       __imp__GetDriveTypeA@4     0042a098     kernel32:KERNEL32.dll
 0002:0000009c       __imp__GetProcessTimes@20  0042a09c     kernel32:KERNEL32.dll
 0002:000000a0       __imp__OpenProcess@12      0042a0a0     kernel32:KERNEL32.dll
 0002:000000a4       __imp__WideCharToMultiByte@32 0042a0a4     kernel32:KERNEL32.dll
 0002:000000a8       __imp__GetVolumeInformationA@32 0042a0a8     kernel32:KERNEL32.dll
 0002:000000ac       __imp__TerminateThread@8   0042a0ac     kernel32:KERNEL32.dll
 0002:000000b0       __imp__Sleep@4             0042a0b0     kernel32:KERNEL32.dll
 0002:000000b4       __imp__GetProcessHandleCount@8 0042a0b4     kernel32:KERNEL32.dll
 0002:000000b8       __imp__GetSystemWindowsDirectoryA@8 0042a0b8     kernel32:KERNEL32.dll
 0002:000000bc       __imp__GetSystemDirectoryA@8 0042a0bc     kernel32:KERNEL32.dll
 0002:000000c0       __imp__RaiseException@16   0042a0c0     kernel32:KERNEL32.dll
 0002:000000c4       __imp__GetProcAddress@8    0042a0c4     kernel32:KERNEL32.dll
 0002:000000c8       __imp__GetLocalTime@4      0042a0c8     kernel32:KERNEL32.dll
 0002:000000cc       __imp__GetExitCodeThread@8 0042a0cc     kernel32:KERNEL32.dll
 0002:000000d0       __imp__GlobalMemoryStatusEx@4 0042a0d0     kernel32:KERNEL32.dll
 0002:000000d4       __imp__GetDiskFreeSpaceA@20 0042a0d4     kernel32:KERNEL32.dll
 0002:000000d8       __imp__GetSystemInfo@4     0042a0d8     kernel32:KERNEL32.dll
 0002:000000dc       __imp__GetModuleHandleA@4  0042a0dc     kernel32:KERNEL32.dll
 0002:000000e0       __imp__LoadLibraryExA@12   0042a0e0     kernel32:KERNEL32.dll
 0002:000000e4       __imp__QueryPerformanceFrequency@4 0042a0e4     kernel32:KERNEL32.dll
 0002:000000e8       __imp__GetCurrentThreadId@0 0042a0e8     kernel32:KERNEL32.dll
 0002:000000ec       __imp__OutputDebugStringA@4 0042a0ec     kernel32:KERNEL32.dll
 0002:000000f0       __imp__GetVersionExA@4     0042a0f0     kernel32:KERNEL32.dll
 0002:000000f4       __imp__CloseHandle@4       0042a0f4     kernel32:KERNEL32.dll
 0002:000000f8       __imp__GetCurrentProcessId@0 0042a0f8     kernel32:KERNEL32.dll
 0002:000000fc       __imp__GetTempPathA@8      0042a0fc     kernel32:KERNEL32.dll
 0002:00000100       __imp__UnregisterWaitEx@8  0042a100     kernel32:KERNEL32.dll
 0002:00000104       __imp__LoadLibraryA@4      0042a104     kernel32:KERNEL32.dll
 0002:00000108       __imp__DeviceIoControl@32  0042a108     kernel32:KERNEL32.dll
 0002:0000010c       __imp__InterlockedDecrement@4 0042a10c     kernel32:KERNEL32.dll
 0002:00000110       __imp__MultiByteToWideChar@24 0042a110     kernel32:KERNEL32.dll
 0002:00000114       __imp__WaitForMultipleObjects@16 0042a114     kernel32:KERNEL32.dll
 0002:00000118       __imp__ReadFile@20         0042a118     kernel32:KERNEL32.dll
 0002:0000011c       __imp__SetEndOfFile@4      0042a11c     kernel32:KERNEL32.dll
 0002:00000120       __imp__WriteConsoleW@20    0042a120     kernel32:KERNEL32.dll
 0002:00000124       __imp__GetConsoleOutputCP@0 0042a124     kernel32:KERNEL32.dll
 0002:00000128       __imp__WriteConsoleA@20    0042a128     kernel32:KERNEL32.dll
 0002:0000012c       __imp__SetStdHandle@8      0042a12c     kernel32:KERNEL32.dll
 0002:00000130       __imp__GetLocaleInfoA@16   0042a130     kernel32:KERNEL32.dll
 0002:00000134       __imp__GetStringTypeW@16   0042a134     kernel32:KERNEL32.dll
 0002:00000138       __imp__EnterCriticalSection@4 0042a138     kernel32:KERNEL32.dll
 0002:0000013c       __imp__VirtualAlloc@16     0042a13c     kernel32:KERNEL32.dll
 0002:00000140       __imp__HeapReAlloc@16      0042a140     kernel32:KERNEL32.dll
 0002:00000144       __imp__GetStdHandle@4      0042a144     kernel32:KERNEL32.dll
 0002:00000148       __imp__GetModuleFileNameA@12 0042a148     kernel32:KERNEL32.dll
 0002:0000014c       __imp__FileTimeToSystemTime@8 0042a14c     kernel32:KERNEL32.dll
 0002:00000150       __imp__HeapSize@12         0042a150     kernel32:KERNEL32.dll
 0002:00000154       __imp__GetStringTypeA@20   0042a154     kernel32:KERNEL32.dll
 0002:00000158       __imp__HeapCreate@12       0042a158     kernel32:KERNEL32.dll
 0002:0000015c       __imp__GetConsoleMode@8    0042a15c     kernel32:KERNEL32.dll
 0002:00000160       __imp__GetConsoleCP@0      0042a160     kernel32:KERNEL32.dll
 0002:00000164       __imp__GetSystemTimeAsFileTime@4 0042a164     kernel32:KERNEL32.dll
 0002:00000168       __imp__GetEnvironmentStringsW@0 0042a168     kernel32:KERNEL32.dll
 0002:0000016c       __imp__GetLogicalDriveStringsA@8 0042a16c     kernel32:KERNEL32.dll
 0002:00000170       __imp__FlushFileBuffers@4  0042a170     kernel32:KERNEL32.dll
 0002:00000174       __imp__FreeEnvironmentStringsW@4 0042a174     kernel32:KERNEL32.dll
 0002:00000178       __imp__GetEnvironmentStrings@0 0042a178     kernel32:KERNEL32.dll
 0002:0000017c       __imp__FreeEnvironmentStringsA@4 0042a17c     kernel32:KERNEL32.dll
 0002:00000180       __imp__GetFileType@4       0042a180     kernel32:KERNEL32.dll
 0002:00000184       __imp__SetHandleCount@4    0042a184     kernel32:KERNEL32.dll
 0002:00000188       __imp__InitializeCriticalSectionAndSpinCount@8 0042a188     kernel32:KERNEL32.dll
 0002:0000018c       __imp__LCMapStringW@24     0042a18c     kernel32:KERNEL32.dll
 0002:00000190       __imp__LCMapStringA@24     0042a190     kernel32:KERNEL32.dll
 0002:00000194       __imp__IsValidCodePage@4   0042a194     kernel32:KERNEL32.dll
 0002:00000198       __imp__GetOEMCP@0          0042a198     kernel32:KERNEL32.dll
 0002:0000019c       __imp__GetACP@0            0042a19c     kernel32:KERNEL32.dll
 0002:000001a0       __imp__GetCPInfo@8         0042a1a0     kernel32:KERNEL32.dll
 0002:000001a4       __imp__SetLastError@4      0042a1a4     kernel32:KERNEL32.dll
 0002:000001a8       __imp__InterlockedIncrement@4 0042a1a8     kernel32:KERNEL32.dll
 0002:000001ac       __imp__TlsFree@4           0042a1ac     kernel32:KERNEL32.dll
 0002:000001b0       __imp__lstrlenA@4          0042a1b0     kernel32:KERNEL32.dll
 0002:000001b4       __imp__HeapFree@12         0042a1b4     kernel32:KERNEL32.dll
 0002:000001b8       __imp__GetProcessHeap@0    0042a1b8     kernel32:KERNEL32.dll
 0002:000001bc       __imp__TerminateProcess@8  0042a1bc     kernel32:KERNEL32.dll
 0002:000001c0       __imp__UnhandledExceptionFilter@4 0042a1c0     kernel32:KERNEL32.dll
 0002:000001c4       __imp__IsDebuggerPresent@0 0042a1c4     kernel32:KERNEL32.dll
 0002:000001c8       __imp__MoveFileA@8         0042a1c8     kernel32:KERNEL32.dll
 0002:000001cc       __imp__HeapAlloc@12        0042a1cc     kernel32:KERNEL32.dll
 0002:000001d0       __imp__ExitThread@4        0042a1d0     kernel32:KERNEL32.dll
 0002:000001d4       __imp__CreateThread@24     0042a1d4     kernel32:KERNEL32.dll
 0002:000001d8       __imp__DeleteFileA@4       0042a1d8     kernel32:KERNEL32.dll
 0002:000001dc       __imp__ExitProcess@4       0042a1dc     kernel32:KERNEL32.dll
 0002:000001e0       __imp__GetCommandLineA@0   0042a1e0     kernel32:KERNEL32.dll
 0002:000001e4       __imp__GetStartupInfoA@4   0042a1e4     kernel32:KERNEL32.dll
[...]
 0001:00027978       __ehhandler$?parseNullTerminatedStrings@@YAXPADAAV?$vector@V?$basic_string@DU?$char_traits@D@std@@V?$allocator@D@2@@std@@V?$allocator@V?$basic_string@DU?$char_traits@D@std@@V?$allocator@D@2@@std@@@2@@std@@@Z 00428978 f    CIL library: CIL module
 0001:000279a0       __unwindfunclet$??1MonitorIPs@@QAE@XZ$0 004289a0 f    CIL library: CIL module
 0001:000279a0       __unwindfunclet$??0MonitorIPs@@QAE@XZ$0 004289a0 f    CIL library: CIL module
 0001:000279ad       __ehhandler$??0MonitorIPs@@QAE@XZ 004289ad f    CIL library: CIL module
 0001:000279ad       __ehhandler$??1MonitorIPs@@QAE@XZ 004289ad f    CIL library: CIL module
 0001:000279d0       __unwindfunclet$??0USB@@QAE@XZ$0 004289d0 f    CIL library: CIL module
 0001:000279d0       __unwindfunclet$??1USB@@QAE@XZ$0 004289d0 f    CIL library: CIL module
 0001:000279df       __ehhandler$??0USB@@QAE@XZ 004289df f    CIL library: CIL module
 0001:000279df       __ehhandler$??1USB@@QAE@XZ 004289df f    CIL library: CIL module
 0001:00027a00       __unwindfunclet$??0xmlwriter@@QAE@V?$basic_string@DU?$char_traits@D@std@@V?$allocator@D@2@@std@@P6AXPADH@Z@Z$0 00428a00 f    CIL library: CIL module
 0001:00027a08       __unwindfunclet$??0xmlwriter@@QAE@V?$basic_string@DU?$char_traits@D@std@@V?$allocator@D@2@@std@@P6AXPADH@Z@Z$1 00428a08 f    CIL library: CIL module
 0001:00027a10       __unwindfunclet$??0xmlwriter@@QAE@V?$basic_string@DU?$char_traits@D@std@@V?$allocator@D@2@@std@@P6AXPADH@Z@Z$2 00428a10 f    CIL library: CIL module
 0001:00027a1d       __unwindfunclet$??0xmlwriter@@QAE@V?$basic_string@DU?$char_traits@D@std@@V?$allocator@D@2@@std@@P6AXPADH@Z@Z$4 00428a1d f    CIL library: CIL module
 0001:00027a27       __unwindfunclet$??0xmlwriter@@QAE@V?$basic_string@DU?$char_traits@D@std@@V?$allocator@D@2@@std@@P6AXPADH@Z@Z$3 00428a27 f    CIL library: CIL module
 0001:00027a34       __ehhandler$??0xmlwriter@@QAE@V?$basic_string@DU?$char_traits@D@std@@V?$allocator@D@2@@std@@P6AXPADH@Z@Z 00428a34 f    CIL library: CIL module
 0001:00027a50       __ehhandler$?_Construct_n@?$vector@V?$basic_string@DU?$char_traits@D@std@@V?$allocator@D@2@@std@@V?$allocator@V?$basic_string@DU?$char_traits@D@std@@V?$allocator@D@2@@std@@@2@@std@@QAEXIABV?$basic_string@DU?$char_traits@D@std@@V?$allocator@D@2@@2@@Z 00428a50 f    CIL library: CIL module
 0001:00027a70       __unwindfunclet$??0?$vector@V?$basic_string@DU?$char_traits@D@std@@V?$allocator@D@2@@std@@V?$allocator@V?$basic_string@DU?$char_traits@D@std@@V?$allocator@D@2@@std@@@2@@std@@QAE@I@Z$2 00428a70 f    CIL library: CIL module
 0001:00027a78       __unwindfunclet$??0?$vector@V?$basic_string@DU?$char_traits@D@std@@V?$allocator@D@2@@std@@V?$allocator@V?$basic_string@DU?$char_traits@D@std@@V?$allocator@D@2@@std@@@2@@std@@QAE@I@Z$0 00428a78 f    CIL library: CIL module
 0001:00027a82       __unwindfunclet$??0?$vector@V?$basic_string@DU?$char_traits@D@std@@V?$allocator@D@2@@std@@V?$allocator@V?$basic_string@DU?$char_traits@D@std@@V?$allocator@D@2@@std@@@2@@std@@QAE@I@Z$1 00428a82 f    CIL library: CIL module
 0001:00027a8a       __ehhandler$??0?$vector@V?$basic_string@DU?$char_traits@D@std@@V?$allocator@D@2@@std@@V?$allocator@V?$basic_string@DU?$char_traits@D@std@@V?$allocator@D@2@@std@@@2@@std@@QAE@I@Z 00428a8a f    CIL library: CIL module
 0001:00027ab0       __unwindfunclet$?ThreadWMIClass@@YGIPAX@Z$0 00428ab0 f    CIL library: CIL module
 0001:00027abb       __unwindfunclet$?ThreadWMIClass@@YGIPAX@Z$1 00428abb f    CIL library: CIL module
 0001:00027ac9       __unwindfunclet$?ThreadWMIClass@@YGIPAX@Z$2 00428ac9 f    CIL library: CIL module
 0001:00027ad4       __unwindfunclet$?ThreadWMIClass@@YGIPAX@Z$3 00428ad4 f    CIL library: CIL module
 0001:00027adf       __unwindfunclet$?ThreadWMIClass@@YGIPAX@Z$4 00428adf f    CIL library: CIL module
 0001:00027aea       __ehhandler$?ThreadWMIClass@@YGIPAX@Z 00428aea f    CIL library: CIL module
 0001:00027b20       __unwindfunclet$?UnknownDescriptor@USB@@IAEXPAU_USB_COMMON_DESCRIPTOR@@@Z$0 00428b20 f    CIL library: CIL module
 0001:00027b20       __unwindfunclet$?HidDescriptor@USB@@IAEXPAU_USB_HID_DESCRIPTOR@@@Z$0 00428b20 f    CIL library: CIL module
 0001:00027b2b       __unwindfunclet$?HidDescriptor@USB@@IAEXPAU_USB_HID_DESCRIPTOR@@@Z$1 00428b2b f    CIL library: CIL module
 0001:00027b2b       __unwindfunclet$?UnknownDescriptor@USB@@IAEXPAU_USB_COMMON_DESCRIPTOR@@@Z$1 00428b2b f    CIL library: CIL module
 0001:00027b36       __unwindfunclet$?HidDescriptor@USB@@IAEXPAU_USB_HID_DESCRIPTOR@@@Z$2 00428b36 f    CIL library: CIL module
 0001:00027b36       __unwindfunclet$?UnknownDescriptor@USB@@IAEXPAU_USB_COMMON_DESCRIPTOR@@@Z$2 00428b36 f    CIL library: CIL module
 0001:00027b41       __unwindfunclet$?HidDescriptor@USB@@IAEXPAU_USB_HID_DESCRIPTOR@@@Z$3 00428b41 f    CIL library: CIL module
 0001:00027b41       __unwindfunclet$?UnknownDescriptor@USB@@IAEXPAU_USB_COMMON_DESCRIPTOR@@@Z$3 00428b41 f    CIL library: CIL module
 0001:00027b4c       __unwindfunclet$?HidDescriptor@USB@@IAEXPAU_USB_HID_DESCRIPTOR@@@Z$4 00428b4c f    CIL library: CIL module
 0001:00027b4c       __unwindfunclet$?UnknownDescriptor@USB@@IAEXPAU_USB_COMMON_DESCRIPTOR@@@Z$4 00428b4c f    CIL library: CIL module
 0001:00027b57       __ehhandler$?UnknownDescriptor@USB@@IAEXPAU_USB_COMMON_DESCRIPTOR@@@Z 00428b57 f    CIL library: CIL module
 0001:00027b57       __ehhandler$?HidDescriptor@USB@@IAEXPAU_USB_HID_DESCRIPTOR@@@Z 00428b57 f    CIL library: CIL module
 0001:00027b90       __unwindfunclet$?StringDescriptor@USB@@IAEXEPAU_STRING_DESCRIPTOR_NODE@@@Z$0 00428b90 f    CIL library: CIL module
 0001:00027b9b       __ehhandler$?StringDescriptor@USB@@IAEXEPAU_STRING_DESCRIPTOR_NODE@@@Z 00428b9b f    CIL library: CIL module
 0001:00027bd0       __unwindfunclet$?EndpointDescriptor@USB@@IAEXPAU_USB_ENDPOINT_DESCRIPTOR@@@Z$0 00428bd0 f    CIL library: CIL module
 0001:00027bdb       __unwindfunclet$?EndpointDescriptor@USB@@IAEXPAU_USB_ENDPOINT_DESCRIPTOR@@@Z$1 00428bdb f    CIL library: CIL module
 0001:00027be6       __unwindfunclet$?EndpointDescriptor@USB@@IAEXPAU_USB_ENDPOINT_DESCRIPTOR@@@Z$2 00428be6 f    CIL library: CIL module
 0001:00027bf1       __unwindfunclet$?EndpointDescriptor@USB@@IAEXPAU_USB_ENDPOINT_DESCRIPTOR@@@Z$3 00428bf1 f    CIL library: CIL module
 0001:00027bfc       __unwindfunclet$?EndpointDescriptor@USB@@IAEXPAU_USB_ENDPOINT_DESCRIPTOR@@@Z$4 00428bfc f    CIL library: CIL module
 0001:00027c07       __unwindfunclet$?EndpointDescriptor@USB@@IAEXPAU_USB_ENDPOINT_DESCRIPTOR@@@Z$5 00428c07 f    CIL library: CIL module
 0001:00027c12       __unwindfunclet$?EndpointDescriptor@USB@@IAEXPAU_USB_ENDPOINT_DESCRIPTOR@@@Z$6 00428c12 f    CIL library: CIL module
 0001:00027c1d       __unwindfunclet$?EndpointDescriptor@USB@@IAEXPAU_USB_ENDPOINT_DESCRIPTOR@@@Z$7 00428c1d f    CIL library: CIL module
 0001:00027c28       __unwindfunclet$?EndpointDescriptor@USB@@IAEXPAU_USB_ENDPOINT_DESCRIPTOR@@@Z$8 00428c28 f    CIL library: CIL module
 0001:00027c33       __unwindfunclet$?EndpointDescriptor@USB@@IAEXPAU_USB_ENDPOINT_DESCRIPTOR@@@Z$9 00428c33 f    CIL library: CIL module
 0001:00027c3e       __unwindfunclet$?EndpointDescriptor@USB@@IAEXPAU_USB_ENDPOINT_DESCRIPTOR@@@Z$10 00428c3e f    CIL library: CIL module
 0001:00027c49       __ehhandler$?EndpointDescriptor@USB@@IAEXPAU_USB_ENDPOINT_DESCRIPTOR@@@Z 00428c49 f    CIL library: CIL module
 0001:00027c80       __unwindfunclet$?InterfaceDescriptor@USB@@IAEXPAU_USB_INTERFACE_DESCRIPTOR@@PAU_STRING_DESCRIPTOR_NODE@@@Z$0 00428c80 f    CIL library: CIL module
 0001:00027c8b       __unwindfunclet$?InterfaceDescriptor@USB@@IAEXPAU_USB_INTERFACE_DESCRIPTOR@@PAU_STRING_DESCRIPTOR_NODE@@@Z$1 00428c8b f    CIL library: CIL module
 0001:00027c96       __unwindfunclet$?InterfaceDescriptor@USB@@IAEXPAU_USB_INTERFACE_DESCRIPTOR@@PAU_STRING_DESCRIPTOR_NODE@@@Z$2 00428c96 f    CIL library: CIL module
 0001:00027ca1       __unwindfunclet$?InterfaceDescriptor@USB@@IAEXPAU_USB_INTERFACE_DESCRIPTOR@@PAU_STRING_DESCRIPTOR_NODE@@@Z$3 00428ca1 f    CIL library: CIL module
 0001:00027cac       __unwindfunclet$?InterfaceDescriptor@USB@@IAEXPAU_USB_INTERFACE_DESCRIPTOR@@PAU_STRING_DESCRIPTOR_NODE@@@Z$4 00428cac f    CIL library: CIL module
 0001:00027cb7       __unwindfunclet$?InterfaceDescriptor@USB@@IAEXPAU_USB_INTERFACE_DESCRIPTOR@@PAU_STRING_DESCRIPTOR_NODE@@@Z$5 00428cb7 f    CIL library: CIL module
 0001:00027cc2       __unwindfunclet$?InterfaceDescriptor@USB@@IAEXPAU_USB_INTERFACE_DESCRIPTOR@@PAU_STRING_DESCRIPTOR_NODE@@@Z$6 00428cc2 f    CIL library: CIL module
 0001:00027ccd       __unwindfunclet$?InterfaceDescriptor@USB@@IAEXPAU_USB_INTERFACE_DESCRIPTOR@@PAU_STRING_DESCRIPTOR_NODE@@@Z$7 00428ccd f    CIL library: CIL module
 0001:00027cd8       __unwindfunclet$?InterfaceDescriptor@USB@@IAEXPAU_USB_INTERFACE_DESCRIPTOR@@PAU_STRING_DESCRIPTOR_NODE@@@Z$8 00428cd8 f    CIL library: CIL module
 0001:00027ce3       __ehhandler$?InterfaceDescriptor@USB@@IAEXPAU_USB_INTERFACE_DESCRIPTOR@@PAU_STRING_DESCRIPTOR_NODE@@@Z 00428ce3 f    CIL library: CIL module
 0001:00027d20       __unwindfunclet$?ConfigurationDescriptor@USB@@IAEXPAU_USB_CONFIGURATION_DESCRIPTOR@@PAU_STRING_DESCRIPTOR_NODE@@@Z$0 00428d20 f    CIL library: CIL module
 0001:00027d2b       __unwindfunclet$?ConfigurationDescriptor@USB@@IAEXPAU_USB_CONFIGURATION_DESCRIPTOR@@PAU_STRING_DESCRIPTOR_NODE@@@Z$1 00428d2b f    CIL library: CIL module
 0001:00027d36       __unwindfunclet$?ConfigurationDescriptor@USB@@IAEXPAU_USB_CONFIGURATION_DESCRIPTOR@@PAU_STRING_DESCRIPTOR_NODE@@@Z$2 00428d36 f    CIL library: CIL module
 0001:00027d41       __unwindfunclet$?ConfigurationDescriptor@USB@@IAEXPAU_USB_CONFIGURATION_DESCRIPTOR@@PAU_STRING_DESCRIPTOR_NODE@@@Z$3 00428d41 f    CIL library: CIL module
 0001:00027d4c       __unwindfunclet$?ConfigurationDescriptor@USB@@IAEXPAU_USB_CONFIGURATION_DESCRIPTOR@@PAU_STRING_DESCRIPTOR_NODE@@@Z$4 00428d4c f    CIL library: CIL module
 0001:00027d57       __unwindfunclet$?ConfigurationDescriptor@USB@@IAEXPAU_USB_CONFIGURATION_DESCRIPTOR@@PAU_STRING_DESCRIPTOR_NODE@@@Z$5 00428d57 f    CIL library: CIL module
 0001:00027d62       __unwindfunclet$?ConfigurationDescriptor@USB@@IAEXPAU_USB_CONFIGURATION_DESCRIPTOR@@PAU_STRING_DESCRIPTOR_NODE@@@Z$6 00428d62 f    CIL library: CIL module
 0001:00027d6d       __ehhandler$?ConfigurationDescriptor@USB@@IAEXPAU_USB_CONFIGURATION_DESCRIPTOR@@PAU_STRING_DESCRIPTOR_NODE@@@Z 00428d6d f    CIL library: CIL module
 0001:00027da0       __unwindfunclet$?ConnectionInfo@USB@@IAEXPAU_USB_NODE_CONNECTION_INFORMATION_EX@@PAU_STRING_DESCRIPTOR_NODE@@@Z$0 00428da0 f    CIL library: CIL module
 0001:00027dab       __unwindfunclet$?ConnectionInfo@USB@@IAEXPAU_USB_NODE_CONNECTION_INFORMATION_EX@@PAU_STRING_DESCRIPTOR_NODE@@@Z$1 00428dab f    CIL library: CIL module
 0001:00027db6       __unwindfunclet$?ConnectionInfo@USB@@IAEXPAU_USB_NODE_CONNECTION_INFORMATION_EX@@PAU_STRING_DESCRIPTOR_NODE@@@Z$2 00428db6 f    CIL library: CIL module
 0001:00027dc1       __unwindfunclet$?ConnectionInfo@USB@@IAEXPAU_USB_NODE_CONNECTION_INFORMATION_EX@@PAU_STRING_DESCRIPTOR_NODE@@@Z$3 00428dc1 f    CIL library: CIL module
 0001:00027dcc       __unwindfunclet$?ConnectionInfo@USB@@IAEXPAU_USB_NODE_CONNECTION_INFORMATION_EX@@PAU_STRING_DESCRIPTOR_NODE@@@Z$4 00428dcc f    CIL library: CIL module
 0001:00027dd7       __unwindfunclet$?ConnectionInfo@USB@@IAEXPAU_USB_NODE_CONNECTION_INFORMATION_EX@@PAU_STRING_DESCRIPTOR_NODE@@@Z$5 00428dd7 f    CIL library: CIL module
 0001:00027de2       __unwindfunclet$?ConnectionInfo@USB@@IAEXPAU_USB_NODE_CONNECTION_INFORMATION_EX@@PAU_STRING_DESCRIPTOR_NODE@@@Z$6 00428de2 f    CIL library: CIL module
 0001:00027ded       __unwindfunclet$?ConnectionInfo@USB@@IAEXPAU_USB_NODE_CONNECTION_INFORMATION_EX@@PAU_STRING_DESCRIPTOR_NODE@@@Z$7 00428ded f    CIL library: CIL module
 0001:00027df8       __unwindfunclet$?ConnectionInfo@USB@@IAEXPAU_USB_NODE_CONNECTION_INFORMATION_EX@@PAU_STRING_DESCRIPTOR_NODE@@@Z$8 00428df8 f    CIL library: CIL module
 0001:00027e03       __unwindfunclet$?ConnectionInfo@USB@@IAEXPAU_USB_NODE_CONNECTION_INFORMATION_EX@@PAU_STRING_DESCRIPTOR_NODE@@@Z$9 00428e03 f    CIL library: CIL module
 0001:00027e0e       __unwindfunclet$?ConnectionInfo@USB@@IAEXPAU_USB_NODE_CONNECTION_INFORMATION_EX@@PAU_STRING_DESCRIPTOR_NODE@@@Z$10 00428e0e f    CIL library: CIL module
 0001:00027e19       __unwindfunclet$?ConnectionInfo@USB@@IAEXPAU_USB_NODE_CONNECTION_INFORMATION_EX@@PAU_STRING_DESCRIPTOR_NODE@@@Z$11 00428e19 f    CIL library: CIL module
 0001:00027e24       __unwindfunclet$?ConnectionInfo@USB@@IAEXPAU_USB_NODE_CONNECTION_INFORMATION_EX@@PAU_STRING_DESCRIPTOR_NODE@@@Z$12 00428e24 f    CIL library: CIL module
 0001:00027e2f       __unwindfunclet$?ConnectionInfo@USB@@IAEXPAU_USB_NODE_CONNECTION_INFORMATION_EX@@PAU_STRING_DESCRIPTOR_NODE@@@Z$13 00428e2f f    CIL library: CIL module
 0001:00027e3a       __unwindfunclet$?ConnectionInfo@USB@@IAEXPAU_USB_NODE_CONNECTION_INFORMATION_EX@@PAU_STRING_DESCRIPTOR_NODE@@@Z$14 00428e3a f    CIL library: CIL module
 0001:00027e45       __unwindfunclet$?ConnectionInfo@USB@@IAEXPAU_USB_NODE_CONNECTION_INFORMATION_EX@@PAU_STRING_DESCRIPTOR_NODE@@@Z$15 00428e45 f    CIL library: CIL module
 0001:00027e50       __unwindfunclet$?ConnectionInfo@USB@@IAEXPAU_USB_NODE_CONNECTION_INFORMATION_EX@@PAU_STRING_DESCRIPTOR_NODE@@@Z$19 00428e50 f    CIL library: CIL module
 0001:00027e5b       __unwindfunclet$?ConnectionInfo@USB@@IAEXPAU_USB_NODE_CONNECTION_INFORMATION_EX@@PAU_STRING_DESCRIPTOR_NODE@@@Z$18 00428e5b f    CIL library: CIL module
 0001:00027e66       __unwindfunclet$?ConnectionInfo@USB@@IAEXPAU_USB_NODE_CONNECTION_INFORMATION_EX@@PAU_STRING_DESCRIPTOR_NODE@@@Z$17 00428e66 f    CIL library: CIL module
 0001:00027e71       __unwindfunclet$?ConnectionInfo@USB@@IAEXPAU_USB_NODE_CONNECTION_INFORMATION_EX@@PAU_STRING_DESCRIPTOR_NODE@@@Z$16 00428e71 f    CIL library: CIL module
 0001:00027e7c       __unwindfunclet$?ConnectionInfo@USB@@IAEXPAU_USB_NODE_CONNECTION_INFORMATION_EX@@PAU_STRING_DESCRIPTOR_NODE@@@Z$20 00428e7c f    CIL library: CIL module
 0001:00027e87       __unwindfunclet$?ConnectionInfo@USB@@IAEXPAU_USB_NODE_CONNECTION_INFORMATION_EX@@PAU_STRING_DESCRIPTOR_NODE@@@Z$21 00428e87 f    CIL library: CIL module
 0001:00027e92       __ehhandler$?ConnectionInfo@USB@@IAEXPAU_USB_NODE_CONNECTION_INFORMATION_EX@@PAU_STRING_DESCRIPTOR_NODE@@@Z 00428e92 f    CIL library: CIL module
 0001:00027ec0       __unwindfunclet$?HubInfo@USB@@IAEXPAU_USB_HUB_INFORMATION@@@Z$0 00428ec0 f    CIL library: CIL module
 0001:00027ecb       __unwindfunclet$?HubInfo@USB@@IAEXPAU_USB_HUB_INFORMATION@@@Z$1 00428ecb f    CIL library: CIL module
 0001:00027ed6       __unwindfunclet$?HubInfo@USB@@IAEXPAU_USB_HUB_INFORMATION@@@Z$2 00428ed6 f    CIL library: CIL module
 0001:00027ee1       __unwindfunclet$?HubInfo@USB@@IAEXPAU_USB_HUB_INFORMATION@@@Z$3 00428ee1 f    CIL library: CIL module
 0001:00027eec       __unwindfunclet$?HubInfo@USB@@IAEXPAU_USB_HUB_INFORMATION@@@Z$4 00428eec f    CIL library: CIL module
 0001:00027ef7       __unwindfunclet$?HubInfo@USB@@IAEXPAU_USB_HUB_INFORMATION@@@Z$6 00428ef7 f    CIL library: CIL module
 0001:00027f02       __unwindfunclet$?HubInfo@USB@@IAEXPAU_USB_HUB_INFORMATION@@@Z$5 00428f02 f    CIL library: CIL module
 0001:00027f0d       __unwindfunclet$?HubInfo@USB@@IAEXPAU_USB_HUB_INFORMATION@@@Z$7 00428f0d f    CIL library: CIL module
 0001:00027f18       __unwindfunclet$?HubInfo@USB@@IAEXPAU_USB_HUB_INFORMATION@@@Z$8 00428f18 f    CIL library: CIL module
 0001:00027f23       __unwindfunclet$?HubInfo@USB@@IAEXPAU_USB_HUB_INFORMATION@@@Z$9 00428f23 f    CIL library: CIL module
 0001:00027f2e       __ehhandler$?HubInfo@USB@@IAEXPAU_USB_HUB_INFORMATION@@@Z 00428f2e f    CIL library: CIL module
 0001:00027f60       __unwindfunclet$?EnumerateHubPorts@USB@@IAEXPAXK@Z$0 00428f60 f    CIL library: CIL module
 0001:00027f6b       __ehhandler$?EnumerateHubPorts@USB@@IAEXPAXK@Z 00428f6b f    CIL library: CIL module
 0001:00027fa0       __unwindfunclet$?GetSystemIPAddresses@@YAXPAVMonitorIPs@@_N@Z$0 00428fa0 f    CIL library: CIL module
 0001:00027faa       __ehhandler$?GetSystemIPAddresses@@YAXPAVMonitorIPs@@_N@Z 00428faa f    CIL library: CIL module
 0001:00027fd0       __unwindfunclet$?LogicalDrives@@YGIPAX@Z$0 00428fd0 f    CIL library: CIL module
 0001:00027fdd       __ehhandler$?LogicalDrives@@YGIPAX@Z 00428fdd f    CIL library: CIL module
 0001:00028010       __unwindfunclet$?ThreadWMI@@YGIPAX@Z$0 00429010 f    CIL library: CIL module
 0001:0002801d       __unwindfunclet$?ThreadWMI@@YGIPAX@Z$1 0042901d f    CIL library: CIL module
 0001:00028028       __unwindfunclet$?ThreadWMI@@YGIPAX@Z$2 00429028 f    CIL library: CIL module
 0001:00028035       __unwindfunclet$?ThreadWMI@@YGIPAX@Z$3 00429035 f    CIL library: CIL module
 0001:00028040       __unwindfunclet$?ThreadWMI@@YGIPAX@Z$4 00429040 f    CIL library: CIL module
 0001:0002804d       __unwindfunclet$?ThreadWMI@@YGIPAX@Z$5 0042904d f    CIL library: CIL module
 0001:00028058       __unwindfunclet$?ThreadWMI@@YGIPAX@Z$6 00429058 f    CIL library: CIL module
 0001:00028065       __unwindfunclet$?ThreadWMI@@YGIPAX@Z$7 00429065 f    CIL library: CIL module
 0001:00028070       __unwindfunclet$?ThreadWMI@@YGIPAX@Z$8 00429070 f    CIL library: CIL module
 0001:0002807d       __unwindfunclet$?ThreadWMI@@YGIPAX@Z$9 0042907d f    CIL library: CIL module
 0001:00028088       __unwindfunclet$?ThreadWMI@@YGIPAX@Z$10 00429088 f    CIL library: CIL module
 0001:00028095       __unwindfunclet$?ThreadWMI@@YGIPAX@Z$11 00429095 f    CIL library: CIL module
 0001:000280a0       __unwindfunclet$?ThreadWMI@@YGIPAX@Z$12 004290a0 f    CIL library: CIL module
 0001:000280ad       __unwindfunclet$?ThreadWMI@@YGIPAX@Z$13 004290ad f    CIL library: CIL module
 0001:000280b8       __unwindfunclet$?ThreadWMI@@YGIPAX@Z$14 004290b8 f    CIL library: CIL module
 0001:000280c5       __unwindfunclet$?ThreadWMI@@YGIPAX@Z$15 004290c5 f    CIL library: CIL module
 0001:000280d0       __ehhandler$?ThreadWMI@@YGIPAX@Z 004290d0 f    CIL library: CIL module
 0001:00028100       __unwindfunclet$?EnumerateHub@USB@@IAEXPADPAU_USB_NODE_CONNECTION_INFORMATION_EX@@PAU_USB_DESCRIPTOR_REQUEST@@PAU_STRING_DESCRIPTOR_NODE@@0@Z$0 00429100 f    CIL library: CIL module
 0001:0002810b       __ehhandler$?EnumerateHub@USB@@IAEXPADPAU_USB_NODE_CONNECTION_INFORMATION_EX@@PAU_USB_DESCRIPTOR_REQUEST@@PAU_STRING_DESCRIPTOR_NODE@@0@Z 0042910b f    CIL library: CIL module
 0001:00028140       __unwindfunclet$?ThreadUSB@@YGIPAX@Z$0 00429140 f    CIL library: CIL module
 0001:0002814b       __ehhandler$?ThreadUSB@@YGIPAX@Z 0042914b f    CIL library: CIL module
 0001:00028170       __unwindfunclet$?GetWMIStatus@@YAXXZ$0 00429170 f    CIL library: CIL module
 0001:00028178       __unwindfunclet$?GetWMIStatus@@YAXXZ$1 00429178 f    CIL library: CIL module
 0001:00028180       __unwindfunclet$?GetWMIStatus@@YAXXZ$2 00429180 f    CIL library: CIL module
 0001:00028188       __ehhandler$?GetWMIStatus@@YAXXZ 00429188 f    CIL library: CIL module
 0001:000281b0       __unwindfunclet$_WinMain@16$0 004291b0 f    CIL library: CIL module
 0001:000281bb       __unwindfunclet$_WinMain@16$1 004291bb f    CIL library: CIL module
 0001:000281c6       __unwindfunclet$_WinMain@16$2 004291c6 f    CIL library: CIL module
 0001:000281d3       __ehhandler$_WinMain@16    004291d3 f    CIL library: CIL module
 0001:00028210       ??__EPendingThreads@@YAXXZ 00429210 f    CIL library: CIL module
 0001:00028230       ??__EvtMissing@@YAXXZ      00429230 f   comsuppw:comutil.obj
 0001:00028240       ??__FPendingThreads@@YAXXZ 00429240 f    CIL library: CIL module
 0001:00028250       ??__FvtMissing@@YAXXZ      00429250 f   comsuppw:comutil.obj
 0001:0002825c       ??__Fnomem@?5???2@YAPAXI@Z@YAXXZ 0042925c f   LIBCMT:new.obj
